Archive member included to satisfy reference by file (symbol)

../libDaisy/build/libdaisy.a(daisy_pod.o)
                              build/ReactivePedal.o (daisy::DaisyPod::StartAudio(void (*)(float const*, float*, unsigned int)))
../libDaisy/build/libdaisy.a(daisy_seed.o)
                              ../libDaisy/build/libdaisy.a(daisy_pod.o) (daisy::DaisySeed::Configure())
../libDaisy/build/libdaisy.a(codec_ak4556.o)
                              ../libDaisy/build/libdaisy.a(daisy_seed.o) (daisy::Ak4556::Init(dsy_gpio_pin))
../libDaisy/build/libdaisy.a(codec_wm8731.o)
                              ../libDaisy/build/libdaisy.a(daisy_seed.o) (daisy::Wm8731::Init(daisy::Wm8731::Config const&, daisy::I2CHandle))
../libDaisy/build/libdaisy.a(sdram.o)
                              ../libDaisy/build/libdaisy.a(daisy_seed.o) (SdramHandle::Init())
../libDaisy/build/libdaisy.a(audio.o)
                              ../libDaisy/build/libdaisy.a(daisy_seed.o) (daisy::AudioHandle::Init(daisy::AudioHandle::Config const&, daisy::SaiHandle))
../libDaisy/build/libdaisy.a(ctrl.o)
                              ../libDaisy/build/libdaisy.a(daisy_pod.o) (daisy::AnalogControl::Init(unsigned short*, float, bool, bool, float))
../libDaisy/build/libdaisy.a(encoder.o)
                              ../libDaisy/build/libdaisy.a(daisy_pod.o) (daisy::Encoder::Init(dsy_gpio_pin, dsy_gpio_pin, dsy_gpio_pin, float))
../libDaisy/build/libdaisy.a(midi.o)
                              build/ReactivePedal.o (daisy::MidiUartTransport::Config::Config())
../libDaisy/build/libdaisy.a(midi_parser.o)
                              ../libDaisy/build/libdaisy.a(daisy_pod.o) (daisy::MidiParser::Reset())
../libDaisy/build/libdaisy.a(parameter.o)
                              build/ReactivePedal.o (daisy::Parameter::Init(daisy::AnalogControl, float, float, daisy::Parameter::Curve))
../libDaisy/build/libdaisy.a(rgb_led.o)
                              ../libDaisy/build/libdaisy.a(daisy_pod.o) (daisy::RgbLed::Init(dsy_gpio_pin, dsy_gpio_pin, dsy_gpio_pin, bool))
../libDaisy/build/libdaisy.a(switch.o)
                              ../libDaisy/build/libdaisy.a(daisy_pod.o) (daisy::Switch::Init(dsy_gpio_pin, float))
../libDaisy/build/libdaisy.a(adc.o)
                              ../libDaisy/build/libdaisy.a(daisy_pod.o) (daisy::AdcChannelConfig::InitSingle(dsy_gpio_pin, daisy::AdcChannelConfig::ConversionSpeed))
../libDaisy/build/libdaisy.a(gpio.o)
                              ../libDaisy/build/libdaisy.a(daisy_seed.o) (daisy::GPIO::Init(daisy::Pin, daisy::GPIO::Mode, daisy::GPIO::Pull, daisy::GPIO::Speed))
../libDaisy/build/libdaisy.a(i2c.o)
                              ../libDaisy/build/libdaisy.a(daisy_seed.o) (daisy::I2CHandle::Init(daisy::I2CHandle::Config const&))
../libDaisy/build/libdaisy.a(qspi.o)
                              ../libDaisy/build/libdaisy.a(daisy_seed.o) (daisy::QSPIHandle::Init(daisy::QSPIHandle::Config const&))
../libDaisy/build/libdaisy.a(sai.o)
                              ../libDaisy/build/libdaisy.a(daisy_seed.o) (daisy::SaiHandle::Init(daisy::SaiHandle::Config const&))
../libDaisy/build/libdaisy.a(uart.o)
                              ../libDaisy/build/libdaisy.a(daisy_pod.o) (daisy::UartHandler::Init(daisy::UartHandler::Config const&))
../libDaisy/build/libdaisy.a(dma.o)
                              ../libDaisy/build/libdaisy.a(uart.o) (dsy_dma_invalidate_cache_for_buffer)
../libDaisy/build/libdaisy.a(system.o)
                              ../libDaisy/build/libdaisy.a(daisy_seed.o) (daisy::System::DeInit())
../libDaisy/build/libdaisy.a(system_stm32h7xx.o)
                              build/startup_stm32h750xx.o (SystemInit)
../libDaisy/build/libdaisy.a(usbd_conf.o)
                              ../libDaisy/build/libdaisy.a(system.o) (hpcd_USB_OTG_HS)
../libDaisy/build/libdaisy.a(usbh_conf.o)
                              ../libDaisy/build/libdaisy.a(system.o) (hhcd_USB_OTG_HS)
../libDaisy/build/libdaisy.a(color.o)
                              ../libDaisy/build/libdaisy.a(daisy_pod.o) (daisy::Color::Init(daisy::Color::PresetColor))
../libDaisy/build/libdaisy.a(hal_map.o)
                              ../libDaisy/build/libdaisy.a(gpio.o) (dsy_hal_map_get_port)
../libDaisy/build/libdaisy.a(stm32h7xx_hal.o)
                              ../libDaisy/build/libdaisy.a(system.o) (HAL_Init)
../libDaisy/build/libdaisy.a(stm32h7xx_hal_adc.o)
                              ../libDaisy/build/libdaisy.a(adc.o) (HAL_ADC_ConfigChannel)
../libDaisy/build/libdaisy.a(stm32h7xx_hal_adc_ex.o)
                              ../libDaisy/build/libdaisy.a(adc.o) (HAL_ADCEx_Calibration_Start)
../libDaisy/build/libdaisy.a(stm32h7xx_hal_cortex.o)
                              ../libDaisy/build/libdaisy.a(stm32h7xx_hal.o) (HAL_NVIC_SetPriorityGrouping)
../libDaisy/build/libdaisy.a(stm32h7xx_hal_dma.o)
                              ../libDaisy/build/libdaisy.a(adc.o) (HAL_DMA_Init)
../libDaisy/build/libdaisy.a(stm32h7xx_hal_gpio.o)
[...]
Memory Configuration

Name             Origin             Length             Attributes
FLASH            0x08000000         0x00020000         xr
DTCMRAM          0x20000000         0x00020000         xrw
SRAM             0x24000000         0x00080000         xrw
RAM_D2           0x30000000         0x00048000         xrw
RAM_D3           0x38000000         0x00010000         xrw
BACKUP_SRAM      0x38800000         0x00001000         xrw
ITCMRAM          0x00000000         0x00010000         xrw
SDRAM            0xc0000000         0x04000000         xrw
QSPIFLASH        0x90000000         0x00800000         xr
*default*        0x00000000         0xffffffff

Linker script and memory map

LOAD /Applications/ArmGNUToolchain/15.2.rel1/arm-none-eabi/bin/../lib/gcc/arm-none-eabi/15.2.1/thumb/v7e-m+dp/hard/crti.o
LOAD /Applications/ArmGNUToolchain/15.2.rel1/arm-none-eabi/bin/../lib/gcc/arm-none-eabi/15.2.1/thumb/v7e-m+dp/hard/crtbegin.o
LOAD /Applications/ArmGNUToolchain/15.2.rel1/arm-none-eabi/bin/../lib/gcc/arm-none-eabi/15.2.1/../../../../arm-none-eabi/lib/thumb/v7e-m+dp/hard/crt0.o
LOAD build/startup_stm32h750xx.o
LOAD build/ReactivePedal.o
LOAD ../libDaisy/build/libdaisy.a
LOAD /Applications/ArmGNUToolchain/15.2.rel1/arm-none-eabi/bin/../lib/gcc/arm-none-eabi/15.2.1/../../../../arm-none-eabi/lib/thumb/v7e-m+dp/hard/libnosys.a
LOAD ../DaisySP/build/libdaisysp.a
LOAD /Applications/ArmGNUToolchain/15.2.rel1/arm-none-eabi/bin/../lib/gcc/arm-none-eabi/15.2.1/../../../../arm-none-eabi/lib/thumb/v7e-m+dp/hard/libstdc++_nano.a
LOAD /Applications/ArmGNUToolchain/15.2.rel1/arm-none-eabi/bin/../lib/gcc/arm-none-eabi/15.2.1/../../../../arm-none-eabi/lib/thumb/v7e-m+dp/hard/libm.a
LOAD /Applications/ArmGNUToolchain/15.2.rel1/arm-none-eabi/bin/../lib/gcc/arm-none-eabi/15.2.1/../../../../arm-none-eabi/lib/thumb/v7e-m+dp/hard/libc_nano.a
START GROUP
LOAD /Applications/ArmGNUToolchain/15.2.rel1/arm-none-eabi/bin/../lib/gcc/arm-none-eabi/15.2.1/thumb/v7e-m+dp/hard/libgcc.a
LOAD /Applications/ArmGNUToolchain/15.2.rel1/arm-none-eabi/bin/../lib/gcc/arm-none-eabi/15.2.1/../../../../arm-none-eabi/lib/thumb/v7e-m+dp/hard/libc_nano.a
END GROUP
START GROUP
LOAD /Applications/ArmGNUToolchain/15.2.rel1/arm-none-eabi/bin/../lib/gcc/arm-none-eabi/15.2.1/thumb/v7e-m+dp/hard/libgcc.a
LOAD /Applications/ArmGNUToolchain/15.2.rel1/arm-none-eabi/bin/../lib/gcc/arm-none-eabi/15.2.1/../../../../arm-none-eabi/lib/thumb/v7e-m+dp/hard/libc_nano.a
LOAD /Applications/ArmGNUToolchain/15.2.rel1/arm-none-eabi/bin/../lib/gcc/arm-none-eabi/15.2.1/../../../../arm-none-eabi/lib/thumb/v7e-m+dp/hard/libnosys.a
END GROUP
START GROUP
LOAD /Applications/ArmGNUToolchain/15.2.rel1/arm-none-eabi/bin/../lib/gcc/arm-none-eabi/15.2.1/thumb/v7e-m+dp/hard/libgcc.a
LOAD /Applications/ArmGNUToolchain/15.2.rel1/arm-none-eabi/bin/../lib/gcc/arm-none-eabi/15.2.1/../../../../arm-none-eabi/lib/thumb/v7e-m+dp/hard/libc_nano.a
LOAD /Applications/ArmGNUToolchain/15.2.rel1/arm-none-eabi/bin/../lib/gcc/arm-none-eabi/15.2.1/../../../../arm-none-eabi/lib/thumb/v7e-m+dp/hard/libnosys.a
END GROUP
LOAD /Applications/ArmGNUToolchain/15.2.rel1/arm-none-eabi/bin/../lib/gcc/arm-none-eabi/15.2.1/thumb/v7e-m+dp/hard/crtend.o
LOAD /Applications/ArmGNUToolchain/15.2.rel1/arm-none-eabi/bin/../lib/gcc/arm-none-eabi/15.2.1/thumb/v7e-m+dp/hard/crtn.o
                0x20020000                        _estack = 0x20020000

.isr_vector     0x08000000      0x298
                0x08000000                        . = ALIGN (0x4)
 *(.isr_vector)
 .isr_vector    0x08000000      0x298 build/startup_stm32h750xx.o
                0x08000000                g_pfnVectors
                0x08000298                        . = ALIGN (0x4)

.text           0x08000298    0x11f20
                0x08000298                        . = ALIGN (0x4)
                0x08000298                        _stext = .
 *(.text)
 .text          0x08000298       0x30 /Applications/ArmGNUToolchain/15.2.rel1/arm-none-eabi/bin/../lib/gcc/arm-none-eabi/15.2.1/thumb/v7e-m+dp/hard/libgcc.a(_aeabi_uldivmod.o)
                0x08000298                __aeabi_uldivmod
 .text          0x080002c8        0x4 /Applications/ArmGNUToolchain/15.2.rel1/arm-none-eabi/bin/../lib/gcc/arm-none-eabi/15.2.1/thumb/v7e-m+dp/hard/libgcc.a(_dvmd_tls.o)
                0x080002c8                __aeabi_ldiv0
                0x080002c8                __aeabi_idiv0
 *(.text*)
 .text.deregister_tm_clones
                0x080002cc       0x1c /Applications/ArmGNUToolchain/15.2.rel1/arm-none-eabi/bin/../lib/gcc/arm-none-eabi/15.2.1/thumb/v7e-m+dp/hard/crtbegin.o
 .text.register_tm_clones
                0x080002e8       0x24 /Applications/ArmGNUToolchain/15.2.rel1/arm-none-eabi/bin/../lib/gcc/arm-none-eabi/15.2.1/thumb/v7e-m+dp/hard/crtbegin.o
 .text.__do_global_dtors_aux
                0x0800030c       0x28 /Applications/ArmGNUToolchain/15.2.rel1/arm-none-eabi/bin/../lib/gcc/arm-none-eabi/15.2.1/thumb/v7e-m+dp/hard/crtbegin.o
 .text.frame_dummy
                0x08000334       0x24 /Applications/ArmGNUToolchain/15.2.rel1/arm-none-eabi/bin/../lib/gcc/arm-none-eabi/15.2.1/thumb/v7e-m+dp/hard/crtbegin.o
 .text.Default_Handler
                0x08000358        0x4 build/startup_stm32h750xx.o
                0x08000358                SAI1_IRQHandler
                0x08000358                HASH_RNG_IRQHandler
                0x08000358                EXTI2_IRQHandler
                0x08000358                TIM8_CC_IRQHandler
                0x08000358                HRTIM1_Master_IRQHandler
                0x08000358                DebugMon_Handler
                0x08000358                TIM1_CC_IRQHandler
                0x08000358                BDMA_Channel6_IRQHandler
                0x08000358                DMA2_Stream5_IRQHandler
                0x08000358                HRTIM1_FLT_IRQHandler
                0x08000358                JPEG_IRQHandler
                0x08000358                BDMA_Channel1_IRQHandler
                0x08000358                HRTIM1_TIMD_IRQHandler
                0x08000358                TAMP_STAMP_IRQHandler
                0x08000358                PendSV_Handler
                0x08000358                NMI_Handler
                0x08000358                EXTI3_IRQHandler
                0x08000358                LPTIM4_IRQHandler
                0x08000358                TIM8_TRG_COM_TIM14_IRQHandler
                0x08000358                LPTIM2_IRQHandler
                0x08000358                DFSDM1_FLT1_IRQHandler
                0x08000358                DMAMUX2_OVR_IRQHandler
                0x08000358                TIM8_UP_TIM13_IRQHandler
                0x08000358                I2C3_ER_IRQHandler
                0x08000358                DFSDM1_FLT2_IRQHandler
                0x08000358                MDMA_IRQHandler
                0x08000358                LPTIM3_IRQHandler
                0x08000358                HSEM1_IRQHandler
                0x08000358                EXTI0_IRQHandler
                0x08000358                FPU_IRQHandler
                0x08000358                OTG_HS_WKUP_IRQHandler
                0x08000358                FDCAN1_IT1_IRQHandler
                0x08000358                UsageFault_Handler
                0x08000358                LTDC_ER_IRQHandler
                0x08000358                HRTIM1_TIME_IRQHandler
                0x08000358                TIM6_DAC_IRQHandler
                0x08000358                DCMI_IRQHandler
                0x08000358                HRTIM1_TIMC_IRQHandler
                0x08000358                SAI2_IRQHandler
                0x08000358                DFSDM1_FLT3_IRQHandler
                0x08000358                TIM17_IRQHandler
                0x08000358                CRYP_IRQHandler
                0x08000358                BDMA_Channel7_IRQHandler
                0x08000358                LPTIM5_IRQHandler
                0x08000358                ADC3_IRQHandler
                0x08000358                DMA2_Stream0_IRQHandler
                0x08000358                BDMA_Channel2_IRQHandler
                0x08000358                DMAMUX1_OVR_IRQHandler
                0x08000358                TIM16_IRQHandler
                0x08000358                BDMA_Channel5_IRQHandler
                0x08000358                RCC_IRQHandler
                0x08000358                TIM8_BRK_TIM12_IRQHandler
                0x08000358                TIM1_TRG_COM_IRQHandler
                0x08000358                Default_Handler
                0x08000358                ECC_IRQHandler
                0x08000358                CEC_IRQHandler
                0x08000358                EXTI15_10_IRQHandler
                0x08000358                BDMA_Channel0_IRQHandler
                0x08000358                ADC_IRQHandler
                0x08000358                DMA1_Stream7_IRQHandler
                0x08000358                HRTIM1_TIMA_IRQHandler
                0x08000358                TIM7_IRQHandler
                0x08000358                SDMMC1_IRQHandler
                0x08000358                DMA2_Stream7_IRQHandler
                0x08000358                TIM15_IRQHandler
                0x08000358                PVD_AVD_IRQHandler
                0x08000358                EXTI9_5_IRQHandler
                0x08000358                RTC_WKUP_IRQHandler
                0x08000358                LTDC_IRQHandler
                0x08000358                SAI3_IRQHandler
                0x08000358                ETH_WKUP_IRQHandler
                0x08000358                SPDIF_RX_IRQHandler
                0x08000358                MemManage_Handler
                0x08000358                SVC_Handler
                0x08000358                CRS_IRQHandler
                0x08000358                EXTI4_IRQHandler
                0x08000358                HRTIM1_TIMB_IRQHandler
                0x08000358                FDCAN2_IT1_IRQHandler
                0x08000358                ETH_IRQHandler
                0x08000358                TIM1_UP_IRQHandler
                0x08000358                BDMA_Channel4_IRQHandler
                0x08000358                WWDG_IRQHandler
                0x08000358                SPI6_IRQHandler
                0x08000358                I2C4_EV_IRQHandler
                0x08000358                MDIOS_IRQHandler
                0x08000358                FDCAN2_IT0_IRQHandler
                0x08000358                FDCAN1_IT0_IRQHandler
                0x08000358                OTG_FS_WKUP_IRQHandler
                0x08000358                DMA2D_IRQHandler
                0x08000358                TIM1_BRK_IRQHandler
                0x08000358                EXTI1_IRQHandler
                0x08000358                SDMMC2_IRQHandler
                0x08000358                OTG_FS_EP1_OUT_IRQHandler
                0x08000358                BDMA_Channel3_IRQHandler
                0x08000358                MDIOS_WKUP_IRQHandler
                0x08000358                DFSDM1_FLT0_IRQHandler
                0x08000358                SAI4_IRQHandler
                0x08000358                I2C2_ER_IRQHandler
                0x08000358                DMA2_Stream1_IRQHandler
                0x08000358                FLASH_IRQHandler
                0x08000358                BusFault_Handler
                0x08000358                OTG_FS_IRQHandler
                0x08000358                WAKEUP_PIN_IRQHandler
                0x08000358                OTG_FS_EP1_IN_IRQHandler
                0x08000358                I2C1_ER_IRQHandler
                0x08000358                FMC_IRQHandler
                0x08000358                FDCAN_CAL_IRQHandler
                0x08000358                SWPMI1_IRQHandler
                0x08000358                COMP1_IRQHandler
                0x08000358                LPTIM1_IRQHandler
                0x08000358                I2C4_ER_IRQHandler
                0x08000358                DMA2_Stream6_IRQHandler
                0x08000358                RTC_Alarm_IRQHandler
 .text.Reset_Handler
                0x0800035c       0x48 build/startup_stm32h750xx.o
                0x0800035c                Reset_Handler
 .text._ZL13ScheduleStrumif
                0x080003a4      0x130 build/ReactivePedal.o
 .text._ZL10ApplyChordv
                0x080004d4       0x58 build/ReactivePedal.o
 .text._ZL13AudioCallbackPKfPfj
                0x0800052c      0x528 build/ReactivePedal.o
 .text.startup.main
                0x08000a54       0xf0 build/ReactivePedal.o
                0x08000a54                main
 .text.startup._GLOBAL__sub_I_hw
                0x08000b44       0x44 build/ReactivePedal.o
 .text._ZN5daisy8DaisyPod10StartAudioEPFvPKfPfjE
                0x08000b88        0x4 ../libDaisy/build/libdaisy.a(daisy_pod.o)
                0x08000b88                daisy::DaisyPod::StartAudio(void (*)(float const*, float*, unsigned int))
 .text._ZN5daisy8DaisyPod17SetAudioBlockSizeEj
                0x08000b8c       0x28 ../libDaisy/build/libdaisy.a(daisy_pod.o)
                0x08000b8c                daisy::DaisyPod::SetAudioBlockSize(unsigned int)
 .text._ZN5daisy8DaisyPod15AudioSampleRateEv
                0x08000bb4        0x4 ../libDaisy/build/libdaisy.a(daisy_pod.o)
                0x08000bb4                daisy::DaisyPod::AudioSampleRate()
 .text._ZN5daisy8DaisyPod8StartAdcEv
                0x08000bb8        0x8 ../libDaisy/build/libdaisy.a(daisy_pod.o)
                0x08000bb8                daisy::DaisyPod::StartAdc()
 .text._ZN5daisy8DaisyPod21ProcessAnalogControlsEv
                0x08000bc0       0x18 ../libDaisy/build/libdaisy.a(daisy_pod.o)
                0x08000bc0                daisy::DaisyPod::ProcessAnalogControls()
 .text._ZN5daisy8DaisyPod22ProcessDigitalControlsEv
                0x08000bd8       0x20 ../libDaisy/build/libdaisy.a(daisy_pod.o)
                0x08000bd8                daisy::DaisyPod::ProcessDigitalControls()
 .text._ZN5daisy8DaisyPod10UpdateLedsEv
                0x08000bf8       0x18 ../libDaisy/build/libdaisy.a(daisy_pod.o)
                0x08000bf8                daisy::DaisyPod::UpdateLeds()
 .text._ZN5daisy8DaisyPod8InitLedsEv
                0x08000c10       0x9c ../libDaisy/build/libdaisy.a(daisy_pod.o)
                0x08000c10                daisy::DaisyPod::InitLeds()
 .text._ZN5daisy8DaisyPod9InitKnobsEv
                0x08000cac       0x98 ../libDaisy/build/libdaisy.a(daisy_pod.o)
                0x08000cac                daisy::DaisyPod::InitKnobs()
 .text._ZN5daisy8DaisyPod4InitEb
                0x08000d44      0x120 ../libDaisy/build/libdaisy.a(daisy_pod.o)
                0x08000d44                daisy::DaisyPod::Init(bool)
 .text._ZN5daisy9DaisySeed9ConfigureEv
                0x08000e64        0x4 ../libDaisy/build/libdaisy.a(daisy_seed.o)
                0x08000e64                daisy::DaisySeed::Configure()
 .text._ZN5daisy9DaisySeed10StartAudioEPFvPKfPfjE
                0x08000e68        0x8 ../libDaisy/build/libdaisy.a(daisy_seed.o)
                0x08000e68                daisy::DaisySeed::StartAudio(void (*)(float const*, float*, unsigned int))
 .text._ZN5daisy9DaisySeed15AudioSampleRateEv
                0x08000e70        0x8 ../libDaisy/build/libdaisy.a(daisy_seed.o)
                0x08000e70                daisy::DaisySeed::AudioSampleRate()
 .text._ZN5daisy9DaisySeed17SetAudioBlockSizeEj
                0x08000e78       0x38 ../libDaisy/build/libdaisy.a(daisy_seed.o)
                0x08000e78                daisy::DaisySeed::SetAudioBlockSize(unsigned int)
 .text._ZNK5daisy9DaisySeed17AudioCallbackRateEv
                0x08000eb0        0x8 ../libDaisy/build/libdaisy.a(daisy_seed.o)
                0x08000eb0                daisy::DaisySeed::AudioCallbackRate() const
 .text._ZN5daisy9DaisySeed17CheckBoardVersionEv
                0x08000eb8       0x68 ../libDaisy/build/libdaisy.a(daisy_seed.o)
                0x08000eb8                daisy::DaisySeed::CheckBoardVersion()
 .text._ZN5daisy9DaisySeed14ConfigureAudioEv
                0x08000f20      0x100 ../libDaisy/build/libdaisy.a(daisy_seed.o)
                0x08000f20                daisy::DaisySeed::ConfigureAudio()
 .text._ZN5daisy9DaisySeed4InitEb
                0x08001020       0xf4 ../libDaisy/build/libdaisy.a(daisy_seed.o)
                0x08001020                daisy::DaisySeed::Init(bool)
 .text._ZN5daisy6Ak45564InitE12dsy_gpio_pin
                0x08001114       0x3c ../libDaisy/build/libdaisy.a(codec_ak4556.o)
                0x08001114                daisy::Ak4556::Init(dsy_gpio_pin)
 .text._ZN5daisy6Wm873120WriteControlRegisterEht
                0x08001150       0x3c ../libDaisy/build/libdaisy.a(codec_wm8731.o)
                0x08001150                daisy::Wm8731::WriteControlRegister(unsigned char, unsigned short)
 .text._ZN5daisy6Wm87314InitERKNS0_6ConfigENS_9I2CHandleE
                0x0800118c      0x1b0 ../libDaisy/build/libdaisy.a(codec_wm8731.o)
                0x0800118c                daisy::Wm8731::Init(daisy::Wm8731::Config const&, daisy::I2CHandle)
 .text._ZN11SdramHandle10DeviceInitEv
                0x0800133c       0x88 ../libDaisy/build/libdaisy.a(sdram.o)
                0x0800133c                SdramHandle::DeviceInit()
 *fill*         0x080013c4        0x4 
 .text._ZN11SdramHandle4InitEv
                0x080013c8       0x88 ../libDaisy/build/libdaisy.a(sdram.o)
                0x080013c8                SdramHandle::Init()
 .text.HAL_SDRAM_MspInit
                0x08001450      0x19c ../libDaisy/build/libdaisy.a(sdram.o)
                0x08001450                HAL_SDRAM_MspInit
 .text._ZN5daisy11AudioHandle4Impl16InternalCallbackEPlS2_j
                0x080015ec      0xdac ../libDaisy/build/libdaisy.a(audio.o)
                0x080015ec                daisy::AudioHandle::Impl::InternalCallback(long*, long*, unsigned int)
 .text._ZN5daisy11AudioHandle4InitERKNS0_6ConfigENS_9SaiHandleE
                0x08002398       0x74 ../libDaisy/build/libdaisy.a(audio.o)
                0x08002398                daisy::AudioHandle::Init(daisy::AudioHandle::Config const&, daisy::SaiHandle)
 .text._ZNK5daisy11AudioHandle9GetConfigEv
                0x0800240c        0x8 ../libDaisy/build/libdaisy.a(audio.o)
                0x0800240c                daisy::AudioHandle::GetConfig() const
 .text._ZN5daisy11AudioHandle12SetBlockSizeEj
                0x08002414       0x1c ../libDaisy/build/libdaisy.a(audio.o)
                0x08002414                daisy::AudioHandle::SetBlockSize(unsigned int)
 .text._ZN5daisy11AudioHandle13GetSampleRateEv
                0x08002430        0x8 ../libDaisy/build/libdaisy.a(audio.o)
                0x08002430                daisy::AudioHandle::GetSampleRate()
 .text._ZN5daisy11AudioHandle5StartEPFvPKfPfjE
                0x08002438       0x2c ../libDaisy/build/libdaisy.a(audio.o)
                0x08002438                daisy::AudioHandle::Start(void (*)(float const*, float*, unsigned int))
 .text.startup._GLOBAL__sub_I__ZN5daisy11AudioHandle4Impl4InitENS0_6ConfigENS_9SaiHandleE
                0x08002464       0x20 ../libDaisy/build/libdaisy.a(audio.o)
 .text._ZN5daisy13AnalogControl4InitEPtfbbf
                0x08002484       0x5c ../libDaisy/build/libdaisy.a(ctrl.o)
                0x08002484                daisy::AnalogControl::Init(unsigned short*, float, bool, bool, float)
 .text._ZN5daisy13AnalogControl7ProcessEv
                0x080024e0       0x48 ../libDaisy/build/libdaisy.a(ctrl.o)
                0x080024e0                daisy::AnalogControl::Process()
 .text._ZN5daisy13AnalogControl13SetSampleRateEf
                0x08002528       0x50 ../libDaisy/build/libdaisy.a(ctrl.o)
                0x08002528                daisy::AnalogControl::SetSampleRate(float)
 .text._ZN5daisy7Encoder4InitE12dsy_gpio_pinS1_S1_f
                0x08002578       0x60 ../libDaisy/build/libdaisy.a(encoder.o)
                0x08002578                daisy::Encoder::Init(dsy_gpio_pin, dsy_gpio_pin, dsy_gpio_pin, float)
 .text._ZN5daisy7Encoder8DebounceEv
                0x080025d8       0x84 ../libDaisy/build/libdaisy.a(encoder.o)
                0x080025d8                daisy::Encoder::Debounce()
 .text._ZN5daisy17MidiUartTransport6ConfigC2Ev
                0x0800265c       0x28 ../libDaisy/build/libdaisy.a(midi.o)
                0x0800265c                daisy::MidiUartTransport::Config::Config()
                0x0800265c                daisy::MidiUartTransport::Config::Config()
 .text._ZN5daisy10MidiParser5ResetEv
                0x08002684        0xc ../libDaisy/build/libdaisy.a(midi_parser.o)
                0x08002684                daisy::MidiParser::Reset()
 .text._ZN5daisy9Parameter4InitENS_13AnalogControlEffNS0_5CurveE
                0x08002690       0x5c ../libDaisy/build/libdaisy.a(parameter.o)
                0x08002690                daisy::Parameter::Init(daisy::AnalogControl, float, float, daisy::Parameter::Curve)
 .text._ZN5daisy9Parameter7ProcessEv
                0x080026ec       0xbc ../libDaisy/build/libdaisy.a(parameter.o)
                0x080026ec                daisy::Parameter::Process()
 .text._ZN5daisy6RgbLed4InitE12dsy_gpio_pinS1_S1_b
                0x080027a8       0x58 ../libDaisy/build/libdaisy.a(rgb_led.o)
                0x080027a8                daisy::RgbLed::Init(dsy_gpio_pin, dsy_gpio_pin, dsy_gpio_pin, bool)
 .text._ZN5daisy6RgbLed3SetEfff
                0x08002800       0x30 ../libDaisy/build/libdaisy.a(rgb_led.o)
                0x08002800                daisy::RgbLed::Set(float, float, float)
 .text._ZN5daisy6RgbLed8SetColorENS_5ColorE
                0x08002830       0x2c ../libDaisy/build/libdaisy.a(rgb_led.o)
                0x08002830                daisy::RgbLed::SetColor(daisy::Color)
 .text._ZN5daisy6RgbLed6UpdateEv
                0x0800285c       0x1c ../libDaisy/build/libdaisy.a(rgb_led.o)
                0x0800285c                daisy::RgbLed::Update()
 .text._ZN5daisy6Switch4InitE12dsy_gpio_pinf
                0x08002878       0x30 ../libDaisy/build/libdaisy.a(switch.o)
                0x08002878                daisy::Switch::Init(dsy_gpio_pin, float)
 .text._ZN5daisy6Switch8DebounceEv
                0x080028a8       0x68 ../libDaisy/build/libdaisy.a(switch.o)
                0x080028a8                daisy::Switch::Debounce()
 .text._ZN5daisy16AdcChannelConfig10InitSingleE12dsy_gpio_pinNS0_15ConversionSpeedE
                0x08002910       0x24 ../libDaisy/build/libdaisy.a(adc.o)
                0x08002910                daisy::AdcChannelConfig::InitSingle(dsy_gpio_pin, daisy::AdcChannelConfig::ConversionSpeed)
 .text._ZN5daisy9AdcHandle4InitEPNS_16AdcChannelConfigEjNS0_12OverSamplingE
                0x08002934      0x3f0 ../libDaisy/build/libdaisy.a(adc.o)
                0x08002934                daisy::AdcHandle::Init(daisy::AdcChannelConfig*, unsigned int, daisy::AdcHandle::OverSampling)
 .text._ZN5daisy9AdcHandle5StartEv
                0x08002d24       0x28 ../libDaisy/build/libdaisy.a(adc.o)
                0x08002d24                daisy::AdcHandle::Start()
 .text._ZNK5daisy9AdcHandle6GetPtrEh
                0x08002d4c       0x18 ../libDaisy/build/libdaisy.a(adc.o)
                0x08002d4c                daisy::AdcHandle::GetPtr(unsigned char) const
 .text.HAL_ADC_MspInit
                0x08002d64       0x9c ../libDaisy/build/libdaisy.a(adc.o)
                0x08002d64                HAL_ADC_MspInit
 .text.DMA1_Stream2_IRQHandler
                0x08002e00        0xc ../libDaisy/build/libdaisy.a(adc.o)
                0x08002e00                DMA1_Stream2_IRQHandler
 .text.HAL_ADC_ConvCpltCallback
                0x08002e0c      0x130 ../libDaisy/build/libdaisy.a(adc.o)
                0x08002e0c                HAL_ADC_ConvCpltCallback
 .text.HAL_ADC_ErrorCallback
                0x08002f3c        0x4 ../libDaisy/build/libdaisy.a(adc.o)
                0x08002f3c                HAL_ADC_ErrorCallback
 .text._ZN5daisy4GPIO4InitENS_3PinENS0_4ModeENS0_4PullENS0_5SpeedE
                0x08002f40      0x224 ../libDaisy/build/libdaisy.a(gpio.o)
                0x08002f40                daisy::GPIO::Init(daisy::Pin, daisy::GPIO::Mode, daisy::GPIO::Pull, daisy::GPIO::Speed)
 .text._ZN5daisy4GPIO4ReadEv
                0x08003164       0x18 ../libDaisy/build/libdaisy.a(gpio.o)
                0x08003164                daisy::GPIO::Read()
 .text._ZN5daisy4GPIO5WriteEb
                0x0800317c       0x14 ../libDaisy/build/libdaisy.a(gpio.o)
                0x0800317c                daisy::GPIO::Write(bool)
 .text.dsy_gpio_init
                0x08003190      0x1bc ../libDaisy/build/libdaisy.a(gpio.o)
                0x08003190                dsy_gpio_init
 .text.dsy_gpio_read
                0x0800334c       0x1c ../libDaisy/build/libdaisy.a(gpio.o)
                0x0800334c                dsy_gpio_read
 .text.dsy_gpio_write
                0x08003368       0x24 ../libDaisy/build/libdaisy.a(gpio.o)
                0x08003368                dsy_gpio_write
 .text._ZN5daisy9I2CHandle4Impl8InitPinsEv
                0x0800338c       0x50 ../libDaisy/build/libdaisy.a(i2c.o)
                0x0800338c                daisy::I2CHandle::Impl::InitPins()
 .text.HAL_I2C_MspInit
                0x080033dc      0x1c8 ../libDaisy/build/libdaisy.a(i2c.o)
                0x080033dc                HAL_I2C_MspInit
 .text.dsy_i2c_global_init
                0x080035a4       0x40 ../libDaisy/build/libdaisy.a(i2c.o)
                0x080035a4                dsy_i2c_global_init
 .text.DMA1_Stream6_IRQHandler
                0x080035e4       0x40 ../libDaisy/build/libdaisy.a(i2c.o)
                0x080035e4                DMA1_Stream6_IRQHandler
 .text.I2C1_EV_IRQHandler
                0x08003624        0xc ../libDaisy/build/libdaisy.a(i2c.o)
                0x08003624                I2C1_EV_IRQHandler
 .text.I2C2_EV_IRQHandler
                0x08003630        0xc ../libDaisy/build/libdaisy.a(i2c.o)
                0x08003630                I2C2_EV_IRQHandler
 .text.I2C3_EV_IRQHandler
                0x0800363c        0xc ../libDaisy/build/libdaisy.a(i2c.o)
                0x0800363c                I2C3_EV_IRQHandler
 .text._ZN5daisy9I2CHandle4InitERKNS0_6ConfigE
                0x08003648      0x134 ../libDaisy/build/libdaisy.a(i2c.o)
                0x08003648                daisy::I2CHandle::Init(daisy::I2CHandle::Config const&)
 .text._ZN5daisy9I2CHandle16TransmitBlockingEtPhtm
                0x0800377c       0x50 ../libDaisy/build/libdaisy.a(i2c.o)
                0x0800377c                daisy::I2CHandle::TransmitBlocking(unsigned short, unsigned char*, unsigned short, unsigned long)
 .text.startup._GLOBAL__sub_I__ZN5daisy9I2CHandle4Impl10GlobalInitEv
                0x080037cc       0x18 ../libDaisy/build/libdaisy.a(i2c.o)
 .text._ZN5daisy10QSPIHandle4Impl11WriteEnableEv
                0x080037e4       0x8c ../libDaisy/build/libdaisy.a(qspi.o)
                0x080037e4                daisy::QSPIHandle::Impl::WriteEnable()
 .text._ZN5daisy10QSPIHandle4Impl17DummyCyclesConfigENS0_6Config6DeviceE
                0x08003870      0x108 ../libDaisy/build/libdaisy.a(qspi.o)
                0x08003870                daisy::QSPIHandle::Impl::DummyCyclesConfig(daisy::QSPIHandle::Config::Device)
 .text._ZN5daisy10QSPIHandle4Impl10QuadEnableEv
                0x08003978      0x13c ../libDaisy/build/libdaisy.a(qspi.o)
                0x08003978                daisy::QSPIHandle::Impl::QuadEnable()
 *fill*         0x08003ab4        0x4 
 .text._ZN5daisy10QSPIHandle4InitERKNS0_6ConfigE
                0x08003ab8      0x188 ../libDaisy/build/libdaisy.a(qspi.o)
                0x08003ab8                daisy::QSPIHandle::Init(daisy::QSPIHandle::Config const&)
 .text.HAL_QSPI_MspInit
                0x08003c40      0x110 ../libDaisy/build/libdaisy.a(qspi.o)
                0x08003c40                HAL_QSPI_MspInit
 .text.HAL_QSPI_MspDeInit
                0x08003d50       0x54 ../libDaisy/build/libdaisy.a(qspi.o)
                0x08003d50                HAL_QSPI_MspDeInit
 .text.QUADSPI_IRQHandler
                0x08003da4        0xc ../libDaisy/build/libdaisy.a(qspi.o)
                0x08003da4                QUADSPI_IRQHandler
 .text.startup._GLOBAL__sub_I__ZN5daisy10QSPIHandle4Impl4InitERKNS0_6ConfigE
                0x08003db0       0x24 ../libDaisy/build/libdaisy.a(qspi.o)
 .text._ZN5daisy9SaiHandle4Impl8InitPinsEv
                0x08003dd4       0xa0 ../libDaisy/build/libdaisy.a(sai.o)
                0x08003dd4                daisy::SaiHandle::Impl::InitPins()
 .text.HAL_SAI_MspInit
                0x08003e74      0x2e0 ../libDaisy/build/libdaisy.a(sai.o)
                0x08003e74                HAL_SAI_MspInit
 .text.DMA1_Stream0_IRQHandler
                0x08004154        0xc ../libDaisy/build/libdaisy.a(sai.o)
                0x08004154                DMA1_Stream0_IRQHandler
 .text.DMA1_Stream1_IRQHandler
                0x08004160        0xc ../libDaisy/build/libdaisy.a(sai.o)
                0x08004160                DMA1_Stream1_IRQHandler
 .text.DMA1_Stream3_IRQHandler
                0x0800416c        0xc ../libDaisy/build/libdaisy.a(sai.o)
                0x0800416c                DMA1_Stream3_IRQHandler
 .text.DMA1_Stream4_IRQHandler
                0x08004178        0xc ../libDaisy/build/libdaisy.a(sai.o)
                0x08004178                DMA1_Stream4_IRQHandler
 .text.HAL_SAI_RxHalfCpltCallback
                0x08004184       0x78 ../libDaisy/build/libdaisy.a(sai.o)
                0x08004184                HAL_SAI_RxHalfCpltCallback
 .text.HAL_SAI_RxCpltCallback
                0x080041fc       0x70 ../libDaisy/build/libdaisy.a(sai.o)
                0x080041fc                HAL_SAI_RxCpltCallback
 *fill*         0x0800426c        0x4 
 .text._ZN5daisy9SaiHandle4InitERKNS0_6ConfigE
                0x08004270      0x1fc ../libDaisy/build/libdaisy.a(sai.o)
                0x08004270                daisy::SaiHandle::Init(daisy::SaiHandle::Config const&)
 .text._ZNK5daisy9SaiHandle9GetConfigEv
                0x0800446c        0x4 ../libDaisy/build/libdaisy.a(sai.o)
                0x0800446c                daisy::SaiHandle::GetConfig() const
 .text._ZN5daisy9SaiHandle8StartDmaEPlS1_jPFvS1_S1_jE
                0x08004470       0xb4 ../libDaisy/build/libdaisy.a(sai.o)
                0x08004470                daisy::SaiHandle::StartDma(long*, long*, unsigned int, void (*)(long*, long*, unsigned int))
 .text._ZN5daisy9SaiHandle13GetSampleRateEv
                0x08004524       0x24 ../libDaisy/build/libdaisy.a(sai.o)
                0x08004524                daisy::SaiHandle::GetSampleRate()
 .text._ZNK5daisy9SaiHandle9GetOffsetEv
                0x08004548        0x8 ../libDaisy/build/libdaisy.a(sai.o)
                0x08004548                daisy::SaiHandle::GetOffset() const
 .text._ZL20UART_CheckRxListenerPN5daisy11UartHandler4ImplE
                0x08004550       0x88 ../libDaisy/build/libdaisy.a(uart.o)
 .text._ZN5daisy11UartHandler4Impl10StartDmaTxEPhjPFvPvEPFvS3_NS0_6ResultEES3_
                0x080045d8      0x16c ../libDaisy/build/libdaisy.a(uart.o)
                0x080045d8                daisy::UartHandler::Impl::StartDmaTx(unsigned char*, unsigned int, void (*)(void*), void (*)(void*, daisy::UartHandler::Result), void*)
 .text._ZN5daisy11UartHandler4Impl10StartDmaRxEPhjPFvPvEPFvS3_NS0_6ResultEES3_
                0x08004744      0x16c ../libDaisy/build/libdaisy.a(uart.o)
                0x08004744                daisy::UartHandler::Impl::StartDmaRx(unsigned char*, unsigned int, void (*)(void*), void (*)(void*, daisy::UartHandler::Result), void*)
 .text._ZN5daisy11UartHandler4Impl19DmaTransferFinishedEP20__UART_HandleTypeDefNS0_6ResultE
                0x080048b0       0xbc ../libDaisy/build/libdaisy.a(uart.o)
                0x080048b0                daisy::UartHandler::Impl::DmaTransferFinished(__UART_HandleTypeDef*, daisy::UartHandler::Result)
 .text._ZN5daisy11UartHandler4Impl8InitPinsEv
                0x0800496c      0x174 ../libDaisy/build/libdaisy.a(uart.o)
                0x0800496c                daisy::UartHandler::Impl::InitPins()
 .text.HAL_UART_MspInit
                0x08004ae0      0x214 ../libDaisy/build/libdaisy.a(uart.o)
                0x08004ae0                HAL_UART_MspInit
 *fill*         0x08004cf4        0x4 
 .text.dsy_uart_global_init
                0x08004cf8       0xb8 ../libDaisy/build/libdaisy.a(uart.o)
                0x08004cf8                dsy_uart_global_init
 .text.USART1_IRQHandler
                0x08004db0       0x30 ../libDaisy/build/libdaisy.a(uart.o)
                0x08004db0                USART1_IRQHandler
 .text.USART2_IRQHandler
                0x08004de0       0x38 ../libDaisy/build/libdaisy.a(uart.o)
                0x08004de0                USART2_IRQHandler
 .text.USART3_IRQHandler
                0x08004e18       0x38 ../libDaisy/build/libdaisy.a(uart.o)
                0x08004e18                USART3_IRQHandler
 .text.UART4_IRQHandler
                0x08004e50       0x38 ../libDaisy/build/libdaisy.a(uart.o)
                0x08004e50                UART4_IRQHandler
 .text.UART5_IRQHandler
                0x08004e88       0x38 ../libDaisy/build/libdaisy.a(uart.o)
                0x08004e88                UART5_IRQHandler
 .text.USART6_IRQHandler
                0x08004ec0       0x38 ../libDaisy/build/libdaisy.a(uart.o)
                0x08004ec0                USART6_IRQHandler
 .text.UART7_IRQHandler
                0x08004ef8       0x38 ../libDaisy/build/libdaisy.a(uart.o)
                0x08004ef8                UART7_IRQHandler
 .text.UART8_IRQHandler
                0x08004f30       0x38 ../libDaisy/build/libdaisy.a(uart.o)
                0x08004f30                UART8_IRQHandler
 .text.LPUART1_IRQHandler
                0x08004f68       0x38 ../libDaisy/build/libdaisy.a(uart.o)
                0x08004f68                LPUART1_IRQHandler
 .text.DMA1_Stream5_IRQHandler
                0x08004fa0       0x40 ../libDaisy/build/libdaisy.a(uart.o)
                0x08004fa0                DMA1_Stream5_IRQHandler
 .text.DMA2_Stream4_IRQHandler
                0x08004fe0       0x40 ../libDaisy/build/libdaisy.a(uart.o)
                0x08004fe0                DMA2_Stream4_IRQHandler
 .text.HAL_UART_TxCpltCallback
                0x08005020        0x8 ../libDaisy/build/libdaisy.a(uart.o)
                0x08005020                HAL_UART_TxCpltCallback
 .text.HAL_UART_RxCpltCallback
                0x08005028       0x94 ../libDaisy/build/libdaisy.a(uart.o)
                0x08005028                HAL_UART_RxCpltCallback
 .text.HAL_UART_RxHalfCpltCallback
                0x080050bc       0x90 ../libDaisy/build/libdaisy.a(uart.o)
                0x080050bc                HAL_UART_RxHalfCpltCallback
 .text.HAL_UART_ErrorCallback
                0x0800514c        0x8 ../libDaisy/build/libdaisy.a(uart.o)
                0x0800514c                HAL_UART_ErrorCallback
 .text._ZN5daisy11UartHandler4InitERKNS0_6ConfigE
                0x08005154       0xe8 ../libDaisy/build/libdaisy.a(uart.o)
                0x08005154                daisy::UartHandler::Init(daisy::UartHandler::Config const&)
 *fill*         0x0800523c        0x4 
 .text.startup._GLOBAL__sub_I__Z19MapInstanceToHandleP13USART_TypeDef
                0x08005240      0x1bc ../libDaisy/build/libdaisy.a(uart.o)
 .text.dsy_dma_init
                0x080053fc      0x104 ../libDaisy/build/libdaisy.a(dma.o)
                0x080053fc                dsy_dma_init
 .text.dsy_dma_invalidate_cache_for_buffer
                0x08005500       0x2c ../libDaisy/build/libdaisy.a(dma.o)
                0x08005500                dsy_dma_invalidate_cache_for_buffer
 .text.SysTick_Handler
                0x0800552c       0x10 ../libDaisy/build/libdaisy.a(system.o)
                0x0800552c                SysTick_Handler
 .text.OTG_HS_EP1_OUT_IRQHandler
                0x0800553c       0x24 ../libDaisy/build/libdaisy.a(system.o)
                0x0800553c                OTG_HS_EP1_OUT_IRQHandler
 .text.OTG_HS_EP1_IN_IRQHandler
                0x08005560       0x24 ../libDaisy/build/libdaisy.a(system.o)
                0x08005560                OTG_HS_EP1_IN_IRQHandler
 .text.OTG_HS_IRQHandler
                0x08005584       0x24 ../libDaisy/build/libdaisy.a(system.o)
                0x08005584                OTG_HS_IRQHandler
 .text.HardFault_Handler
                0x080055a8       0xe0 ../libDaisy/build/libdaisy.a(system.o)
                0x080055a8                HardFault_Handler
 .text._ZN5daisy6System6GetNowEv
                0x08005688        0x4 ../libDaisy/build/libdaisy.a(system.o)
                0x08005688                daisy::System::GetNow()
 .text._ZN5daisy6System5DelayEm
                0x0800568c        0x4 ../libDaisy/build/libdaisy.a(system.o)
                0x0800568c                daisy::System::Delay(unsigned long)
 .text._ZN5daisy6System20GetBootloaderVersionEv
                0x08005690       0x34 ../libDaisy/build/libdaisy.a(system.o)
                0x08005690                daisy::System::GetBootloaderVersion()
 .text._ZN5daisy6System15ConfigureClocksEv
                0x080056c4      0x18c ../libDaisy/build/libdaisy.a(system.o)
                0x080056c4                daisy::System::ConfigureClocks()
 .text._ZN5daisy6System12ConfigureMpuEv
                0x08005850       0x7c ../libDaisy/build/libdaisy.a(system.o)
                0x08005850                daisy::System::ConfigureMpu()
 .text._ZN5daisy6System4InitERKNS0_6ConfigE
                0x080058cc       0xec ../libDaisy/build/libdaisy.a(system.o)
                0x080058cc                daisy::System::Init(daisy::System::Config const&)
 .text._ZN5daisy6System12GetPClk1FreqEv
                0x080059b8        0x4 ../libDaisy/build/libdaisy.a(system.o)
                0x080059b8                daisy::System::GetPClk1Freq()
 .text._ZN5daisy6System22GetProgramMemoryRegionEv
                0x080059bc       0x78 ../libDaisy/build/libdaisy.a(system.o)
                0x080059bc                daisy::System::GetProgramMemoryRegion()
 .text.startup._GLOBAL__sub_I__ZN5daisy9boot_infoE
                0x08005a34        0xc ../libDaisy/build/libdaisy.a(system.o)
 .text.SystemInit
                0x08005a40       0x98 ../libDaisy/build/libdaisy.a(system_stm32h7xx.o)
                0x08005a40                SystemInit
 .text.HAL_PCD_SetupStageCallback
                0x08005ad8        0xc ../libDaisy/build/libdaisy.a(usbd_conf.o)
                0x08005ad8                HAL_PCD_SetupStageCallback
 .text.HAL_PCD_DataOutStageCallback
                0x08005ae4       0x18 ../libDaisy/build/libdaisy.a(usbd_conf.o)
                0x08005ae4                HAL_PCD_DataOutStageCallback
 .text.HAL_PCD_DataInStageCallback
                0x08005afc       0x14 ../libDaisy/build/libdaisy.a(usbd_conf.o)
                0x08005afc                HAL_PCD_DataInStageCallback
 .text.HAL_PCD_SOFCallback
                0x08005b10        0x8 ../libDaisy/build/libdaisy.a(usbd_conf.o)
                0x08005b10                HAL_PCD_SOFCallback
 .text.HAL_PCD_ResetCallback
                0x08005b18       0x2c ../libDaisy/build/libdaisy.a(usbd_conf.o)
                0x08005b18                HAL_PCD_ResetCallback
 .text.HAL_PCD_SuspendCallback
                0x08005b44       0x30 ../libDaisy/build/libdaisy.a(usbd_conf.o)
                0x08005b44                HAL_PCD_SuspendCallback
 .text.HAL_PCD_ResumeCallback
                0x08005b74        0x8 ../libDaisy/build/libdaisy.a(usbd_conf.o)
                0x08005b74                HAL_PCD_ResumeCallback
 .text.HAL_PCD_ISOOUTIncompleteCallback
                0x08005b7c        0x8 ../libDaisy/build/libdaisy.a(usbd_conf.o)
                0x08005b7c                HAL_PCD_ISOOUTIncompleteCallback
 .text.HAL_PCD_ISOINIncompleteCallback
                0x08005b84        0x8 ../libDaisy/build/libdaisy.a(usbd_conf.o)
                0x08005b84                HAL_PCD_ISOINIncompleteCallback
 .text.HAL_PCD_ConnectCallback
                0x08005b8c        0x8 ../libDaisy/build/libdaisy.a(usbd_conf.o)
                0x08005b8c                HAL_PCD_ConnectCallback
 .text.HAL_PCD_DisconnectCallback
                0x08005b94        0x8 ../libDaisy/build/libdaisy.a(usbd_conf.o)
                0x08005b94                HAL_PCD_DisconnectCallback
 .text.USBD_LL_OpenEP
                0x08005b9c       0x1c ../libDaisy/build/libdaisy.a(usbd_conf.o)
                0x08005b9c                USBD_LL_OpenEP
 .text.USBD_LL_StallEP
                0x08005bb8       0x18 ../libDaisy/build/libdaisy.a(usbd_conf.o)
                0x08005bb8                USBD_LL_StallEP
 .text.USBD_LL_ClearStallEP
                0x08005bd0       0x18 ../libDaisy/build/libdaisy.a(usbd_conf.o)
                0x08005bd0                USBD_LL_ClearStallEP
 .text.USBD_LL_IsStallEP
                0x08005be8       0x28 ../libDaisy/build/libdaisy.a(usbd_conf.o)
                0x08005be8                USBD_LL_IsStallEP
 .text.USBD_LL_SetUSBAddress
                0x08005c10       0x18 ../libDaisy/build/libdaisy.a(usbd_conf.o)
                0x08005c10                USBD_LL_SetUSBAddress
 .text.USBD_LL_Transmit
                0x08005c28       0x18 ../libDaisy/build/libdaisy.a(usbd_conf.o)
                0x08005c28                USBD_LL_Transmit
 .text.USBD_LL_PrepareReceive
                0x08005c40       0x18 ../libDaisy/build/libdaisy.a(usbd_conf.o)
                0x08005c40                USBD_LL_PrepareReceive
 .text.HAL_HCD_SOF_Callback
                0x08005c58        0x8 ../libDaisy/build/libdaisy.a(usbh_conf.o)
                0x08005c58                HAL_HCD_SOF_Callback
 .text.HAL_HCD_Connect_Callback
                0x08005c60        0x8 ../libDaisy/build/libdaisy.a(usbh_conf.o)
                0x08005c60                HAL_HCD_Connect_Callback
 .text.HAL_HCD_Disconnect_Callback
                0x08005c68        0x8 ../libDaisy/build/libdaisy.a(usbh_conf.o)
                0x08005c68                HAL_HCD_Disconnect_Callback
 .text.HAL_HCD_HC_NotifyURBChange_Callback
                0x08005c70        0x4 ../libDaisy/build/libdaisy.a(usbh_conf.o)
                0x08005c70                HAL_HCD_HC_NotifyURBChange_Callback
 .text.HAL_HCD_PortEnabled_Callback
                0x08005c74        0x8 ../libDaisy/build/libdaisy.a(usbh_conf.o)
                0x08005c74                HAL_HCD_PortEnabled_Callback
 .text.HAL_HCD_PortDisabled_Callback
                0x08005c7c        0x8 ../libDaisy/build/libdaisy.a(usbh_conf.o)
                0x08005c7c                HAL_HCD_PortDisabled_Callback
 .text.USBH_LL_Stop
                0x08005c84       0x18 ../libDaisy/build/libdaisy.a(usbh_conf.o)
                0x08005c84                USBH_LL_Stop
 .text._ZN5daisy5Color4InitENS0_11PresetColorE
                0x08005c9c       0x20 ../libDaisy/build/libdaisy.a(color.o)
                0x08005c9c                daisy::Color::Init(daisy::Color::PresetColor)
 .text.dsy_hal_map_get_port
                0x08005cbc       0x10 ../libDaisy/build/libdaisy.a(hal_map.o)
                0x08005cbc                dsy_hal_map_get_port
 .text.dsy_hal_map_get_pin
                0x08005ccc       0x10 ../libDaisy/build/libdaisy.a(hal_map.o)
                0x08005ccc                dsy_hal_map_get_pin
 .text.dsy_hal_map_gpio_clk_enable
                0x08005cdc      0x150 ../libDaisy/build/libdaisy.a(hal_map.o)
                0x08005cdc                dsy_hal_map_gpio_clk_enable
 .text.HAL_MspInit
                0x08005e2c        0x4 ../libDaisy/build/libdaisy.a(stm32h7xx_hal.o)
                0x08005e2c                HAL_MspInit
 .text.HAL_InitTick
                0x08005e30       0x54 ../libDaisy/build/libdaisy.a(stm32h7xx_hal.o)
                0x08005e30                HAL_InitTick
 .text.HAL_Init
                0x08005e84       0x6c ../libDaisy/build/libdaisy.a(stm32h7xx_hal.o)
                0x08005e84                HAL_Init
 .text.HAL_IncTick
                0x08005ef0       0x18 ../libDaisy/build/libdaisy.a(stm32h7xx_hal.o)
                0x08005ef0                HAL_IncTick
 .text.HAL_GetTick
                0x08005f08        0xc ../libDaisy/build/libdaisy.a(stm32h7xx_hal.o)
                0x08005f08                HAL_GetTick
 .text.HAL_Delay
                0x08005f14       0x24 ../libDaisy/build/libdaisy.a(stm32h7xx_hal.o)
                0x08005f14                HAL_Delay
 .text.HAL_GetREVID
                0x08005f38        0xc ../libDaisy/build/libdaisy.a(stm32h7xx_hal.o)
                0x08005f38                HAL_GetREVID
 .text.HAL_ADC_ConvHalfCpltCallback
                0x08005f44        0x4 ../libDaisy/build/libdaisy.a(stm32h7xx_hal_adc.o)
                0x08005f44                HAL_ADC_ConvHalfCpltCallback
 .text.ADC_DMAHalfConvCplt
                0x08005f48        0xc ../libDaisy/build/libdaisy.a(stm32h7xx_hal_adc.o)
                0x08005f48                ADC_DMAHalfConvCplt
 .text.ADC_DMAConvCplt
                0x08005f54       0x6c ../libDaisy/build/libdaisy.a(stm32h7xx_hal_adc.o)
                0x08005f54                ADC_DMAConvCplt
 .text.ADC_DMAError
                0x08005fc0       0x1c ../libDaisy/build/libdaisy.a(stm32h7xx_hal_adc.o)
                0x08005fc0                ADC_DMAError
 .text.HAL_ADC_ConfigChannel
                0x08005fdc      0x400 ../libDaisy/build/libdaisy.a(stm32h7xx_hal_adc.o)
                0x08005fdc                HAL_ADC_ConfigChannel
 .text.ADC_Enable
                0x080063dc       0xb0 ../libDaisy/build/libdaisy.a(stm32h7xx_hal_adc.o)
                0x080063dc                ADC_Enable
 .text.HAL_ADC_Start_DMA
                0x0800648c      0x120 ../libDaisy/build/libdaisy.a(stm32h7xx_hal_adc.o)
                0x0800648c                HAL_ADC_Start_DMA
 .text.ADC_Disable
                0x080065ac       0x8c ../libDaisy/build/libdaisy.a(stm32h7xx_hal_adc.o)
                0x080065ac                ADC_Disable
 .text.ADC_ConfigureBoostMode
                0x08006638      0x178 ../libDaisy/build/libdaisy.a(stm32h7xx_hal_adc.o)
                0x08006638                ADC_ConfigureBoostMode
 .text.HAL_ADC_Init
                0x080067b0      0x264 ../libDaisy/build/libdaisy.a(stm32h7xx_hal_adc.o)
                0x080067b0                HAL_ADC_Init
 .text.HAL_ADCEx_Calibration_Start
                0x08006a14       0xbc ../libDaisy/build/libdaisy.a(stm32h7xx_hal_adc_ex.o)
                0x08006a14                HAL_ADCEx_Calibration_Start
 .text.HAL_ADCEx_MultiModeConfigChannel
                0x08006ad0       0xe0 ../libDaisy/build/libdaisy.a(stm32h7xx_hal_adc_ex.o)
                0x08006ad0                HAL_ADCEx_MultiModeConfigChannel
 .text.HAL_NVIC_SetPriorityGrouping
                0x08006bb0       0x24 ../libDaisy/build/libdaisy.a(stm32h7xx_hal_cortex.o)
                0x08006bb0                HAL_NVIC_SetPriorityGrouping
 .text.HAL_NVIC_SetPriority
                0x08006bd4       0x60 ../libDaisy/build/libdaisy.a(stm32h7xx_hal_cortex.o)
                0x08006bd4                HAL_NVIC_SetPriority
 .text.HAL_NVIC_EnableIRQ
                0x08006c34       0x1c ../libDaisy/build/libdaisy.a(stm32h7xx_hal_cortex.o)
                0x08006c34                HAL_NVIC_EnableIRQ
 .text.HAL_NVIC_DisableIRQ
                0x08006c50       0x24 ../libDaisy/build/libdaisy.a(stm32h7xx_hal_cortex.o)
                0x08006c50                HAL_NVIC_DisableIRQ
 .text.HAL_SYSTICK_Config
                0x08006c74       0x2c ../libDaisy/build/libdaisy.a(stm32h7xx_hal_cortex.o)
                0x08006c74                HAL_SYSTICK_Config
 .text.HAL_MPU_Disable
                0x08006ca0       0x1c ../libDaisy/build/libdaisy.a(stm32h7xx_hal_cortex.o)
                0x08006ca0                HAL_MPU_Disable
 .text.HAL_MPU_Enable
                0x08006cbc       0x20 ../libDaisy/build/libdaisy.a(stm32h7xx_hal_cortex.o)
                0x08006cbc                HAL_MPU_Enable
 .text.HAL_MPU_ConfigRegion
                0x08006cdc       0x64 ../libDaisy/build/libdaisy.a(stm32h7xx_hal_cortex.o)
                0x08006cdc                HAL_MPU_ConfigRegion
 .text.HAL_SYSTICK_Callback
                0x08006d40        0x4 ../libDaisy/build/libdaisy.a(stm32h7xx_hal_cortex.o)
                0x08006d40                HAL_SYSTICK_Callback
 .text.HAL_SYSTICK_IRQHandler
                0x08006d44        0x8 ../libDaisy/build/libdaisy.a(stm32h7xx_hal_cortex.o)
                0x08006d44                HAL_SYSTICK_IRQHandler
 .text.DMA_CalcBaseAndBitshift
                0x08006d4c       0xfc ../libDaisy/build/libdaisy.a(stm32h7xx_hal_dma.o)
 .text.DMA_CalcDMAMUXChannelBaseAndMask
                0x08006e48       0xe0 ../libDaisy/build/libdaisy.a(stm32h7xx_hal_dma.o)
 .text.HAL_DMA_Init
                0x08006f28      0x338 ../libDaisy/build/libdaisy.a(stm32h7xx_hal_dma.o)
                0x08006f28                HAL_DMA_Init
 .text.HAL_DMA_Start_IT
                0x08007260      0x280 ../libDaisy/build/libdaisy.a(stm32h7xx_hal_dma.o)
                0x08007260                HAL_DMA_Start_IT
 .text.HAL_DMA_Abort_IT
                0x080074e0       0xf4 ../libDaisy/build/libdaisy.a(stm32h7xx_hal_dma.o)
                0x080074e0                HAL_DMA_Abort_IT
 .text.HAL_DMA_IRQHandler
                0x080075d4      0x6c0 ../libDaisy/build/libdaisy.a(stm32h7xx_hal_dma.o)
                0x080075d4                HAL_DMA_IRQHandler
 .text.HAL_DMA_GetError
                0x08007c94        0x4 ../libDaisy/build/libdaisy.a(stm32h7xx_hal_dma.o)
                0x08007c94                HAL_DMA_GetError
 .text.HAL_GPIO_Init
                0x08007c98      0x3f0 ../libDaisy/build/libdaisy.a(stm32h7xx_hal_gpio.o)
                0x08007c98                HAL_GPIO_Init
 .text.HAL_GPIO_DeInit
                0x08008088      0x23c ../libDaisy/build/libdaisy.a(stm32h7xx_hal_gpio.o)
                0x08008088                HAL_GPIO_DeInit
 .text.HAL_GPIO_ReadPin
                0x080082c4        0xc ../libDaisy/build/libdaisy.a(stm32h7xx_hal_gpio.o)
                0x080082c4                HAL_GPIO_ReadPin
 .text.HAL_GPIO_WritePin
                0x080082d0        0x8 ../libDaisy/build/libdaisy.a(stm32h7xx_hal_gpio.o)
                0x080082d0                HAL_GPIO_WritePin
 .text.HAL_HCD_IRQHandler
                0x080082d8      0x8a8 ../libDaisy/build/libdaisy.a(stm32h7xx_hal_hcd.o)
                0x080082d8                HAL_HCD_IRQHandler
 .text.HAL_HCD_Stop
                0x08008b80       0x30 ../libDaisy/build/libdaisy.a(stm32h7xx_hal_hcd.o)
                0x08008b80                HAL_HCD_Stop
 .text.I2C_WaitOnTXISFlagUntilTimeout
                0x08008bb0       0xd0 ../libDaisy/build/libdaisy.a(stm32h7xx_hal_i2c.o)
 .text.I2C_WaitOnSTOPFlagUntilTimeout
                0x08008c80       0xa8 ../libDaisy/build/libdaisy.a(stm32h7xx_hal_i2c.o)
 .text.HAL_I2C_Init
                0x08008d28       0xc0 ../libDaisy/build/libdaisy.a(stm32h7xx_hal_i2c.o)
                0x08008d28                HAL_I2C_Init
 .text.HAL_I2C_Master_Transmit
                0x08008de8      0x19c ../libDaisy/build/libdaisy.a(stm32h7xx_hal_i2c.o)
                0x08008de8                HAL_I2C_Master_Transmit
 .text.HAL_I2C_Slave_Transmit
                0x08008f84      0x1e0 ../libDaisy/build/libdaisy.a(stm32h7xx_hal_i2c.o)
                0x08008f84                HAL_I2C_Slave_Transmit
 .text.HAL_I2C_EV_IRQHandler
                0x08009164       0x1c ../libDaisy/build/libdaisy.a(stm32h7xx_hal_i2c.o)
                0x08009164                HAL_I2C_EV_IRQHandler
 .text.HAL_I2C_GetState
                0x08009180        0x8 ../libDaisy/build/libdaisy.a(stm32h7xx_hal_i2c.o)
                0x08009180                HAL_I2C_GetState
 .text.HAL_I2CEx_ConfigAnalogFilter
                0x08009188       0x58 ../libDaisy/build/libdaisy.a(stm32h7xx_hal_i2c_ex.o)
                0x08009188                HAL_I2CEx_ConfigAnalogFilter
 .text.HAL_I2CEx_ConfigDigitalFilter
                0x080091e0       0x54 ../libDaisy/build/libdaisy.a(stm32h7xx_hal_i2c_ex.o)
                0x080091e0                HAL_I2CEx_ConfigDigitalFilter
 .text.HAL_PCD_IRQHandler
                0x08009234      0x73c ../libDaisy/build/libdaisy.a(stm32h7xx_hal_pcd.o)
                0x08009234                HAL_PCD_IRQHandler
 .text.HAL_PCD_SetAddress
                0x08009970       0x34 ../libDaisy/build/libdaisy.a(stm32h7xx_hal_pcd.o)
                0x08009970                HAL_PCD_SetAddress
 .text.HAL_PCD_EP_Open
                0x080099a4       0x7c ../libDaisy/build/libdaisy.a(stm32h7xx_hal_pcd.o)
                0x080099a4                HAL_PCD_EP_Open
 .text.HAL_PCD_EP_Receive
                0x08009a20       0x58 ../libDaisy/build/libdaisy.a(stm32h7xx_hal_pcd.o)
                0x08009a20                HAL_PCD_EP_Receive
 .text.HAL_PCD_EP_Transmit
                0x08009a78       0x50 ../libDaisy/build/libdaisy.a(stm32h7xx_hal_pcd.o)
                0x08009a78                HAL_PCD_EP_Transmit
 .text.HAL_PCD_EP_SetStall
                0x08009ac8       0x98 ../libDaisy/build/libdaisy.a(stm32h7xx_hal_pcd.o)
                0x08009ac8                HAL_PCD_EP_SetStall
 .text.HAL_PCD_EP_ClrStall
                0x08009b60       0x78 ../libDaisy/build/libdaisy.a(stm32h7xx_hal_pcd.o)
                0x08009b60                HAL_PCD_EP_ClrStall
 .text.HAL_PCDEx_LPM_Callback
                0x08009bd8        0x4 ../libDaisy/build/libdaisy.a(stm32h7xx_hal_pcd_ex.o)
                0x08009bd8                HAL_PCDEx_LPM_Callback
 .text.HAL_PWREx_ConfigSupply
                0x08009bdc       0x4c ../libDaisy/build/libdaisy.a(stm32h7xx_hal_pwr_ex.o)
                0x08009bdc                HAL_PWREx_ConfigSupply
 .text.HAL_PWREx_EnableUSBVoltageDetector
                0x08009c28       0x10 ../libDaisy/build/libdaisy.a(stm32h7xx_hal_pwr_ex.o)
                0x08009c28                HAL_PWREx_EnableUSBVoltageDetector
 .text.QSPI_Config
                0x08009c38      0x1b0 ../libDaisy/build/libdaisy.a(stm32h7xx_hal_qspi.o)
 .text.HAL_QSPI_Init
                0x08009de8      0x100 ../libDaisy/build/libdaisy.a(stm32h7xx_hal_qspi.o)
                0x08009de8                HAL_QSPI_Init
 .text.HAL_QSPI_DeInit
                0x08009ee8       0x40 ../libDaisy/build/libdaisy.a(stm32h7xx_hal_qspi.o)
                0x08009ee8                HAL_QSPI_DeInit
 .text.HAL_QSPI_Command
                0x08009f28      0x100 ../libDaisy/build/libdaisy.a(stm32h7xx_hal_qspi.o)
                0x08009f28                HAL_QSPI_Command
 .text.HAL_QSPI_Transmit
                0x0800a028      0x10c ../libDaisy/build/libdaisy.a(stm32h7xx_hal_qspi.o)
                0x0800a028                HAL_QSPI_Transmit
 .text.HAL_QSPI_Receive
                0x0800a134      0x120 ../libDaisy/build/libdaisy.a(stm32h7xx_hal_qspi.o)
                0x0800a134                HAL_QSPI_Receive
 .text.HAL_QSPI_AutoPolling
                0x0800a254      0x128 ../libDaisy/build/libdaisy.a(stm32h7xx_hal_qspi.o)
                0x0800a254                HAL_QSPI_AutoPolling
 .text.HAL_QSPI_MemoryMapped
                0x0800a37c       0xbc ../libDaisy/build/libdaisy.a(stm32h7xx_hal_qspi.o)
                0x0800a37c                HAL_QSPI_MemoryMapped
 .text.HAL_QSPI_ErrorCallback
                0x0800a438        0x4 ../libDaisy/build/libdaisy.a(stm32h7xx_hal_qspi.o)
                0x0800a438                HAL_QSPI_ErrorCallback
 .text.QSPI_DMAAbortCplt
                0x0800a43c       0x38 ../libDaisy/build/libdaisy.a(stm32h7xx_hal_qspi.o)
 .text.HAL_QSPI_AbortCpltCallback
                0x0800a474        0x4 ../libDaisy/build/libdaisy.a(stm32h7xx_hal_qspi.o)
                0x0800a474                HAL_QSPI_AbortCpltCallback
 .text.HAL_QSPI_CmdCpltCallback
                0x0800a478        0x4 ../libDaisy/build/libdaisy.a(stm32h7xx_hal_qspi.o)
                0x0800a478                HAL_QSPI_CmdCpltCallback
 .text.HAL_QSPI_RxCpltCallback
                0x0800a47c        0x4 ../libDaisy/build/libdaisy.a(stm32h7xx_hal_qspi.o)
                0x0800a47c                HAL_QSPI_RxCpltCallback
 .text.HAL_QSPI_TxCpltCallback
                0x0800a480        0x4 ../libDaisy/build/libdaisy.a(stm32h7xx_hal_qspi.o)
                0x0800a480                HAL_QSPI_TxCpltCallback
 .text.HAL_QSPI_FifoThresholdCallback
                0x0800a484        0x4 ../libDaisy/build/libdaisy.a(stm32h7xx_hal_qspi.o)
                0x0800a484                HAL_QSPI_FifoThresholdCallback
 .text.HAL_QSPI_StatusMatchCallback
                0x0800a488        0x4 ../libDaisy/build/libdaisy.a(stm32h7xx_hal_qspi.o)
                0x0800a488                HAL_QSPI_StatusMatchCallback
 .text.HAL_QSPI_TimeOutCallback
                0x0800a48c        0x4 ../libDaisy/build/libdaisy.a(stm32h7xx_hal_qspi.o)
                0x0800a48c                HAL_QSPI_TimeOutCallback
 .text.HAL_QSPI_IRQHandler
                0x0800a490      0x248 ../libDaisy/build/libdaisy.a(stm32h7xx_hal_qspi.o)
                0x0800a490                HAL_QSPI_IRQHandler
 .text.HAL_RCC_OscConfig
                0x0800a6d8      0x518 ../libDaisy/build/libdaisy.a(stm32h7xx_hal_rcc.o)
                0x0800a6d8                HAL_RCC_OscConfig
 .text.HAL_RCC_GetSysClockFreq
                0x0800abf0      0x120 ../libDaisy/build/libdaisy.a(stm32h7xx_hal_rcc.o)
                0x0800abf0                HAL_RCC_GetSysClockFreq
 .text.HAL_RCC_ClockConfig
                0x0800ad10      0x22c ../libDaisy/build/libdaisy.a(stm32h7xx_hal_rcc.o)
                0x0800ad10                HAL_RCC_ClockConfig
 .text.HAL_RCC_GetHCLKFreq
                0x0800af3c       0x2c ../libDaisy/build/libdaisy.a(stm32h7xx_hal_rcc.o)
                0x0800af3c                HAL_RCC_GetHCLKFreq
 .text.HAL_RCC_GetPCLK1Freq
                0x0800af68       0x3c ../libDaisy/build/libdaisy.a(stm32h7xx_hal_rcc.o)
                0x0800af68                HAL_RCC_GetPCLK1Freq
 .text.HAL_RCC_GetPCLK2Freq
                0x0800afa4       0x3c ../libDaisy/build/libdaisy.a(stm32h7xx_hal_rcc.o)
                0x0800afa4                HAL_RCC_GetPCLK2Freq
 .text.RCCEx_PLL2_Config.part.0
                0x0800afe0       0xe0 ../libDaisy/build/libdaisy.a(stm32h7xx_hal_rcc_ex.o)
 .text.RCCEx_PLL3_Config.part.0
                0x0800b0c0       0xe0 ../libDaisy/build/libdaisy.a(stm32h7xx_hal_rcc_ex.o)
 .text.HAL_RCCEx_PeriphCLKConfig
                0x0800b1a0      0xcd4 ../libDaisy/build/libdaisy.a(stm32h7xx_hal_rcc_ex.o)
                0x0800b1a0                HAL_RCCEx_PeriphCLKConfig
 .text.HAL_RCCEx_GetD3PCLK1Freq
                0x0800be74       0x24 ../libDaisy/build/libdaisy.a(stm32h7xx_hal_rcc_ex.o)
                0x0800be74                HAL_RCCEx_GetD3PCLK1Freq
 .text.HAL_RCCEx_GetPLL2ClockFreq
                0x0800be98      0x138 ../libDaisy/build/libdaisy.a(stm32h7xx_hal_rcc_ex.o)
                0x0800be98                HAL_RCCEx_GetPLL2ClockFreq
 .text.HAL_RCCEx_GetPLL3ClockFreq
                0x0800bfd0      0x138 ../libDaisy/build/libdaisy.a(stm32h7xx_hal_rcc_ex.o)
                0x0800bfd0                HAL_RCCEx_GetPLL3ClockFreq
 .text.HAL_RCCEx_GetPLL1ClockFreq
                0x0800c108      0x138 ../libDaisy/build/libdaisy.a(stm32h7xx_hal_rcc_ex.o)
                0x0800c108                HAL_RCCEx_GetPLL1ClockFreq
 .text.HAL_RCCEx_GetPeriphCLKFreq
                0x0800c240      0x15c ../libDaisy/build/libdaisy.a(stm32h7xx_hal_rcc_ex.o)
                0x0800c240                HAL_RCCEx_GetPeriphCLKFreq
 .text.HAL_RCCEx_GetD1SysClockFreq
                0x0800c39c       0x2c ../libDaisy/build/libdaisy.a(stm32h7xx_hal_rcc_ex.o)
                0x0800c39c                HAL_RCCEx_GetD1SysClockFreq
 .text.HAL_SAI_Init
                0x0800c3c8      0x394 ../libDaisy/build/libdaisy.a(stm32h7xx_hal_sai.o)
                0x0800c3c8                HAL_SAI_Init
 .text.HAL_SAI_InitProtocol
                0x0800c75c      0x19c ../libDaisy/build/libdaisy.a(stm32h7xx_hal_sai.o)
                0x0800c75c                HAL_SAI_InitProtocol
 .text.HAL_SAI_Transmit_DMA
                0x0800c8f8      0x10c ../libDaisy/build/libdaisy.a(stm32h7xx_hal_sai.o)
                0x0800c8f8                HAL_SAI_Transmit_DMA
 .text.HAL_SAI_Receive_DMA
                0x0800ca04       0xc4 ../libDaisy/build/libdaisy.a(stm32h7xx_hal_sai.o)
                0x0800ca04                HAL_SAI_Receive_DMA
 .text.HAL_SAI_TxCpltCallback
                0x0800cac8        0x4 ../libDaisy/build/libdaisy.a(stm32h7xx_hal_sai.o)
                0x0800cac8                HAL_SAI_TxCpltCallback
 .text.SAI_DMATxCplt
                0x0800cacc       0x60 ../libDaisy/build/libdaisy.a(stm32h7xx_hal_sai.o)
 .text.HAL_SAI_TxHalfCpltCallback
                0x0800cb2c        0x4 ../libDaisy/build/libdaisy.a(stm32h7xx_hal_sai.o)
                0x0800cb2c                HAL_SAI_TxHalfCpltCallback
 .text.SAI_DMATxHalfCplt
                0x0800cb30        0xc ../libDaisy/build/libdaisy.a(stm32h7xx_hal_sai.o)
 .text.SAI_DMARxCplt
                0x0800cb3c       0x60 ../libDaisy/build/libdaisy.a(stm32h7xx_hal_sai.o)
 .text.SAI_DMARxHalfCplt
                0x0800cb9c        0xc ../libDaisy/build/libdaisy.a(stm32h7xx_hal_sai.o)
 .text.HAL_SAI_ErrorCallback
                0x0800cba8        0x4 ../libDaisy/build/libdaisy.a(stm32h7xx_hal_sai.o)
                0x0800cba8                HAL_SAI_ErrorCallback
 .text.SAI_DMAError
                0x0800cbac       0x6c ../libDaisy/build/libdaisy.a(stm32h7xx_hal_sai.o)
 .text.HAL_SDRAM_Init
                0x0800cc18       0x54 ../libDaisy/build/libdaisy.a(stm32h7xx_hal_sdram.o)
                0x0800cc18                HAL_SDRAM_Init
 .text.HAL_SDRAM_SendCommand
                0x0800cc6c       0x44 ../libDaisy/build/libdaisy.a(stm32h7xx_hal_sdram.o)
                0x0800cc6c                HAL_SDRAM_SendCommand
 .text.HAL_SDRAM_ProgramRefreshRate
                0x0800ccb0       0x3c ../libDaisy/build/libdaisy.a(stm32h7xx_hal_sdram.o)
                0x0800ccb0                HAL_SDRAM_ProgramRefreshRate
 .text.HAL_UART_Transmit_DMA
                0x0800ccec       0x98 ../libDaisy/build/libdaisy.a(stm32h7xx_hal_uart.o)
                0x0800ccec                HAL_UART_Transmit_DMA
 .text.HAL_UART_Receive_DMA
                0x0800cd84       0xa4 ../libDaisy/build/libdaisy.a(stm32h7xx_hal_uart.o)
                0x0800cd84                HAL_UART_Receive_DMA
 .text.UART_DMATransmitCplt
                0x0800ce28       0x2c ../libDaisy/build/libdaisy.a(stm32h7xx_hal_uart.o)
 .text.HAL_UART_TxHalfCpltCallback
                0x0800ce54        0x4 ../libDaisy/build/libdaisy.a(stm32h7xx_hal_uart.o)
                0x0800ce54                HAL_UART_TxHalfCpltCallback
 .text.UART_DMATxHalfCplt
                0x0800ce58        0xc ../libDaisy/build/libdaisy.a(stm32h7xx_hal_uart.o)
 .text.UART_DMAReceiveCplt
                0x0800ce64       0x38 ../libDaisy/build/libdaisy.a(stm32h7xx_hal_uart.o)
 .text.UART_DMARxHalfCplt
                0x0800ce9c        0xc ../libDaisy/build/libdaisy.a(stm32h7xx_hal_uart.o)
 .text.UART_DMAError
                0x0800cea8       0x80 ../libDaisy/build/libdaisy.a(stm32h7xx_hal_uart.o)
 .text.HAL_UART_IRQHandler
                0x0800cf28      0x234 ../libDaisy/build/libdaisy.a(stm32h7xx_hal_uart.o)
                0x0800cf28                HAL_UART_IRQHandler
 .text.UART_DMAAbortOnError
                0x0800d15c       0x14 ../libDaisy/build/libdaisy.a(stm32h7xx_hal_uart.o)
 .text.HAL_UART_GetState
                0x0800d170        0xc ../libDaisy/build/libdaisy.a(stm32h7xx_hal_uart.o)
                0x0800d170                HAL_UART_GetState
 .text.UART_SetConfig
                0x0800d17c      0x8b8 ../libDaisy/build/libdaisy.a(stm32h7xx_hal_uart.o)
                0x0800d17c                UART_SetConfig
 .text.UART_AdvFeatureConfig
                0x0800da34       0xb0 ../libDaisy/build/libdaisy.a(stm32h7xx_hal_uart.o)
                0x0800da34                UART_AdvFeatureConfig
 .text.UART_CheckIdleState
                0x0800dae4       0x80 ../libDaisy/build/libdaisy.a(stm32h7xx_hal_uart.o)
                0x0800dae4                UART_CheckIdleState
 .text.HAL_UART_Init
                0x0800db64       0x68 ../libDaisy/build/libdaisy.a(stm32h7xx_hal_uart.o)
                0x0800db64                HAL_UART_Init
 .text.HAL_UARTEx_WakeupCallback
                0x0800dbcc        0x4 ../libDaisy/build/libdaisy.a(stm32h7xx_hal_uart_ex.o)
                0x0800dbcc                HAL_UARTEx_WakeupCallback
 .text.HAL_UARTEx_RxFifoFullCallback
                0x0800dbd0        0x4 ../libDaisy/build/libdaisy.a(stm32h7xx_hal_uart_ex.o)
                0x0800dbd0                HAL_UARTEx_RxFifoFullCallback
 .text.HAL_UARTEx_TxFifoEmptyCallback
                0x0800dbd4        0x4 ../libDaisy/build/libdaisy.a(stm32h7xx_hal_uart_ex.o)
                0x0800dbd4                HAL_UARTEx_TxFifoEmptyCallback
 .text.HAL_UARTEx_DisableFifoMode
                0x0800dbd8       0x40 ../libDaisy/build/libdaisy.a(stm32h7xx_hal_uart_ex.o)
                0x0800dbd8                HAL_UARTEx_DisableFifoMode
 .text.HAL_UARTEx_SetTxFifoThreshold
                0x0800dc18       0xa0 ../libDaisy/build/libdaisy.a(stm32h7xx_hal_uart_ex.o)
                0x0800dc18                HAL_UARTEx_SetTxFifoThreshold
 .text.HAL_UARTEx_SetRxFifoThreshold
                0x0800dcb8       0xa0 ../libDaisy/build/libdaisy.a(stm32h7xx_hal_uart_ex.o)
                0x0800dcb8                HAL_UARTEx_SetRxFifoThreshold
 .text.FMC_SDRAM_Init
                0x0800dd58       0x6c ../libDaisy/build/libdaisy.a(stm32h7xx_ll_fmc.o)
                0x0800dd58                FMC_SDRAM_Init
 .text.FMC_SDRAM_Timing_Init
                0x0800ddc4       0x78 ../libDaisy/build/libdaisy.a(stm32h7xx_ll_fmc.o)
                0x0800ddc4                FMC_SDRAM_Timing_Init
 .text.FMC_SDRAM_SendCommand
                0x0800de3c       0x28 ../libDaisy/build/libdaisy.a(stm32h7xx_ll_fmc.o)
                0x0800de3c                FMC_SDRAM_SendCommand
 .text.FMC_SDRAM_ProgramRefreshRate
                0x0800de64       0x14 ../libDaisy/build/libdaisy.a(stm32h7xx_ll_fmc.o)
                0x0800de64                FMC_SDRAM_ProgramRefreshRate
 .text.USB_SetTurnaroundTime
                0x0800de78      0x104 ../libDaisy/build/libdaisy.a(stm32h7xx_ll_usb.o)
                0x0800de78                USB_SetTurnaroundTime
 .text.USB_FlushTxFifo
                0x0800df7c       0x34 ../libDaisy/build/libdaisy.a(stm32h7xx_ll_usb.o)
                0x0800df7c                USB_FlushTxFifo
 .text.USB_GetDevSpeed
                0x0800dfb0       0x24 ../libDaisy/build/libdaisy.a(stm32h7xx_ll_usb.o)
                0x0800dfb0                USB_GetDevSpeed
 .text.USB_ActivateEndpoint
                0x0800dfd4       0x94 ../libDaisy/build/libdaisy.a(stm32h7xx_ll_usb.o)
                0x0800dfd4                USB_ActivateEndpoint
 .text.USB_EPStartXfer
                0x0800e068      0x214 ../libDaisy/build/libdaisy.a(stm32h7xx_ll_usb.o)
                0x0800e068                USB_EPStartXfer
 .text.USB_EP0StartXfer
                0x0800e27c      0x100 ../libDaisy/build/libdaisy.a(stm32h7xx_ll_usb.o)
                0x0800e27c                USB_EP0StartXfer
 .text.USB_WritePacket
                0x0800e37c       0x28 ../libDaisy/build/libdaisy.a(stm32h7xx_ll_usb.o)
                0x0800e37c                USB_WritePacket
 .text.USB_ReadPacket
                0x0800e3a4       0x2c ../libDaisy/build/libdaisy.a(stm32h7xx_ll_usb.o)
                0x0800e3a4                USB_ReadPacket
 .text.USB_EPSetStall
                0x0800e3d0       0x68 ../libDaisy/build/libdaisy.a(stm32h7xx_ll_usb.o)
                0x0800e3d0                USB_EPSetStall
 .text.USB_EPClearStall
                0x0800e438       0x58 ../libDaisy/build/libdaisy.a(stm32h7xx_ll_usb.o)
                0x0800e438                USB_EPClearStall
 .text.USB_SetDevAddress
                0x0800e490       0x24 ../libDaisy/build/libdaisy.a(stm32h7xx_ll_usb.o)
                0x0800e490                USB_SetDevAddress
 .text.USB_ReadInterrupts
                0x0800e4b4       0x14 ../libDaisy/build/libdaisy.a(stm32h7xx_ll_usb.o)
                0x0800e4b4                USB_ReadInterrupts
 .text.USB_ReadDevAllOutEpInterrupt
                0x0800e4c8       0x1c ../libDaisy/build/libdaisy.a(stm32h7xx_ll_usb.o)
                0x0800e4c8                USB_ReadDevAllOutEpInterrupt
 .text.USB_ReadDevAllInEpInterrupt
                0x0800e4e4       0x1c ../libDaisy/build/libdaisy.a(stm32h7xx_ll_usb.o)
                0x0800e4e4                USB_ReadDevAllInEpInterrupt
 .text.USB_ReadDevOutEPInterrupt
                0x0800e500       0x1c ../libDaisy/build/libdaisy.a(stm32h7xx_ll_usb.o)
                0x0800e500                USB_ReadDevOutEPInterrupt
 .text.USB_ReadDevInEPInterrupt
                0x0800e51c       0x38 ../libDaisy/build/libdaisy.a(stm32h7xx_ll_usb.o)
                0x0800e51c                USB_ReadDevInEPInterrupt
 .text.USB_GetMode
                0x0800e554        0x8 ../libDaisy/build/libdaisy.a(stm32h7xx_ll_usb.o)
                0x0800e554                USB_GetMode
 .text.USB_ActivateSetup
                0x0800e55c       0x34 ../libDaisy/build/libdaisy.a(stm32h7xx_ll_usb.o)
                0x0800e55c                USB_ActivateSetup
 .text.USB_EP0_OutStart
                0x0800e590       0x54 ../libDaisy/build/libdaisy.a(stm32h7xx_ll_usb.o)
                0x0800e590                USB_EP0_OutStart
 .text.USB_InitFSLSPClkSel
                0x0800e5e4       0x44 ../libDaisy/build/libdaisy.a(stm32h7xx_ll_usb.o)
                0x0800e5e4                USB_InitFSLSPClkSel
 .text.USB_HC_ReadInterrupt
                0x0800e628        0x8 ../libDaisy/build/libdaisy.a(stm32h7xx_ll_usb.o)
                0x0800e628                USB_HC_ReadInterrupt
 .text.USB_HC_Halt
                0x0800e630       0xc0 ../libDaisy/build/libdaisy.a(stm32h7xx_ll_usb.o)
                0x0800e630                USB_HC_Halt
 .text.USB_StopHost
                0x0800e6f0       0xe0 ../libDaisy/build/libdaisy.a(stm32h7xx_ll_usb.o)
                0x0800e6f0                USB_StopHost
 .text.USBD_SetClassConfig
                0x0800e7d0       0x1c ../libDaisy/build/libdaisy.a(usbd_core.o)
                0x0800e7d0                USBD_SetClassConfig
 .text.USBD_ClrClassConfig
                0x0800e7ec       0x10 ../libDaisy/build/libdaisy.a(usbd_core.o)
                0x0800e7ec                USBD_ClrClassConfig
 .text.USBD_LL_SetupStage
                0x0800e7fc       0x68 ../libDaisy/build/libdaisy.a(usbd_core.o)
                0x0800e7fc                USBD_LL_SetupStage
 .text.USBD_LL_DataOutStage
                0x0800e864       0x80 ../libDaisy/build/libdaisy.a(usbd_core.o)
                0x0800e864                USBD_LL_DataOutStage
 .text.USBD_LL_DataInStage
                0x0800e8e4       0xd4 ../libDaisy/build/libdaisy.a(usbd_core.o)
                0x0800e8e4                USBD_LL_DataInStage
 .text.USBD_LL_Reset
                0x0800e9b8       0x50 ../libDaisy/build/libdaisy.a(usbd_core.o)
                0x0800e9b8                USBD_LL_Reset
 .text.USBD_LL_SetSpeed
                0x0800ea08        0x8 ../libDaisy/build/libdaisy.a(usbd_core.o)
                0x0800ea08                USBD_LL_SetSpeed
 .text.USBD_LL_Suspend
                0x0800ea10       0x14 ../libDaisy/build/libdaisy.a(usbd_core.o)
                0x0800ea10                USBD_LL_Suspend
 .text.USBD_LL_Resume
                0x0800ea24       0x10 ../libDaisy/build/libdaisy.a(usbd_core.o)
                0x0800ea24                USBD_LL_Resume
 .text.USBD_LL_SOF
                0x0800ea34       0x1c ../libDaisy/build/libdaisy.a(usbd_core.o)
                0x0800ea34                USBD_LL_SOF
 .text.USBD_LL_IsoINIncomplete
                0x0800ea50        0x4 ../libDaisy/build/libdaisy.a(usbd_core.o)
                0x0800ea50                USBD_LL_IsoINIncomplete
 .text.USBD_LL_IsoOUTIncomplete
                0x0800ea54        0x4 ../libDaisy/build/libdaisy.a(usbd_core.o)
                0x0800ea54                USBD_LL_IsoOUTIncomplete
 .text.USBD_LL_DevConnected
                0x0800ea58        0x4 ../libDaisy/build/libdaisy.a(usbd_core.o)
                0x0800ea58                USBD_LL_DevConnected
 .text.USBD_LL_DevDisconnected
                0x0800ea5c       0x18 ../libDaisy/build/libdaisy.a(usbd_core.o)
                0x0800ea5c                USBD_LL_DevDisconnected
 .text.USBD_StdDevReq
                0x0800ea74      0x308 ../libDaisy/build/libdaisy.a(usbd_ctlreq.o)
                0x0800ea74                USBD_StdDevReq
 .text.USBD_StdItfReq
                0x0800ed7c       0x70 ../libDaisy/build/libdaisy.a(usbd_ctlreq.o)
                0x0800ed7c                USBD_StdItfReq
 .text.USBD_StdEPReq
                0x0800edec      0x160 ../libDaisy/build/libdaisy.a(usbd_ctlreq.o)
                0x0800edec                USBD_StdEPReq
 .text.USBD_ParseSetupRequest
                0x0800ef4c       0x18 ../libDaisy/build/libdaisy.a(usbd_ctlreq.o)
                0x0800ef4c                USBD_ParseSetupRequest
 .text.USBD_CtlSendData
                0x0800ef64       0x1c ../libDaisy/build/libdaisy.a(usbd_ioreq.o)
                0x0800ef64                USBD_CtlSendData
 .text.USBD_CtlContinueSendData
                0x0800ef80       0x10 ../libDaisy/build/libdaisy.a(usbd_ioreq.o)
                0x0800ef80                USBD_CtlContinueSendData
 .text.USBD_CtlContinueRx
                0x0800ef90       0x10 ../libDaisy/build/libdaisy.a(usbd_ioreq.o)
                0x0800ef90                USBD_CtlContinueRx
 .text.USBD_CtlSendStatus
                0x0800efa0       0x18 ../libDaisy/build/libdaisy.a(usbd_ioreq.o)
                0x0800efa0                USBD_CtlSendStatus
 .text.USBD_CtlReceiveStatus
                0x0800efb8       0x18 ../libDaisy/build/libdaisy.a(usbd_ioreq.o)
                0x0800efb8                USBD_CtlReceiveStatus
 .text.USBH_LL_IncTimer
                0x0800efd0       0x20 ../libDaisy/build/libdaisy.a(usbh_core.o)
                0x0800efd0                USBH_LL_IncTimer
 .text.USBH_LL_PortEnabled
                0x0800eff0        0x8 ../libDaisy/build/libdaisy.a(usbh_core.o)
                0x0800eff0                USBH_LL_PortEnabled
 .text.USBH_LL_PortDisabled
                0x0800eff8        0x8 ../libDaisy/build/libdaisy.a(usbh_core.o)
                0x0800eff8                USBH_LL_PortDisabled
 .text.USBH_LL_Connect
                0x0800f000       0x18 ../libDaisy/build/libdaisy.a(usbh_core.o)
                0x0800f000                USBH_LL_Connect
 .text.USBH_LL_Disconnect
                0x0800f018       0x2c ../libDaisy/build/libdaisy.a(usbh_core.o)
                0x0800f018                USBH_LL_Disconnect
 .text.USBH_FreePipe
                0x0800f044       0x18 ../libDaisy/build/libdaisy.a(usbh_pipes.o)
                0x0800f044                USBH_FreePipe
 .text._ZN5daisy3Led4InitE12dsy_gpio_pinbf
                0x0800f05c       0x48 ../libDaisy/build/libdaisy.a(led.o)
                0x0800f05c                daisy::Led::Init(dsy_gpio_pin, bool, float)
 .text._ZN5daisy3Led3SetEf
                0x0800f0a4       0x24 ../libDaisy/build/libdaisy.a(led.o)
                0x0800f0a4                daisy::Led::Set(float)
 .text._ZN5daisy3Led6UpdateEv
                0x0800f0c8       0x50 ../libDaisy/build/libdaisy.a(led.o)
                0x0800f0c8                daisy::Led::Update()
 .text._ZN5daisy6Random4InitEv
                0x0800f118       0x3c ../libDaisy/build/libdaisy.a(rng.o)
                0x0800f118                daisy::Random::Init()
 .text._ZN5daisy9SpiHandle4Impl7InitDmaEv
                0x0800f154       0xf4 ../libDaisy/build/libdaisy.a(spi.o)
                0x0800f154                daisy::SpiHandle::Impl::InitDma()
 .text._ZN5daisy9SpiHandle4Impl10StartDmaTxEPhjPFvPvEPFvS3_NS0_6ResultEES3_
                0x0800f248       0x88 ../libDaisy/build/libdaisy.a(spi.o)
                0x0800f248                daisy::SpiHandle::Impl::StartDmaTx(unsigned char*, unsigned int, void (*)(void*), void (*)(void*, daisy::SpiHandle::Result), void*)
 .text._ZN5daisy9SpiHandle4Impl10StartDmaRxEPhjPFvPvEPFvS3_NS0_6ResultEES3_
                0x0800f2d0       0x88 ../libDaisy/build/libdaisy.a(spi.o)
                0x0800f2d0                daisy::SpiHandle::Impl::StartDmaRx(unsigned char*, unsigned int, void (*)(void*), void (*)(void*, daisy::SpiHandle::Result), void*)
 .text._ZN5daisy9SpiHandle4Impl12StartDmaRxTxEPhS2_jPFvPvEPFvS3_NS0_6ResultEES3_
                0x0800f358       0x84 ../libDaisy/build/libdaisy.a(spi.o)
                0x0800f358                daisy::SpiHandle::Impl::StartDmaRxTx(unsigned char*, unsigned char*, unsigned int, void (*)(void*), void (*)(void*, daisy::SpiHandle::Result), void*)
 .text._ZN5daisy9SpiHandle4Impl8InitPinsEv
                0x0800f3dc      0x238 ../libDaisy/build/libdaisy.a(spi.o)
                0x0800f3dc                daisy::SpiHandle::Impl::InitPins()
 .text.HAL_SPI_MspInit
                0x0800f614      0x1a8 ../libDaisy/build/libdaisy.a(spi.o)
                0x0800f614                HAL_SPI_MspInit
 *fill*         0x0800f7bc        0x4 
 .text.dsy_spi_global_init
                0x0800f7c0       0x60 ../libDaisy/build/libdaisy.a(spi.o)
                0x0800f7c0                dsy_spi_global_init
 .text.SPI1_IRQHandler
                0x0800f820        0xc ../libDaisy/build/libdaisy.a(spi.o)
                0x0800f820                SPI1_IRQHandler
 .text.SPI2_IRQHandler
                0x0800f82c        0xc ../libDaisy/build/libdaisy.a(spi.o)
                0x0800f82c                SPI2_IRQHandler
 .text.SPI3_IRQHandler
                0x0800f838        0xc ../libDaisy/build/libdaisy.a(spi.o)
                0x0800f838                SPI3_IRQHandler
 .text.SPI4_IRQHandler
                0x0800f844        0xc ../libDaisy/build/libdaisy.a(spi.o)
                0x0800f844                SPI4_IRQHandler
 .text.SPI5_IRQHandler
                0x0800f850        0xc ../libDaisy/build/libdaisy.a(spi.o)
                0x0800f850                SPI5_IRQHandler
 .text.DMA2_Stream2_IRQHandler
                0x0800f85c       0x40 ../libDaisy/build/libdaisy.a(spi.o)
                0x0800f85c                DMA2_Stream2_IRQHandler
 .text.DMA2_Stream3_IRQHandler
                0x0800f89c       0x40 ../libDaisy/build/libdaisy.a(spi.o)
                0x0800f89c                DMA2_Stream3_IRQHandler
 .text.HAL_SPI_TxCpltCallback
                0x0800f8dc       0xc0 ../libDaisy/build/libdaisy.a(spi.o)
                0x0800f8dc                HAL_SPI_TxCpltCallback
 .text.HAL_SPI_RxCpltCallback
                0x0800f99c       0xc0 ../libDaisy/build/libdaisy.a(spi.o)
                0x0800f99c                HAL_SPI_RxCpltCallback
 .text.HAL_SPI_TxRxCpltCallback
                0x0800fa5c       0xc0 ../libDaisy/build/libdaisy.a(spi.o)
                0x0800fa5c                HAL_SPI_TxRxCpltCallback
 .text.HAL_SPI_ErrorCallback
                0x0800fb1c       0xc8 ../libDaisy/build/libdaisy.a(spi.o)
                0x0800fb1c                HAL_SPI_ErrorCallback
 *fill*         0x0800fbe4        0x4 
 .text.startup._GLOBAL__sub_I__Z19MapInstanceToHandleP11SPI_TypeDef
                0x0800fbe8      0x1cc ../libDaisy/build/libdaisy.a(spi.o)
 .text.HAL_TIM_Base_MspInit
                0x0800fdb4      0x198 ../libDaisy/build/libdaisy.a(tim.o)
                0x0800fdb4                HAL_TIM_Base_MspInit
 .text.HAL_TIM_PeriodElapsedCallback
                0x0800ff4c       0x44 ../libDaisy/build/libdaisy.a(tim.o)
                0x0800ff4c                HAL_TIM_PeriodElapsedCallback
 .text.TIM2_IRQHandler
                0x0800ff90        0xc ../libDaisy/build/libdaisy.a(tim.o)
                0x0800ff90                TIM2_IRQHandler
 .text.TIM3_IRQHandler
                0x0800ff9c        0xc ../libDaisy/build/libdaisy.a(tim.o)
                0x0800ff9c                TIM3_IRQHandler
 .text.TIM4_IRQHandler
                0x0800ffa8        0xc ../libDaisy/build/libdaisy.a(tim.o)
                0x0800ffa8                TIM4_IRQHandler
 .text.TIM5_IRQHandler
                0x0800ffb4        0xc ../libDaisy/build/libdaisy.a(tim.o)
                0x0800ffb4                TIM5_IRQHandler
 .text._ZN5daisy11TimerHandle4InitERKNS0_6ConfigE
                0x0800ffc0       0xc4 ../libDaisy/build/libdaisy.a(tim.o)
                0x0800ffc0                daisy::TimerHandle::Init(daisy::TimerHandle::Config const&)
 .text._ZN5daisy11TimerHandle5StartEv
                0x08010084       0x24 ../libDaisy/build/libdaisy.a(tim.o)
                0x08010084                daisy::TimerHandle::Start()
 .text.startup._GLOBAL__sub_I__ZN5daisy11TimerHandle4Impl4InitERKNS0_6ConfigE
                0x080100a8       0x44 ../libDaisy/build/libdaisy.a(tim.o)
 .text.HAL_MDMA_Abort_IT
                0x080100ec       0x28 ../libDaisy/build/libdaisy.a(stm32h7xx_hal_mdma.o)
                0x080100ec                HAL_MDMA_Abort_IT
 .text.SPI_CloseTransfer
                0x08010114       0xc0 ../libDaisy/build/libdaisy.a(stm32h7xx_hal_spi.o)
 .text.HAL_SPI_Init
                0x080101d4      0x180 ../libDaisy/build/libdaisy.a(stm32h7xx_hal_spi.o)
                0x080101d4                HAL_SPI_Init
 .text.HAL_SPI_Transmit_DMA
                0x08010354      0x158 ../libDaisy/build/libdaisy.a(stm32h7xx_hal_spi.o)
                0x08010354                HAL_SPI_Transmit_DMA
 .text.HAL_SPI_TransmitReceive_DMA
                0x080104ac      0x1f4 ../libDaisy/build/libdaisy.a(stm32h7xx_hal_spi.o)
                0x080104ac                HAL_SPI_TransmitReceive_DMA
 .text.HAL_SPI_Receive_DMA
                0x080106a0      0x18c ../libDaisy/build/libdaisy.a(stm32h7xx_hal_spi.o)
                0x080106a0                HAL_SPI_Receive_DMA
 .text.SPI_DMATransmitCplt
                0x0801082c       0x28 ../libDaisy/build/libdaisy.a(stm32h7xx_hal_spi.o)
 .text.SPI_DMAReceiveCplt
                0x08010854       0x28 ../libDaisy/build/libdaisy.a(stm32h7xx_hal_spi.o)
 .text.SPI_DMATransmitReceiveCplt
                0x0801087c       0x28 ../libDaisy/build/libdaisy.a(stm32h7xx_hal_spi.o)
 .text.HAL_SPI_TxHalfCpltCallback
                0x080108a4        0x4 ../libDaisy/build/libdaisy.a(stm32h7xx_hal_spi.o)
                0x080108a4                HAL_SPI_TxHalfCpltCallback
 .text.SPI_DMAHalfTransmitCplt
                0x080108a8        0xc ../libDaisy/build/libdaisy.a(stm32h7xx_hal_spi.o)
 .text.HAL_SPI_RxHalfCpltCallback
                0x080108b4        0x4 ../libDaisy/build/libdaisy.a(stm32h7xx_hal_spi.o)
                0x080108b4                HAL_SPI_RxHalfCpltCallback
 .text.SPI_DMAHalfReceiveCplt
                0x080108b8        0xc ../libDaisy/build/libdaisy.a(stm32h7xx_hal_spi.o)
 .text.HAL_SPI_TxRxHalfCpltCallback
                0x080108c4        0x4 ../libDaisy/build/libdaisy.a(stm32h7xx_hal_spi.o)
                0x080108c4                HAL_SPI_TxRxHalfCpltCallback
 .text.SPI_DMAHalfTransmitReceiveCplt
                0x080108c8        0xc ../libDaisy/build/libdaisy.a(stm32h7xx_hal_spi.o)
 .text.SPI_DMAError
                0x080108d4       0xd8 ../libDaisy/build/libdaisy.a(stm32h7xx_hal_spi.o)
 .text.HAL_SPI_IRQHandler
                0x080109ac      0x2b0 ../libDaisy/build/libdaisy.a(stm32h7xx_hal_spi.o)
                0x080109ac                HAL_SPI_IRQHandler
 .text.SPI_DMAAbortOnError
                0x08010c5c       0x1c ../libDaisy/build/libdaisy.a(stm32h7xx_hal_spi.o)
 .text.HAL_SPI_GetState
                0x08010c78        0x8 ../libDaisy/build/libdaisy.a(stm32h7xx_hal_spi.o)
                0x08010c78                HAL_SPI_GetState
 .text.HAL_TIM_Base_Init
                0x08010c80      0x12c ../libDaisy/build/libdaisy.a(stm32h7xx_hal_tim.o)
                0x08010c80                HAL_TIM_Base_Init
 .text.HAL_TIM_Base_Start
                0x08010dac       0x34 ../libDaisy/build/libdaisy.a(stm32h7xx_hal_tim.o)
                0x08010dac                HAL_TIM_Base_Start
 .text.HAL_TIM_Base_Start_IT
                0x08010de0       0x2c ../libDaisy/build/libdaisy.a(stm32h7xx_hal_tim.o)
                0x08010de0                HAL_TIM_Base_Start_IT
 .text.HAL_TIM_ConfigClockSource
                0x08010e0c      0x1a4 ../libDaisy/build/libdaisy.a(stm32h7xx_hal_tim.o)
                0x08010e0c                HAL_TIM_ConfigClockSource
 .text.HAL_TIM_OC_DelayElapsedCallback
                0x08010fb0        0x4 ../libDaisy/build/libdaisy.a(stm32h7xx_hal_tim.o)
                0x08010fb0                HAL_TIM_OC_DelayElapsedCallback
 .text.HAL_TIM_IC_CaptureCallback
                0x08010fb4        0x4 ../libDaisy/build/libdaisy.a(stm32h7xx_hal_tim.o)
                0x08010fb4                HAL_TIM_IC_CaptureCallback
 .text.HAL_TIM_PWM_PulseFinishedCallback
                0x08010fb8        0x4 ../libDaisy/build/libdaisy.a(stm32h7xx_hal_tim.o)
                0x08010fb8                HAL_TIM_PWM_PulseFinishedCallback
 .text.HAL_TIM_TriggerCallback
                0x08010fbc        0x4 ../libDaisy/build/libdaisy.a(stm32h7xx_hal_tim.o)
                0x08010fbc                HAL_TIM_TriggerCallback
 .text.HAL_TIM_IRQHandler
                0x08010fc0      0x170 ../libDaisy/build/libdaisy.a(stm32h7xx_hal_tim.o)
                0x08010fc0                HAL_TIM_IRQHandler
 .text.HAL_TIMEx_MasterConfigSynchronization
                0x08011130       0x68 ../libDaisy/build/libdaisy.a(stm32h7xx_hal_tim_ex.o)
                0x08011130                HAL_TIMEx_MasterConfigSynchronization
 .text.HAL_TIMEx_CommutCallback
                0x08011198        0x4 ../libDaisy/build/libdaisy.a(stm32h7xx_hal_tim_ex.o)
                0x08011198                HAL_TIMEx_CommutCallback
 .text.HAL_TIMEx_BreakCallback
                0x0801119c        0x4 ../libDaisy/build/libdaisy.a(stm32h7xx_hal_tim_ex.o)
                0x0801119c                HAL_TIMEx_BreakCallback
 .text.HAL_TIMEx_Break2Callback
                0x080111a0        0x4 ../libDaisy/build/libdaisy.a(stm32h7xx_hal_tim_ex.o)
                0x080111a0                HAL_TIMEx_Break2Callback
 .text.expf     0x080111a4       0xe4 /Applications/ArmGNUToolchain/15.2.rel1/arm-none-eabi/bin/../lib/gcc/arm-none-eabi/15.2.1/../../../../arm-none-eabi/lib/thumb/v7e-m+dp/hard/libm.a(libm_a-sf_exp.o)
                0x080111a4                expf
 .text.logf     0x08011288       0xd8 /Applications/ArmGNUToolchain/15.2.rel1/arm-none-eabi/bin/../lib/gcc/arm-none-eabi/15.2.1/../../../../arm-none-eabi/lib/thumb/v7e-m+dp/hard/libm.a(libm_a-sf_log.o)
                0x08011288                logf
 .text.powf     0x08011360      0x318 /Applications/ArmGNUToolchain/15.2.rel1/arm-none-eabi/bin/../lib/gcc/arm-none-eabi/15.2.1/../../../../arm-none-eabi/lib/thumb/v7e-m+dp/hard/libm.a(libm_a-sf_pow.o)
                0x08011360                powf
 .text.with_errnof
                0x08011678       0x18 /Applications/ArmGNUToolchain/15.2.rel1/arm-none-eabi/bin/../lib/gcc/arm-none-eabi/15.2.1/../../../../arm-none-eabi/lib/thumb/v7e-m+dp/hard/libm.a(libm_a-math_errf.o)
 .text.xflowf   0x08011690       0x20 /Applications/ArmGNUToolchain/15.2.rel1/arm-none-eabi/bin/../lib/gcc/arm-none-eabi/15.2.1/../../../../arm-none-eabi/lib/thumb/v7e-m+dp/hard/libm.a(libm_a-math_errf.o)
 .text.__math_uflowf
                0x080116b0        0xc /Applications/ArmGNUToolchain/15.2.rel1/arm-none-eabi/bin/../lib/gcc/arm-none-eabi/15.2.1/../../../../arm-none-eabi/lib/thumb/v7e-m+dp/hard/libm.a(libm_a-math_errf.o)
                0x080116b0                __math_uflowf
 .text.__math_may_uflowf
                0x080116bc        0xc /Applications/ArmGNUToolchain/15.2.rel1/arm-none-eabi/bin/../lib/gcc/arm-none-eabi/15.2.1/../../../../arm-none-eabi/lib/thumb/v7e-m+dp/hard/libm.a(libm_a-math_errf.o)
                0x080116bc                __math_may_uflowf
 .text.__math_oflowf
                0x080116c8        0xc /Applications/ArmGNUToolchain/15.2.rel1/arm-none-eabi/bin/../lib/gcc/arm-none-eabi/15.2.1/../../../../arm-none-eabi/lib/thumb/v7e-m+dp/hard/libm.a(libm_a-math_errf.o)
                0x080116c8                __math_oflowf
 .text.__math_divzerof
                0x080116d4       0x24 /Applications/ArmGNUToolchain/15.2.rel1/arm-none-eabi/bin/../lib/gcc/arm-none-eabi/15.2.1/../../../../arm-none-eabi/lib/thumb/v7e-m+dp/hard/libm.a(libm_a-math_errf.o)
                0x080116d4                __math_divzerof
 .text.__math_invalidf
                0x080116f8       0x20 /Applications/ArmGNUToolchain/15.2.rel1/arm-none-eabi/bin/../lib/gcc/arm-none-eabi/15.2.1/../../../../arm-none-eabi/lib/thumb/v7e-m+dp/hard/libm.a(libm_a-math_errf.o)
                0x080116f8                __math_invalidf
 .text.memset   0x08011718       0x10 /Applications/ArmGNUToolchain/15.2.rel1/arm-none-eabi/bin/../lib/gcc/arm-none-eabi/15.2.1/../../../../arm-none-eabi/lib/thumb/v7e-m+dp/hard/libc_nano.a(libc_a-memset.o)
                0x08011718                memset
 .text.__errno  0x08011728        0xc /Applications/ArmGNUToolchain/15.2.rel1/arm-none-eabi/bin/../lib/gcc/arm-none-eabi/15.2.1/../../../../arm-none-eabi/lib/thumb/v7e-m+dp/hard/libc_nano.a(libc_a-errno.o)
                0x08011728                __errno
 .text.__libc_init_array
                0x08011734       0x48 /Applications/ArmGNUToolchain/15.2.rel1/arm-none-eabi/bin/../lib/gcc/arm-none-eabi/15.2.1/../../../../arm-none-eabi/lib/thumb/v7e-m+dp/hard/libc_nano.a(libc_a-init.o)
                0x08011734                __libc_init_array
 .text.memcpy   0x0801177c       0x1c /Applications/ArmGNUToolchain/15.2.rel1/arm-none-eabi/bin/../lib/gcc/arm-none-eabi/15.2.1/../../../../arm-none-eabi/lib/thumb/v7e-m+dp/hard/libc_nano.a(libc_a-memcpy-stub.o)
                0x0801177c                memcpy
 .text.__udivmoddi4
                0x08011798      0x320 /Applications/ArmGNUToolchain/15.2.rel1/arm-none-eabi/bin/../lib/gcc/arm-none-eabi/15.2.1/thumb/v7e-m+dp/hard/libgcc.a(_udivmoddi4.o)
                0x08011798                __udivmoddi4
 *(.rodata)
 .rodata        0x08011ab8        0x6 ../libDaisy/build/libdaisy.a(midi.o)
 *fill*         0x08011abe        0x2 
 .rodata        0x08011ac0       0x10 ../libDaisy/build/libdaisy.a(i2c.o)
 .rodata        0x08011ad0       0x12 ../libDaisy/build/libdaisy.a(uart.o)
 *fill*         0x08011ae2        0x2 
 .rodata        0x08011ae4        0x8 ../libDaisy/build/libdaisy.a(stm32h7xx_hal_uart_ex.o)
 .rodata        0x08011aec       0x10 ../libDaisy/build/libdaisy.a(tim.o)
 *(.rodata*)
 .rodata._ZL7kChords
                0x08011afc       0x60 build/ReactivePedal.o
 .rodata._ZL8kPattern
                0x08011b5c       0x40 build/ReactivePedal.o
 .rodata._ZL16dsy_adc_rank_map
                0x08011b9c       0x40 ../libDaisy/build/libdaisy.a(adc.o)
 .rodata.CSWTCH.40
                0x08011bdc       0x14 ../libDaisy/build/libdaisy.a(sai.o)
 .rodata.CSWTCH.32
                0x08011bf0        0xc ../libDaisy/build/libdaisy.a(sai.o)
 .rodata.CSWTCH.31
                0x08011bfc        0x3 ../libDaisy/build/libdaisy.a(sai.o)
 *fill*         0x08011bff        0x1 
 .rodata.CSWTCH.76
                0x08011c00        0xc ../libDaisy/build/libdaisy.a(uart.o)
 .rodata.CSWTCH.75
                0x08011c0c       0x10 ../libDaisy/build/libdaisy.a(uart.o)
 .rodata.CSWTCH.74
                0x08011c1c        0xc ../libDaisy/build/libdaisy.a(uart.o)
 .rodata.CSWTCH.73
                0x08011c28       0x24 ../libDaisy/build/libdaisy.a(uart.o)
 .rodata.D1CorePrescTable
                0x08011c4c       0x10 ../libDaisy/build/libdaisy.a(system_stm32h7xx.o)
                0x08011c4c                D1CorePrescTable
 .rodata._ZN5daisy5Color15standard_colorsE
                0x08011c5c       0x60 ../libDaisy/build/libdaisy.a(color.o)
                0x08011c5c                daisy::Color::standard_colors
 .rodata.gpio_hal_pin_map
                0x08011cbc       0x20 ../libDaisy/build/libdaisy.a(hal_map.o)
 .rodata.gpio_hal_port_map
                0x08011cdc       0x30 ../libDaisy/build/libdaisy.a(hal_map.o)
 .rodata.flagBitshiftOffset.0
                0x08011d0c        0x8 ../libDaisy/build/libdaisy.a(stm32h7xx_hal_dma.o)
 *fill*         0x08011d14        0x4 
 .rodata.CSWTCH.95
                0x08011d18       0x58 ../libDaisy/build/libdaisy.a(stm32h7xx_hal_uart.o)
 .rodata.CSWTCH.88
                0x08011d70       0x2c ../libDaisy/build/libdaisy.a(stm32h7xx_hal_uart.o)
 .rodata.HAL_UARTEx_EnableFifoMode.str1.4
                0x08011d9c        0x9 ../libDaisy/build/libdaisy.a(stm32h7xx_hal_uart_ex.o)
 *fill*         0x08011da5        0x3 
 .rodata._ZL16pins_periphs_spi
                0x08011da8       0x60 ../libDaisy/build/libdaisy.a(spi.o)
 .rodata._ZL13pins_none_spi
                0x08011e08        0x3 ../libDaisy/build/libdaisy.a(spi.o)
 *fill*         0x08011e0b        0x5 
 .rodata.__exp2f_data
                0x08011e10      0x148 /Applications/ArmGNUToolchain/15.2.rel1/arm-none-eabi/bin/../lib/gcc/arm-none-eabi/15.2.1/../../../../arm-none-eabi/lib/thumb/v7e-m+dp/hard/libm.a(libm_a-sf_exp2_data.o)
                0x08011e10                __exp2f_data
 .rodata.__logf_data
                0x08011f58      0x120 /Applications/ArmGNUToolchain/15.2.rel1/arm-none-eabi/bin/../lib/gcc/arm-none-eabi/15.2.1/../../../../arm-none-eabi/lib/thumb/v7e-m+dp/hard/libm.a(libm_a-sf_log_data.o)
                0x08011f58                __logf_data
 .rodata.__powf_log2_data
                0x08012078      0x128 /Applications/ArmGNUToolchain/15.2.rel1/arm-none-eabi/bin/../lib/gcc/arm-none-eabi/15.2.1/../../../../arm-none-eabi/lib/thumb/v7e-m+dp/hard/libm.a(libm_a-sf_pow_log2_data.o)
                0x08012078                __powf_log2_data
 *(.glue_7)
 .glue_7        0x080121a0        0x0 linker stubs
 *(.glue_7t)
 .glue_7t       0x080121a0        0x0 linker stubs
 *(.init)
 .init          0x080121a0        0x4 /Applications/ArmGNUToolchain/15.2.rel1/arm-none-eabi/bin/../lib/gcc/arm-none-eabi/15.2.1/thumb/v7e-m+dp/hard/crti.o
                0x080121a0                _init
 .init          0x080121a4        0x8 /Applications/ArmGNUToolchain/15.2.rel1/arm-none-eabi/bin/../lib/gcc/arm-none-eabi/15.2.1/thumb/v7e-m+dp/hard/crtn.o
 *(.fini)
 .fini          0x080121ac        0x4 /Applications/ArmGNUToolchain/15.2.rel1/arm-none-eabi/bin/../lib/gcc/arm-none-eabi/15.2.1/thumb/v7e-m+dp/hard/crti.o