Archive member included to satisfy reference by file (symbol)

../libDaisy/build/libdaisy.a(daisy_pod.o)
                              build/ReactivePedal.o (daisy::DaisyPod::StartAudio(void (*)(float const* const*, float**, unsigned int)))
../libDaisy/build/libdaisy.a(daisy_seed.o)
                              ../libDaisy/build/libdaisy.a(daisy_pod.o) (daisy::DaisySeed::Configure())
../libDaisy/build/libdaisy.a(codec_ak4556.o)
                              ../libDaisy/build/libdaisy.a(daisy_seed.o) (daisy::Ak4556::Init(dsy_gpio_pin))
../libDaisy/build/libdaisy.a(codec_wm8731.o)
                              ../libDaisy/build/libdaisy.a(daisy_seed.o) (daisy::Wm8731::Init(daisy::Wm8731::Config const&, daisy::I2CHandle))
../libDaisy/build/libdaisy.a(sdram.o)
                              ../libDaisy/build/libdaisy.a(daisy_seed.o) (SdramHandle::Init())
../libDaisy/build/libdaisy.a(audio.o)
                              ../libDaisy/build/libdaisy.a(daisy_seed.o) (daisy::AudioHandle::Init(daisy::AudioHandle::Config const&, daisy::SaiHandle))
../libDaisy/build/libdaisy.a(ctrl.o)
                              ../libDaisy/build/libdaisy.a(daisy_pod.o) (daisy::AnalogControl::Init(unsigned short*, float, bool, bool, float))
../libDaisy/build/libdaisy.a(encoder.o)
                              ../libDaisy/build/libdaisy.a(daisy_pod.o) (daisy::Encoder::Init(dsy_gpio_pin, dsy_gpio_pin, dsy_gpio_pin, float))
../libDaisy/build/libdaisy.a(logger.o)
                              build/ReactivePedal.o (daisy::Logger<(daisy::LoggerDestination)1>::PrintLine(char const*, ...))
../libDaisy/build/libdaisy.a(midi.o)
                              build/ReactivePedal.o (daisy::MidiUartTransport::Config::Config())
../libDaisy/build/libdaisy.a(midi_parser.o)
                              ../libDaisy/build/libdaisy.a(daisy_pod.o) (daisy::MidiParser::Reset())
../libDaisy/build/libdaisy.a(rgb_led.o)
                              ../libDaisy/build/libdaisy.a(daisy_pod.o) (daisy::RgbLed::Init(dsy_gpio_pin, dsy_gpio_pin, dsy_gpio_pin, bool))
../libDaisy/build/libdaisy.a(switch.o)
                              ../libDaisy/build/libdaisy.a(daisy_pod.o) (daisy::Switch::Init(dsy_gpio_pin, float))
../libDaisy/build/libdaisy.a(usb.o)
                              ../libDaisy/build/libdaisy.a(logger.o) (daisy::UsbHandle::Init(daisy::UsbHandle::UsbPeriph))
../libDaisy/build/libdaisy.a(adc.o)
                              ../libDaisy/build/libdaisy.a(daisy_pod.o) (daisy::AdcChannelConfig::InitSingle(dsy_gpio_pin, daisy::AdcChannelConfig::ConversionSpeed))
../libDaisy/build/libdaisy.a(gpio.o)
                              ../libDaisy/build/libdaisy.a(daisy_seed.o) (daisy::GPIO::Init(daisy::Pin, daisy::GPIO::Mode, daisy::GPIO::Pull, daisy::GPIO::Speed))
../libDaisy/build/libdaisy.a(i2c.o)
                              ../libDaisy/build/libdaisy.a(daisy_seed.o) (daisy::I2CHandle::Init(daisy::I2CHandle::Config const&))
../libDaisy/build/libdaisy.a(qspi.o)
                              ../libDaisy/build/libdaisy.a(daisy_seed.o) (daisy::QSPIHandle::Init(daisy::QSPIHandle::Config const&))
../libDaisy/build/libdaisy.a(sai.o)
                              ../libDaisy/build/libdaisy.a(daisy_seed.o) (daisy::SaiHandle::Init(daisy::SaiHandle::Config const&))
../libDaisy/build/libdaisy.a(uart.o)
                              ../libDaisy/build/libdaisy.a(daisy_pod.o) (daisy::UartHandler::Init(daisy::UartHandler::Config const&))
../libDaisy/build/libdaisy.a(dma.o)
                              ../libDaisy/build/libdaisy.a(uart.o) (dsy_dma_invalidate_cache_for_buffer)
../libDaisy/build/libdaisy.a(system.o)
                              ../libDaisy/build/libdaisy.a(daisy_seed.o) (daisy::System::DeInit())
../libDaisy/build/libdaisy.a(usbd_cdc_if.o)
                              ../libDaisy/build/libdaisy.a(usb.o) (CDC_Transmit_FS)
../libDaisy/build/libdaisy.a(usbd_conf.o)
                              ../libDaisy/build/libdaisy.a(usb.o) (hpcd_USB_OTG_FS)
../libDaisy/build/libdaisy.a(usbd_desc.o)
                              ../libDaisy/build/libdaisy.a(usb.o) (HS_Desc)
../libDaisy/build/libdaisy.a(usbh_conf.o)
                              ../libDaisy/build/libdaisy.a(system.o) (hhcd_USB_OTG_HS)
../libDaisy/build/libdaisy.a(color.o)
                              ../libDaisy/build/libdaisy.a(daisy_pod.o) (daisy::Color::Init(daisy::Color::PresetColor))
../libDaisy/build/libdaisy.a(hal_map.o)
                              ../libDaisy/build/libdaisy.a(gpio.o) (dsy_hal_map_get_port)
../libDaisy/build/libdaisy.a(stm32h7xx_hal.o)
                              ../libDaisy/build/libdaisy.a(system.o) (HAL_Init)
../libDaisy/build/libdaisy.a(stm32h7xx_hal_adc.o)
                              ../libDaisy/build/libdaisy.a(adc.o) (HAL_ADC_ConfigChannel)
../libDaisy/build/libdaisy.a(stm32h7xx_hal_adc_ex.o)
                              ../libDaisy/build/libdaisy.a(adc.o) (HAL_ADCEx_Calibration_Start)
../libDaisy/build/libdaisy.a(stm32h7xx_hal_cortex.o)
[...]
Memory Configuration

Name             Origin             Length             Attributes
FLASH            0x08000000         0x00020000         xr
DTCMRAM          0x20000000         0x00020000         xrw
SRAM             0x24000000         0x00078000         xrw
RAM_D2_DMA       0x30000000         0x00008000         xrw
RAM_D2           0x30008000         0x00040000         xrw
RAM_D3           0x38000000         0x00010000         xrw
BACKUP_SRAM      0x38800000         0x00001000         xrw
ITCMRAM          0x00000000         0x00010000         xrw
SDRAM            0xc0000000         0x04000000         xrw
QSPIFLASH        0x90040000         0x007c0000         xr
*default*        0x00000000         0xffffffff

Linker script and memory map

LOAD /Applications/ArmGNUToolchain/15.2.rel1/arm-none-eabi/bin/../lib/gcc/arm-none-eabi/15.2.1/thumb/v7e-m+dp/hard/crti.o
LOAD /Applications/ArmGNUToolchain/15.2.rel1/arm-none-eabi/bin/../lib/gcc/arm-none-eabi/15.2.1/thumb/v7e-m+dp/hard/crtbegin.o
LOAD /Applications/ArmGNUToolchain/15.2.rel1/arm-none-eabi/bin/../lib/gcc/arm-none-eabi/15.2.1/../../../../arm-none-eabi/lib/thumb/v7e-m+dp/hard/crt0.o
LOAD build/arm_rfft_fast_f32.o
LOAD build/arm_rfft_fast_init_f32.o
LOAD build/arm_cfft_f32.o
LOAD build/arm_cfft_radix8_f32.o
LOAD build/arm_cfft_radix4_f32.o
LOAD build/arm_bitreversal.o
LOAD build/arm_common_tables.o
LOAD build/arm_const_structs.o
LOAD build/startup_stm32h750xx.o
LOAD build/ReactivePedal.o
LOAD build/FeatureExtractor.o
LOAD build/NeuralNet.o
LOAD build/arm_bitreversal2.o
LOAD ../libDaisy/build/libdaisy.a
LOAD /Applications/ArmGNUToolchain/15.2.rel1/arm-none-eabi/bin/../lib/gcc/arm-none-eabi/15.2.1/../../../../arm-none-eabi/lib/thumb/v7e-m+dp/hard/libnosys.a
LOAD ../DaisySP/build/libdaisysp.a
LOAD /Applications/ArmGNUToolchain/15.2.rel1/arm-none-eabi/bin/../lib/gcc/arm-none-eabi/15.2.1/../../../../arm-none-eabi/lib/thumb/v7e-m+dp/hard/libstdc++_nano.a
LOAD /Applications/ArmGNUToolchain/15.2.rel1/arm-none-eabi/bin/../lib/gcc/arm-none-eabi/15.2.1/../../../../arm-none-eabi/lib/thumb/v7e-m+dp/hard/libm.a
LOAD /Applications/ArmGNUToolchain/15.2.rel1/arm-none-eabi/bin/../lib/gcc/arm-none-eabi/15.2.1/../../../../arm-none-eabi/lib/thumb/v7e-m+dp/hard/libc_nano.a
START GROUP
LOAD /Applications/ArmGNUToolchain/15.2.rel1/arm-none-eabi/bin/../lib/gcc/arm-none-eabi/15.2.1/thumb/v7e-m+dp/hard/libgcc.a
LOAD /Applications/ArmGNUToolchain/15.2.rel1/arm-none-eabi/bin/../lib/gcc/arm-none-eabi/15.2.1/../../../../arm-none-eabi/lib/thumb/v7e-m+dp/hard/libc_nano.a
END GROUP
START GROUP
LOAD /Applications/ArmGNUToolchain/15.2.rel1/arm-none-eabi/bin/../lib/gcc/arm-none-eabi/15.2.1/thumb/v7e-m+dp/hard/libgcc.a
LOAD /Applications/ArmGNUToolchain/15.2.rel1/arm-none-eabi/bin/../lib/gcc/arm-none-eabi/15.2.1/../../../../arm-none-eabi/lib/thumb/v7e-m+dp/hard/libc_nano.a
LOAD /Applications/ArmGNUToolchain/15.2.rel1/arm-none-eabi/bin/../lib/gcc/arm-none-eabi/15.2.1/../../../../arm-none-eabi/lib/thumb/v7e-m+dp/hard/libnosys.a
END GROUP
START GROUP
LOAD /Applications/ArmGNUToolchain/15.2.rel1/arm-none-eabi/bin/../lib/gcc/arm-none-eabi/15.2.1/thumb/v7e-m+dp/hard/libgcc.a
LOAD /Applications/ArmGNUToolchain/15.2.rel1/arm-none-eabi/bin/../lib/gcc/arm-none-eabi/15.2.1/../../../../arm-none-eabi/lib/thumb/v7e-m+dp/hard/libc_nano.a
LOAD /Applications/ArmGNUToolchain/15.2.rel1/arm-none-eabi/bin/../lib/gcc/arm-none-eabi/15.2.1/../../../../arm-none-eabi/lib/thumb/v7e-m+dp/hard/libnosys.a
END GROUP
LOAD /Applications/ArmGNUToolchain/15.2.rel1/arm-none-eabi/bin/../lib/gcc/arm-none-eabi/15.2.1/thumb/v7e-m+dp/hard/crtend.o
LOAD /Applications/ArmGNUToolchain/15.2.rel1/arm-none-eabi/bin/../lib/gcc/arm-none-eabi/15.2.1/thumb/v7e-m+dp/hard/crtn.o
                0x20020000                        _estack = 0x20020000

.isr_vector     0x24000000      0x298
                0x24000000                        . = ALIGN (0x4)
 *(.isr_vector)
 .isr_vector    0x24000000      0x298 build/startup_stm32h750xx.o
                0x24000000                g_pfnVectors
                0x24000298                        . = ALIGN (0x4)

.text           0x240002a0    0x17744
                0x240002a0                        . = ALIGN (0x4)
                0x240002a0                        _stext = .
 *(.text)
 .text          0x240002a0       0x10 /Applications/ArmGNUToolchain/15.2.rel1/arm-none-eabi/bin/../lib/gcc/arm-none-eabi/15.2.1/../../../../arm-none-eabi/lib/thumb/v7e-m+dp/hard/libc_nano.a(libc_a-strlen.o)
                0x240002a0                strlen
 .text          0x240002b0       0xa0 /Applications/ArmGNUToolchain/15.2.rel1/arm-none-eabi/bin/../lib/gcc/arm-none-eabi/15.2.1/../../../../arm-none-eabi/lib/thumb/v7e-m+dp/hard/libc_nano.a(libc_a-memchr.o)
                0x240002b0                memchr
 .text          0x24000350      0x378 /Applications/ArmGNUToolchain/15.2.rel1/arm-none-eabi/bin/../lib/gcc/arm-none-eabi/15.2.1/thumb/v7e-m+dp/hard/libgcc.a(_arm_addsubdf3.o)
                0x24000350                __aeabi_drsub
                0x24000358                __subdf3
                0x24000358                __aeabi_dsub
                0x2400035c                __aeabi_dadd
                0x2400035c                __adddf3
                0x240005d4                __aeabi_ui2d
                0x240005d4                __floatunsidf
                0x240005f4                __floatsidf
                0x240005f4                __aeabi_i2d
                0x24000618                __extendsfdf2
                0x24000618                __aeabi_f2d
                0x2400065c                __aeabi_ul2d
                0x2400065c                __floatundidf
                0x2400066c                __aeabi_l2d
                0x2400066c                __floatdidf
 .text          0x240006c8       0x30 /Applications/ArmGNUToolchain/15.2.rel1/arm-none-eabi/bin/../lib/gcc/arm-none-eabi/15.2.1/thumb/v7e-m+dp/hard/libgcc.a(_aeabi_uldivmod.o)
                0x240006c8                __aeabi_uldivmod
 .text          0x240006f8        0x4 /Applications/ArmGNUToolchain/15.2.rel1/arm-none-eabi/bin/../lib/gcc/arm-none-eabi/15.2.1/thumb/v7e-m+dp/hard/libgcc.a(_dvmd_tls.o)
                0x240006f8                __aeabi_ldiv0
                0x240006f8                __aeabi_idiv0
 *(.text*)
 .text.deregister_tm_clones
                0x240006fc       0x1c /Applications/ArmGNUToolchain/15.2.rel1/arm-none-eabi/bin/../lib/gcc/arm-none-eabi/15.2.1/thumb/v7e-m+dp/hard/crtbegin.o
 .text.register_tm_clones
                0x24000718       0x24 /Applications/ArmGNUToolchain/15.2.rel1/arm-none-eabi/bin/../lib/gcc/arm-none-eabi/15.2.1/thumb/v7e-m+dp/hard/crtbegin.o
 .text.__do_global_dtors_aux
                0x2400073c       0x28 /Applications/ArmGNUToolchain/15.2.rel1/arm-none-eabi/bin/../lib/gcc/arm-none-eabi/15.2.1/thumb/v7e-m+dp/hard/crtbegin.o
 .text.frame_dummy
                0x24000764       0x24 /Applications/ArmGNUToolchain/15.2.rel1/arm-none-eabi/bin/../lib/gcc/arm-none-eabi/15.2.1/thumb/v7e-m+dp/hard/crtbegin.o
 .text.Default_Handler
                0x24000788        0x4 build/startup_stm32h750xx.o
                0x24000788                SAI1_IRQHandler
                0x24000788                HASH_RNG_IRQHandler
                0x24000788                EXTI2_IRQHandler
                0x24000788                TIM8_CC_IRQHandler
                0x24000788                HRTIM1_Master_IRQHandler
                0x24000788                DebugMon_Handler
                0x24000788                TIM1_CC_IRQHandler
                0x24000788                BDMA_Channel6_IRQHandler
                0x24000788                DMA2_Stream5_IRQHandler
                0x24000788                HRTIM1_FLT_IRQHandler
                0x24000788                JPEG_IRQHandler
                0x24000788                BDMA_Channel1_IRQHandler
                0x24000788                HRTIM1_TIMD_IRQHandler
                0x24000788                TAMP_STAMP_IRQHandler
                0x24000788                PendSV_Handler
                0x24000788                NMI_Handler
                0x24000788                EXTI3_IRQHandler
                0x24000788                LPTIM4_IRQHandler
                0x24000788                TIM8_TRG_COM_TIM14_IRQHandler
                0x24000788                LPTIM2_IRQHandler
                0x24000788                DFSDM1_FLT1_IRQHandler
                0x24000788                DMAMUX2_OVR_IRQHandler
                0x24000788                TIM8_UP_TIM13_IRQHandler
                0x24000788                I2C3_ER_IRQHandler
                0x24000788                DFSDM1_FLT2_IRQHandler
                0x24000788                MDMA_IRQHandler
                0x24000788                LPTIM3_IRQHandler
                0x24000788                HSEM1_IRQHandler
                0x24000788                EXTI0_IRQHandler
                0x24000788                FPU_IRQHandler
                0x24000788                OTG_HS_WKUP_IRQHandler
                0x24000788                FDCAN1_IT1_IRQHandler
                0x24000788                UsageFault_Handler
                0x24000788                LTDC_ER_IRQHandler
                0x24000788                HRTIM1_TIME_IRQHandler
                0x24000788                TIM6_DAC_IRQHandler
                0x24000788                DCMI_IRQHandler
                0x24000788                HRTIM1_TIMC_IRQHandler
                0x24000788                SAI2_IRQHandler
                0x24000788                DFSDM1_FLT3_IRQHandler
                0x24000788                TIM17_IRQHandler
                0x24000788                CRYP_IRQHandler
                0x24000788                BDMA_Channel7_IRQHandler
                0x24000788                LPTIM5_IRQHandler
                0x24000788                ADC3_IRQHandler
                0x24000788                DMA2_Stream0_IRQHandler
                0x24000788                BDMA_Channel2_IRQHandler
                0x24000788                DMAMUX1_OVR_IRQHandler
                0x24000788                TIM16_IRQHandler
                0x24000788                BDMA_Channel5_IRQHandler
                0x24000788                RCC_IRQHandler
                0x24000788                TIM8_BRK_TIM12_IRQHandler
                0x24000788                TIM1_TRG_COM_IRQHandler
                0x24000788                Default_Handler
                0x24000788                ECC_IRQHandler
                0x24000788                CEC_IRQHandler
                0x24000788                EXTI15_10_IRQHandler
                0x24000788                BDMA_Channel0_IRQHandler
                0x24000788                ADC_IRQHandler
                0x24000788                DMA1_Stream7_IRQHandler
                0x24000788                HRTIM1_TIMA_IRQHandler
                0x24000788                TIM7_IRQHandler
                0x24000788                SDMMC1_IRQHandler
                0x24000788                DMA2_Stream7_IRQHandler
                0x24000788                TIM15_IRQHandler
                0x24000788                PVD_AVD_IRQHandler
                0x24000788                EXTI9_5_IRQHandler
                0x24000788                RTC_WKUP_IRQHandler
                0x24000788                LTDC_IRQHandler
                0x24000788                SAI3_IRQHandler
                0x24000788                ETH_WKUP_IRQHandler
                0x24000788                SPDIF_RX_IRQHandler
                0x24000788                MemManage_Handler
                0x24000788                SVC_Handler
                0x24000788                CRS_IRQHandler
                0x24000788                EXTI4_IRQHandler
                0x24000788                HRTIM1_TIMB_IRQHandler
                0x24000788                FDCAN2_IT1_IRQHandler
                0x24000788                ETH_IRQHandler
                0x24000788                TIM1_UP_IRQHandler
                0x24000788                BDMA_Channel4_IRQHandler
                0x24000788                WWDG_IRQHandler
                0x24000788                SPI6_IRQHandler
                0x24000788                I2C4_EV_IRQHandler
                0x24000788                MDIOS_IRQHandler
                0x24000788                FDCAN2_IT0_IRQHandler
                0x24000788                FDCAN1_IT0_IRQHandler
                0x24000788                OTG_FS_WKUP_IRQHandler
                0x24000788                DMA2D_IRQHandler
                0x24000788                TIM1_BRK_IRQHandler
                0x24000788                EXTI1_IRQHandler
                0x24000788                SDMMC2_IRQHandler
                0x24000788                BDMA_Channel3_IRQHandler
                0x24000788                MDIOS_WKUP_IRQHandler
                0x24000788                DFSDM1_FLT0_IRQHandler
                0x24000788                SAI4_IRQHandler
                0x24000788                I2C2_ER_IRQHandler
                0x24000788                DMA2_Stream1_IRQHandler
                0x24000788                FLASH_IRQHandler
                0x24000788                BusFault_Handler
                0x24000788                WAKEUP_PIN_IRQHandler
                0x24000788                I2C1_ER_IRQHandler
                0x24000788                FMC_IRQHandler
                0x24000788                FDCAN_CAL_IRQHandler
                0x24000788                SWPMI1_IRQHandler
                0x24000788                COMP1_IRQHandler
                0x24000788                LPTIM1_IRQHandler
                0x24000788                I2C4_ER_IRQHandler
                0x24000788                DMA2_Stream6_IRQHandler
                0x24000788                RTC_Alarm_IRQHandler
 .text.Reset_Handler
                0x2400078c       0x44 build/startup_stm32h750xx.o
                0x2400078c                Reset_Handler
 .text._Z21UpdatePredictionStatebRK13AudioFeatures.part.0
                0x240007d0      0x20c build/ReactivePedal.o
 .text._Z14SmoothFeaturesRK13AudioFeaturesRS_
                0x240009dc      0x154 build/ReactivePedal.o
                0x240009dc                SmoothFeatures(AudioFeatures const&, AudioFeatures&)
 .text._Z11ResetPhrasev
                0x24000b30       0xa0 build/ReactivePedal.o
                0x24000b30                ResetPhrase()
 .text._Z16AccumulatePhraseRK13AudioFeaturesm
                0x24000bd0      0x228 build/ReactivePedal.o
                0x24000bd0                AccumulatePhrase(AudioFeatures const&, unsigned long)
 .text._Z14FinalisePhraseR13AudioFeatures
                0x24000df8      0x148 build/ReactivePedal.o
                0x24000df8                FinalisePhrase(AudioFeatures&)
 .text._Z26ShouldAcceptTrainingPhraseiRK13AudioFeaturesm
                0x24000f40      0x2a0 build/ReactivePedal.o
                0x24000f40                ShouldAcceptTrainingPhrase(int, AudioFeatures const&, unsigned long)
 .text._Z27ComputeDatasetNormalisationv
                0x240011e0      0x1d0 build/ReactivePedal.o
                0x240011e0                ComputeDatasetNormalisation()
 .text._Z23TrainNetworkFromBuffersv
                0x240013b0       0xb0 build/ReactivePedal.o
                0x240013b0                TrainNetworkFromBuffers()
 .text._Z19ClassifyByNeuralNetRK13AudioFeatures
                0x24001460       0x58 build/ReactivePedal.o
                0x24001460                ClassifyByNeuralNet(AudioFeatures const&)
 .text._Z20ResetPredictionStatev
                0x240014b8       0x88 build/ReactivePedal.o
                0x240014b8                ResetPredictionState()
 .text._Z21UpdatePredictionStatebRK13AudioFeatures
                0x24001540       0x80 build/ReactivePedal.o
                0x24001540                UpdatePredictionState(bool, AudioFeatures const&)
 .text._Z16ApplyPresetIndexi
                0x240015c0       0x70 build/ReactivePedal.o
                0x240015c0                ApplyPresetIndex(int)
 .text._Z11ProcessTonef
                0x24001630      0x118 build/ReactivePedal.o
                0x24001630                ProcessTone(float)
 .text._Z9ReadDelayf
                0x24001748       0x9c build/ReactivePedal.o
                0x24001748                ReadDelay(float)
 .text._Z16ambientProcessorf
                0x240017e4      0x14c build/ReactivePedal.o
                0x240017e4                ambientProcessor(float)
 .text._Z15reverbProcessorf
                0x24001930      0x124 build/ReactivePedal.o
                0x24001930                reverbProcessor(float)
 .text._Z14GenerateSignalv
                0x24001a54      0x2d8 build/ReactivePedal.o
                0x24001a54                GenerateSignal()
 .text._Z13chorusSamplerPKPKfPPfj
                0x24001d2c      0x16c build/ReactivePedal.o
                0x24001d2c                chorusSampler(float const* const*, float**, unsigned int)
 .text._Z13AudioCallBackPKPKfPPfj
                0x24001e98        0x4 build/ReactivePedal.o
                0x24001e98                AudioCallBack(float const* const*, float**, unsigned int)
 .text.startup.main
                0x24001e9c      0xae0 build/ReactivePedal.o
                0x24001e9c                main
 .text.startup._GLOBAL__sub_I_hw
                0x2400297c      0x1b4 build/ReactivePedal.o
 .text._ZN16FeatureExtractor4InitEjf
                0x24002b30      0x110 build/FeatureExtractor.o
                0x24002b30                FeatureExtractor::Init(unsigned int, float)
 .text._ZN16FeatureExtractor10PushSampleEf
                0x24002c40       0x4c build/FeatureExtractor.o
                0x24002c40                FeatureExtractor::PushSample(float)
 .text._ZN16FeatureExtractor25ComputeTimeDomainFeaturesEPKfR13AudioFeatures
                0x24002c8c      0x128 build/FeatureExtractor.o
                0x24002c8c                FeatureExtractor::ComputeTimeDomainFeatures(float const*, AudioFeatures&)
 .text._ZN16FeatureExtractor23ComputeSpectralFeaturesEPKfR13AudioFeatures
                0x24002db4      0x15c build/FeatureExtractor.o
                0x24002db4                FeatureExtractor::ComputeSpectralFeatures(float const*, AudioFeatures&)
 .text._ZN16FeatureExtractor12ProcessFrameER13AudioFeatures
                0x24002f10      0x244 build/FeatureExtractor.o
                0x24002f10                FeatureExtractor::ProcessFrame(AudioFeatures&)
 .text._ZN9NeuralNet4InitEv
                0x24003154       0xbc build/NeuralNet.o
                0x24003154                NeuralNet::Init()
 .text._ZN9NeuralNet13NormalisationEPKfS1_
                0x24003210       0x30 build/NeuralNet.o
                0x24003210                NeuralNet::Normalisation(float const*, float const*)
 .text._ZNK9NeuralNet14NormaliseInputERK13AudioFeaturesPf
                0x24003240       0x8c build/NeuralNet.o
                0x24003240                NeuralNet::NormaliseInput(AudioFeatures const&, float*) const
 .text._ZNK9NeuralNet7PredictERK13AudioFeatures
                0x240032cc      0x134 build/NeuralNet.o
                0x240032cc                NeuralNet::Predict(AudioFeatures const&) const
 .text._ZN9NeuralNet5TrainERK13AudioFeaturesif
                0x24003400      0x208 build/NeuralNet.o
                0x24003400                NeuralNet::Train(AudioFeatures const&, int, float)
 .text._ZNK9NeuralNet9SaveStateER12MappingState
                0x24003608       0x98 build/NeuralNet.o
                0x24003608                NeuralNet::SaveState(MappingState&) const
 .text._ZN9NeuralNet9LoadStateERK12MappingState
                0x240036a0       0x98 build/NeuralNet.o
                0x240036a0                NeuralNet::LoadState(MappingState const&)
 .text._ZN5daisy8DaisyPod10StartAudioEPFvPKPKfPPfjE
                0x24003738        0x4 ../libDaisy/build/libdaisy.a(daisy_pod.o)
                0x24003738                daisy::DaisyPod::StartAudio(void (*)(float const* const*, float**, unsigned int))
 .text._ZN5daisy8DaisyPod17SetAudioBlockSizeEj
                0x2400373c       0x28 ../libDaisy/build/libdaisy.a(daisy_pod.o)
                0x2400373c                daisy::DaisyPod::SetAudioBlockSize(unsigned int)
 .text._ZN5daisy8DaisyPod18SetAudioSampleRateENS_9SaiHandle6Config10SampleRateE
                0x24003764       0x28 ../libDaisy/build/libdaisy.a(daisy_pod.o)
                0x24003764                daisy::DaisyPod::SetAudioSampleRate(daisy::SaiHandle::Config::SampleRate)
 .text._ZN5daisy8DaisyPod21ProcessAnalogControlsEv
                0x2400378c       0x18 ../libDaisy/build/libdaisy.a(daisy_pod.o)
                0x2400378c                daisy::DaisyPod::ProcessAnalogControls()
 .text._ZN5daisy8DaisyPod22ProcessDigitalControlsEv
                0x240037a4       0x20 ../libDaisy/build/libdaisy.a(daisy_pod.o)
                0x240037a4                daisy::DaisyPod::ProcessDigitalControls()
 .text._ZN5daisy8DaisyPod8InitLedsEv
                0x240037c4       0x9c ../libDaisy/build/libdaisy.a(daisy_pod.o)
                0x240037c4                daisy::DaisyPod::InitLeds()
 .text._ZN5daisy8DaisyPod9InitKnobsEv
                0x24003860       0x98 ../libDaisy/build/libdaisy.a(daisy_pod.o)
                0x24003860                daisy::DaisyPod::InitKnobs()
 .text._ZN5daisy8DaisyPod4InitEb
                0x240038f8      0x120 ../libDaisy/build/libdaisy.a(daisy_pod.o)
                0x240038f8                daisy::DaisyPod::Init(bool)
 .text._ZN5daisy9DaisySeed9ConfigureEv
                0x24003a18        0x4 ../libDaisy/build/libdaisy.a(daisy_seed.o)
                0x24003a18                daisy::DaisySeed::Configure()
 .text._ZN5daisy9DaisySeed10StartAudioEPFvPKPKfPPfjE
                0x24003a1c        0x8 ../libDaisy/build/libdaisy.a(daisy_seed.o)
                0x24003a1c                daisy::DaisySeed::StartAudio(void (*)(float const* const*, float**, unsigned int))
 .text._ZN5daisy9DaisySeed18SetAudioSampleRateENS_9SaiHandle6Config10SampleRateE
                0x24003a24       0x38 ../libDaisy/build/libdaisy.a(daisy_seed.o)
                0x24003a24                daisy::DaisySeed::SetAudioSampleRate(daisy::SaiHandle::Config::SampleRate)
 .text._ZN5daisy9DaisySeed17SetAudioBlockSizeEj
                0x24003a5c       0x38 ../libDaisy/build/libdaisy.a(daisy_seed.o)
                0x24003a5c                daisy::DaisySeed::SetAudioBlockSize(unsigned int)
 .text._ZNK5daisy9DaisySeed17AudioCallbackRateEv
                0x24003a94        0x8 ../libDaisy/build/libdaisy.a(daisy_seed.o)
                0x24003a94                daisy::DaisySeed::AudioCallbackRate() const
 .text._ZN5daisy9DaisySeed17CheckBoardVersionEv
                0x24003a9c       0x68 ../libDaisy/build/libdaisy.a(daisy_seed.o)
                0x24003a9c                daisy::DaisySeed::CheckBoardVersion()
 .text._ZN5daisy9DaisySeed14ConfigureAudioEv
                0x24003b04      0x100 ../libDaisy/build/libdaisy.a(daisy_seed.o)
                0x24003b04                daisy::DaisySeed::ConfigureAudio()
 .text._ZN5daisy9DaisySeed4InitEb
                0x24003c04       0xf4 ../libDaisy/build/libdaisy.a(daisy_seed.o)
                0x24003c04                daisy::DaisySeed::Init(bool)
 .text._ZN5daisy6Ak45564InitE12dsy_gpio_pin
                0x24003cf8       0x3c ../libDaisy/build/libdaisy.a(codec_ak4556.o)
                0x24003cf8                daisy::Ak4556::Init(dsy_gpio_pin)
 .text._ZN5daisy6Wm873120WriteControlRegisterEht
                0x24003d34       0x3c ../libDaisy/build/libdaisy.a(codec_wm8731.o)
                0x24003d34                daisy::Wm8731::WriteControlRegister(unsigned char, unsigned short)
 .text._ZN5daisy6Wm87314InitERKNS0_6ConfigENS_9I2CHandleE
                0x24003d70      0x1b0 ../libDaisy/build/libdaisy.a(codec_wm8731.o)
                0x24003d70                daisy::Wm8731::Init(daisy::Wm8731::Config const&, daisy::I2CHandle)
 .text._ZN11SdramHandle10DeviceInitEv
                0x24003f20       0x88 ../libDaisy/build/libdaisy.a(sdram.o)
                0x24003f20                SdramHandle::DeviceInit()
 .text._ZN11SdramHandle4InitEv
                0x24003fa8       0x88 ../libDaisy/build/libdaisy.a(sdram.o)
                0x24003fa8                SdramHandle::Init()
 .text.HAL_SDRAM_MspInit
                0x24004030      0x19c ../libDaisy/build/libdaisy.a(sdram.o)
                0x24004030                HAL_SDRAM_MspInit
 .text._ZN5daisy11AudioHandle4Impl16InternalCallbackEPlS2_j
                0x240041cc      0xdac ../libDaisy/build/libdaisy.a(audio.o)
                0x240041cc                daisy::AudioHandle::Impl::InternalCallback(long*, long*, unsigned int)
 .text._ZN5daisy11AudioHandle4InitERKNS0_6ConfigENS_9SaiHandleE
                0x24004f78       0x74 ../libDaisy/build/libdaisy.a(audio.o)
                0x24004f78                daisy::AudioHandle::Init(daisy::AudioHandle::Config const&, daisy::SaiHandle)
 .text._ZNK5daisy11AudioHandle9GetConfigEv
                0x24004fec        0x8 ../libDaisy/build/libdaisy.a(audio.o)
                0x24004fec                daisy::AudioHandle::GetConfig() const
 .text._ZN5daisy11AudioHandle12SetBlockSizeEj
                0x24004ff4       0x1c ../libDaisy/build/libdaisy.a(audio.o)
                0x24004ff4                daisy::AudioHandle::SetBlockSize(unsigned int)
 .text._ZN5daisy11AudioHandle13GetSampleRateEv
                0x24005010        0x8 ../libDaisy/build/libdaisy.a(audio.o)
                0x24005010                daisy::AudioHandle::GetSampleRate()
 .text._ZN5daisy11AudioHandle13SetSampleRateENS_9SaiHandle6Config10SampleRateE
                0x24005018       0x88 ../libDaisy/build/libdaisy.a(audio.o)
                0x24005018                daisy::AudioHandle::SetSampleRate(daisy::SaiHandle::Config::SampleRate)
 .text._ZN5daisy11AudioHandle5StartEPFvPKPKfPPfjE
                0x240050a0       0x44 ../libDaisy/build/libdaisy.a(audio.o)
                0x240050a0                daisy::AudioHandle::Start(void (*)(float const* const*, float**, unsigned int))
 .text.startup._GLOBAL__sub_I__ZN5daisy11AudioHandle4Impl4InitENS0_6ConfigENS_9SaiHandleE
                0x240050e4       0x20 ../libDaisy/build/libdaisy.a(audio.o)
 .text._ZN5daisy13AnalogControl4InitEPtfbbf
                0x24005104       0x5c ../libDaisy/build/libdaisy.a(ctrl.o)
                0x24005104                daisy::AnalogControl::Init(unsigned short*, float, bool, bool, float)
 .text._ZN5daisy13AnalogControl7ProcessEv
                0x24005160       0x48 ../libDaisy/build/libdaisy.a(ctrl.o)
                0x24005160                daisy::AnalogControl::Process()
 .text._ZN5daisy13AnalogControl13SetSampleRateEf
                0x240051a8       0x50 ../libDaisy/build/libdaisy.a(ctrl.o)
                0x240051a8                daisy::AnalogControl::SetSampleRate(float)
 .text._ZN5daisy7Encoder4InitE12dsy_gpio_pinS1_S1_f
                0x240051f8       0x60 ../libDaisy/build/libdaisy.a(encoder.o)
                0x240051f8                daisy::Encoder::Init(dsy_gpio_pin, dsy_gpio_pin, dsy_gpio_pin, float)
 .text._ZN5daisy7Encoder8DebounceEv
                0x24005258       0x84 ../libDaisy/build/libdaisy.a(encoder.o)
                0x24005258                daisy::Encoder::Debounce()
 .text._ZN5daisy6LoggerILNS_17LoggerDestinationE1EE9PrintLineEPKcz
                0x240052dc       0xc4 ../libDaisy/build/libdaisy.a(logger.o)
                0x240052dc                daisy::Logger<(daisy::LoggerDestination)1>::PrintLine(char const*, ...)
 .text._ZN5daisy6LoggerILNS_17LoggerDestinationE1EE8StartLogEb
                0x240053a0       0x38 ../libDaisy/build/libdaisy.a(logger.o)
                0x240053a0                daisy::Logger<(daisy::LoggerDestination)1>::StartLog(bool)
 .text._ZN5daisy17MidiUartTransport6ConfigC2Ev
                0x240053d8       0x28 ../libDaisy/build/libdaisy.a(midi.o)
                0x240053d8                daisy::MidiUartTransport::Config::Config()
                0x240053d8                daisy::MidiUartTransport::Config::Config()
 .text._ZN5daisy10MidiParser5ResetEv
                0x24005400        0xc ../libDaisy/build/libdaisy.a(midi_parser.o)
                0x24005400                daisy::MidiParser::Reset()
 .text._ZN5daisy6RgbLed4InitE12dsy_gpio_pinS1_S1_b
                0x2400540c       0x58 ../libDaisy/build/libdaisy.a(rgb_led.o)
                0x2400540c                daisy::RgbLed::Init(dsy_gpio_pin, dsy_gpio_pin, dsy_gpio_pin, bool)
 .text._ZN5daisy6RgbLed8SetColorENS_5ColorE
                0x24005464       0x2c ../libDaisy/build/libdaisy.a(rgb_led.o)
                0x24005464                daisy::RgbLed::SetColor(daisy::Color)
 .text._ZN5daisy6RgbLed6UpdateEv
                0x24005490       0x1c ../libDaisy/build/libdaisy.a(rgb_led.o)
                0x24005490                daisy::RgbLed::Update()
 .text._ZN5daisy6Switch4InitE12dsy_gpio_pinf
                0x240054ac       0x30 ../libDaisy/build/libdaisy.a(switch.o)
                0x240054ac                daisy::Switch::Init(dsy_gpio_pin, float)
 .text._ZN5daisy6Switch8DebounceEv
                0x240054dc       0x68 ../libDaisy/build/libdaisy.a(switch.o)
                0x240054dc                daisy::Switch::Debounce()
 .text.DummyRxCallback
                0x24005544        0x4 ../libDaisy/build/libdaisy.a(usb.o)
                0x24005544                DummyRxCallback
 .text._ZN5daisy9UsbHandle4InitENS0_9UsbPeriphE
                0x24005548      0x114 ../libDaisy/build/libdaisy.a(usb.o)
                0x24005548                daisy::UsbHandle::Init(daisy::UsbHandle::UsbPeriph)
 .text._ZN5daisy9UsbHandle16TransmitInternalEPhj
                0x2400565c       0x14 ../libDaisy/build/libdaisy.a(usb.o)
                0x2400565c                daisy::UsbHandle::TransmitInternal(unsigned char*, unsigned int)
 .text.OTG_FS_EP1_OUT_IRQHandler
                0x24005670        0xc ../libDaisy/build/libdaisy.a(usb.o)
                0x24005670                OTG_FS_EP1_OUT_IRQHandler
 .text.OTG_FS_EP1_IN_IRQHandler
                0x2400567c        0xc ../libDaisy/build/libdaisy.a(usb.o)
                0x2400567c                OTG_FS_EP1_IN_IRQHandler
 .text.OTG_FS_IRQHandler
                0x24005688        0xc ../libDaisy/build/libdaisy.a(usb.o)
                0x24005688                OTG_FS_IRQHandler
 .text._ZN5daisy16AdcChannelConfig10InitSingleE12dsy_gpio_pinNS0_15ConversionSpeedE
                0x24005694       0x24 ../libDaisy/build/libdaisy.a(adc.o)
                0x24005694                daisy::AdcChannelConfig::InitSingle(dsy_gpio_pin, daisy::AdcChannelConfig::ConversionSpeed)
 .text._ZN5daisy9AdcHandle4InitEPNS_16AdcChannelConfigEjNS0_12OverSamplingE
                0x240056b8      0x3f0 ../libDaisy/build/libdaisy.a(adc.o)
                0x240056b8                daisy::AdcHandle::Init(daisy::AdcChannelConfig*, unsigned int, daisy::AdcHandle::OverSampling)
 .text._ZNK5daisy9AdcHandle6GetPtrEh
                0x24005aa8       0x18 ../libDaisy/build/libdaisy.a(adc.o)
                0x24005aa8                daisy::AdcHandle::GetPtr(unsigned char) const
 .text.HAL_ADC_MspInit
                0x24005ac0       0x9c ../libDaisy/build/libdaisy.a(adc.o)
                0x24005ac0                HAL_ADC_MspInit
 .text.DMA1_Stream2_IRQHandler
                0x24005b5c        0xc ../libDaisy/build/libdaisy.a(adc.o)
                0x24005b5c                DMA1_Stream2_IRQHandler
 .text._ZN5daisy4GPIO4InitENS_3PinENS0_4ModeENS0_4PullENS0_5SpeedE
                0x24005b68      0x224 ../libDaisy/build/libdaisy.a(gpio.o)
                0x24005b68                daisy::GPIO::Init(daisy::Pin, daisy::GPIO::Mode, daisy::GPIO::Pull, daisy::GPIO::Speed)
 .text._ZN5daisy4GPIO4ReadEv
                0x24005d8c       0x18 ../libDaisy/build/libdaisy.a(gpio.o)
                0x24005d8c                daisy::GPIO::Read()
 .text._ZN5daisy4GPIO5WriteEb
                0x24005da4       0x14 ../libDaisy/build/libdaisy.a(gpio.o)
                0x24005da4                daisy::GPIO::Write(bool)
 .text.dsy_gpio_init
                0x24005db8      0x1bc ../libDaisy/build/libdaisy.a(gpio.o)
                0x24005db8                dsy_gpio_init
 .text.dsy_gpio_read
                0x24005f74       0x1c ../libDaisy/build/libdaisy.a(gpio.o)
                0x24005f74                dsy_gpio_read
 .text.dsy_gpio_write
                0x24005f90       0x24 ../libDaisy/build/libdaisy.a(gpio.o)
                0x24005f90                dsy_gpio_write
 .text._ZN5daisy9I2CHandle4Impl8InitPinsEv
                0x24005fb4       0x50 ../libDaisy/build/libdaisy.a(i2c.o)
                0x24005fb4                daisy::I2CHandle::Impl::InitPins()
 .text.HAL_I2C_MspInit
                0x24006004      0x1c8 ../libDaisy/build/libdaisy.a(i2c.o)
                0x24006004                HAL_I2C_MspInit
 .text.dsy_i2c_global_init
                0x240061cc       0x40 ../libDaisy/build/libdaisy.a(i2c.o)
                0x240061cc                dsy_i2c_global_init
 .text.DMA1_Stream6_IRQHandler
                0x2400620c       0x40 ../libDaisy/build/libdaisy.a(i2c.o)
                0x2400620c                DMA1_Stream6_IRQHandler
 .text.I2C1_EV_IRQHandler
                0x2400624c        0xc ../libDaisy/build/libdaisy.a(i2c.o)
                0x2400624c                I2C1_EV_IRQHandler
 .text.I2C2_EV_IRQHandler
                0x24006258        0xc ../libDaisy/build/libdaisy.a(i2c.o)
                0x24006258                I2C2_EV_IRQHandler
 .text.I2C3_EV_IRQHandler
                0x24006264        0xc ../libDaisy/build/libdaisy.a(i2c.o)
                0x24006264                I2C3_EV_IRQHandler
 .text._ZN5daisy9I2CHandle4InitERKNS0_6ConfigE
                0x24006270      0x134 ../libDaisy/build/libdaisy.a(i2c.o)
                0x24006270                daisy::I2CHandle::Init(daisy::I2CHandle::Config const&)
 .text._ZN5daisy9I2CHandle16TransmitBlockingEtPhtm
                0x240063a4       0x50 ../libDaisy/build/libdaisy.a(i2c.o)
                0x240063a4                daisy::I2CHandle::TransmitBlocking(unsigned short, unsigned char*, unsigned short, unsigned long)
 .text.startup._GLOBAL__sub_I__ZN5daisy9I2CHandle4Impl10GlobalInitEv
                0x240063f4       0x18 ../libDaisy/build/libdaisy.a(i2c.o)
 .text._ZN5daisy10QSPIHandle4Impl11WriteEnableEv
                0x2400640c       0x8c ../libDaisy/build/libdaisy.a(qspi.o)
                0x2400640c                daisy::QSPIHandle::Impl::WriteEnable()
 .text._ZN5daisy10QSPIHandle4Impl17DummyCyclesConfigENS0_6Config6DeviceE
                0x24006498      0x108 ../libDaisy/build/libdaisy.a(qspi.o)
                0x24006498                daisy::QSPIHandle::Impl::DummyCyclesConfig(daisy::QSPIHandle::Config::Device)
 .text._ZN5daisy10QSPIHandle4Impl10QuadEnableEv
                0x240065a0      0x13c ../libDaisy/build/libdaisy.a(qspi.o)
                0x240065a0                daisy::QSPIHandle::Impl::QuadEnable()
 *fill*         0x240066dc        0x4 
 .text._ZN5daisy10QSPIHandle4InitERKNS0_6ConfigE
                0x240066e0      0x188 ../libDaisy/build/libdaisy.a(qspi.o)
                0x240066e0                daisy::QSPIHandle::Init(daisy::QSPIHandle::Config const&)
 .text.HAL_QSPI_MspInit
                0x24006868      0x110 ../libDaisy/build/libdaisy.a(qspi.o)
                0x24006868                HAL_QSPI_MspInit
 .text.HAL_QSPI_MspDeInit
                0x24006978       0x54 ../libDaisy/build/libdaisy.a(qspi.o)
                0x24006978                HAL_QSPI_MspDeInit
 .text.QUADSPI_IRQHandler
                0x240069cc        0xc ../libDaisy/build/libdaisy.a(qspi.o)
                0x240069cc                QUADSPI_IRQHandler
 .text.startup._GLOBAL__sub_I__ZN5daisy10QSPIHandle4Impl4InitERKNS0_6ConfigE
                0x240069d8       0x24 ../libDaisy/build/libdaisy.a(qspi.o)
 .text._ZN5daisy9SaiHandle4Impl8InitPinsEv
                0x240069fc       0xa0 ../libDaisy/build/libdaisy.a(sai.o)
                0x240069fc                daisy::SaiHandle::Impl::InitPins()
 .text.HAL_SAI_MspInit
                0x24006a9c      0x2e0 ../libDaisy/build/libdaisy.a(sai.o)
                0x24006a9c                HAL_SAI_MspInit
 .text.DMA1_Stream0_IRQHandler
                0x24006d7c        0xc ../libDaisy/build/libdaisy.a(sai.o)
                0x24006d7c                DMA1_Stream0_IRQHandler
 .text.DMA1_Stream1_IRQHandler
                0x24006d88        0xc ../libDaisy/build/libdaisy.a(sai.o)
                0x24006d88                DMA1_Stream1_IRQHandler
 .text.DMA1_Stream3_IRQHandler
                0x24006d94        0xc ../libDaisy/build/libdaisy.a(sai.o)
                0x24006d94                DMA1_Stream3_IRQHandler
 .text.DMA1_Stream4_IRQHandler
                0x24006da0        0xc ../libDaisy/build/libdaisy.a(sai.o)
                0x24006da0                DMA1_Stream4_IRQHandler
 .text.HAL_SAI_RxHalfCpltCallback
                0x24006dac       0x78 ../libDaisy/build/libdaisy.a(sai.o)
                0x24006dac                HAL_SAI_RxHalfCpltCallback
 .text.HAL_SAI_RxCpltCallback
                0x24006e24       0x70 ../libDaisy/build/libdaisy.a(sai.o)
                0x24006e24                HAL_SAI_RxCpltCallback
 *fill*         0x24006e94        0x4 
 .text._ZN5daisy9SaiHandle4InitERKNS0_6ConfigE
                0x24006e98      0x1fc ../libDaisy/build/libdaisy.a(sai.o)
                0x24006e98                daisy::SaiHandle::Init(daisy::SaiHandle::Config const&)
 .text._ZNK5daisy9SaiHandle9GetConfigEv
                0x24007094        0x4 ../libDaisy/build/libdaisy.a(sai.o)
                0x24007094                daisy::SaiHandle::GetConfig() const
 .text._ZN5daisy9SaiHandle8StartDmaEPlS1_jPFvS1_S1_jE
                0x24007098       0xb4 ../libDaisy/build/libdaisy.a(sai.o)
                0x24007098                daisy::SaiHandle::StartDma(long*, long*, unsigned int, void (*)(long*, long*, unsigned int))
 .text._ZN5daisy9SaiHandle13GetSampleRateEv
                0x2400714c       0x24 ../libDaisy/build/libdaisy.a(sai.o)
                0x2400714c                daisy::SaiHandle::GetSampleRate()
 .text._ZNK5daisy9SaiHandle9GetOffsetEv
                0x24007170        0x8 ../libDaisy/build/libdaisy.a(sai.o)
                0x24007170                daisy::SaiHandle::GetOffset() const
 .text._ZL20UART_CheckRxListenerPN5daisy11UartHandler4ImplE
                0x24007178       0x88 ../libDaisy/build/libdaisy.a(uart.o)
 .text._ZN5daisy11UartHandler4Impl10StartDmaTxEPhjPFvPvEPFvS3_NS0_6ResultEES3_
                0x24007200      0x16c ../libDaisy/build/libdaisy.a(uart.o)
                0x24007200                daisy::UartHandler::Impl::StartDmaTx(unsigned char*, unsigned int, void (*)(void*), void (*)(void*, daisy::UartHandler::Result), void*)
 .text._ZN5daisy11UartHandler4Impl10StartDmaRxEPhjPFvPvEPFvS3_NS0_6ResultEES3_
                0x2400736c      0x16c ../libDaisy/build/libdaisy.a(uart.o)
                0x2400736c                daisy::UartHandler::Impl::StartDmaRx(unsigned char*, unsigned int, void (*)(void*), void (*)(void*, daisy::UartHandler::Result), void*)
 .text._ZN5daisy11UartHandler4Impl19DmaTransferFinishedEP20__UART_HandleTypeDefNS0_6ResultE
                0x240074d8       0xbc ../libDaisy/build/libdaisy.a(uart.o)
                0x240074d8                daisy::UartHandler::Impl::DmaTransferFinished(__UART_HandleTypeDef*, daisy::UartHandler::Result)
 .text._ZN5daisy11UartHandler4Impl8InitPinsEv
                0x24007594      0x174 ../libDaisy/build/libdaisy.a(uart.o)
                0x24007594                daisy::UartHandler::Impl::InitPins()
 .text.HAL_UART_MspInit
                0x24007708      0x214 ../libDaisy/build/libdaisy.a(uart.o)
                0x24007708                HAL_UART_MspInit
 *fill*         0x2400791c        0x4 
 .text.dsy_uart_global_init
                0x24007920       0xb8 ../libDaisy/build/libdaisy.a(uart.o)
                0x24007920                dsy_uart_global_init
 .text.USART1_IRQHandler
                0x240079d8       0x30 ../libDaisy/build/libdaisy.a(uart.o)
                0x240079d8                USART1_IRQHandler
 .text.USART2_IRQHandler
                0x24007a08       0x38 ../libDaisy/build/libdaisy.a(uart.o)
                0x24007a08                USART2_IRQHandler
 .text.USART3_IRQHandler
                0x24007a40       0x38 ../libDaisy/build/libdaisy.a(uart.o)
                0x24007a40                USART3_IRQHandler
 .text.UART4_IRQHandler
                0x24007a78       0x38 ../libDaisy/build/libdaisy.a(uart.o)
                0x24007a78                UART4_IRQHandler
 .text.UART5_IRQHandler
                0x24007ab0       0x38 ../libDaisy/build/libdaisy.a(uart.o)
                0x24007ab0                UART5_IRQHandler
 .text.USART6_IRQHandler
                0x24007ae8       0x38 ../libDaisy/build/libdaisy.a(uart.o)
                0x24007ae8                USART6_IRQHandler
 .text.UART7_IRQHandler
                0x24007b20       0x38 ../libDaisy/build/libdaisy.a(uart.o)
                0x24007b20                UART7_IRQHandler
 .text.UART8_IRQHandler
                0x24007b58       0x38 ../libDaisy/build/libdaisy.a(uart.o)
                0x24007b58                UART8_IRQHandler
 .text.LPUART1_IRQHandler
                0x24007b90       0x38 ../libDaisy/build/libdaisy.a(uart.o)
                0x24007b90                LPUART1_IRQHandler
 .text.DMA1_Stream5_IRQHandler
                0x24007bc8       0x40 ../libDaisy/build/libdaisy.a(uart.o)
                0x24007bc8                DMA1_Stream5_IRQHandler
 .text.DMA2_Stream4_IRQHandler
                0x24007c08       0x40 ../libDaisy/build/libdaisy.a(uart.o)
                0x24007c08                DMA2_Stream4_IRQHandler
 .text.HAL_UART_TxCpltCallback
                0x24007c48        0x8 ../libDaisy/build/libdaisy.a(uart.o)
                0x24007c48                HAL_UART_TxCpltCallback
 .text.HAL_UART_RxCpltCallback
                0x24007c50       0x94 ../libDaisy/build/libdaisy.a(uart.o)
                0x24007c50                HAL_UART_RxCpltCallback
 .text.HAL_UART_RxHalfCpltCallback
                0x24007ce4       0x90 ../libDaisy/build/libdaisy.a(uart.o)
                0x24007ce4                HAL_UART_RxHalfCpltCallback
 .text.HAL_UART_ErrorCallback
                0x24007d74        0x8 ../libDaisy/build/libdaisy.a(uart.o)
                0x24007d74                HAL_UART_ErrorCallback
 .text._ZN5daisy11UartHandler4InitERKNS0_6ConfigE
                0x24007d7c       0xe8 ../libDaisy/build/libdaisy.a(uart.o)
                0x24007d7c                daisy::UartHandler::Init(daisy::UartHandler::Config const&)
 *fill*         0x24007e64        0x4 
 .text.startup._GLOBAL__sub_I__Z19MapInstanceToHandleP13USART_TypeDef
                0x24007e68      0x1bc ../libDaisy/build/libdaisy.a(uart.o)
 .text.dsy_dma_init
                0x24008024      0x104 ../libDaisy/build/libdaisy.a(dma.o)
                0x24008024                dsy_dma_init
 .text.dsy_dma_invalidate_cache_for_buffer
                0x24008128       0x2c ../libDaisy/build/libdaisy.a(dma.o)
                0x24008128                dsy_dma_invalidate_cache_for_buffer
 .text.SysTick_Handler
                0x24008154       0x10 ../libDaisy/build/libdaisy.a(system.o)
                0x24008154                SysTick_Handler
 .text.OTG_HS_EP1_OUT_IRQHandler
                0x24008164       0x24 ../libDaisy/build/libdaisy.a(system.o)
                0x24008164                OTG_HS_EP1_OUT_IRQHandler
 .text.OTG_HS_EP1_IN_IRQHandler
                0x24008188       0x24 ../libDaisy/build/libdaisy.a(system.o)
                0x24008188                OTG_HS_EP1_IN_IRQHandler
 .text.OTG_HS_IRQHandler
                0x240081ac       0x24 ../libDaisy/build/libdaisy.a(system.o)
                0x240081ac                OTG_HS_IRQHandler
 .text.HardFault_Handler
                0x240081d0       0xe0 ../libDaisy/build/libdaisy.a(system.o)
                0x240081d0                HardFault_Handler
 .text._ZN5daisy6System6GetNowEv
                0x240082b0        0x4 ../libDaisy/build/libdaisy.a(system.o)
                0x240082b0                daisy::System::GetNow()
 .text._ZN5daisy6System5DelayEm
                0x240082b4        0x4 ../libDaisy/build/libdaisy.a(system.o)
                0x240082b4                daisy::System::Delay(unsigned long)
 .text._ZN5daisy6System20GetBootloaderVersionEv
                0x240082b8       0x34 ../libDaisy/build/libdaisy.a(system.o)
                0x240082b8                daisy::System::GetBootloaderVersion()
 .text._ZN5daisy6System15ConfigureClocksEv
                0x240082ec      0x18c ../libDaisy/build/libdaisy.a(system.o)
                0x240082ec                daisy::System::ConfigureClocks()
 .text._ZN5daisy6System12ConfigureMpuEv
                0x24008478       0x7c ../libDaisy/build/libdaisy.a(system.o)
                0x24008478                daisy::System::ConfigureMpu()
 .text._ZN5daisy6System4InitERKNS0_6ConfigE
                0x240084f4       0xec ../libDaisy/build/libdaisy.a(system.o)
                0x240084f4                daisy::System::Init(daisy::System::Config const&)
 .text._ZN5daisy6System12GetPClk1FreqEv
                0x240085e0        0x4 ../libDaisy/build/libdaisy.a(system.o)
                0x240085e0                daisy::System::GetPClk1Freq()
 .text._ZN5daisy6System22GetProgramMemoryRegionEv
                0x240085e4       0x78 ../libDaisy/build/libdaisy.a(system.o)
                0x240085e4                daisy::System::GetProgramMemoryRegion()
 .text.startup._GLOBAL__sub_I__ZN5daisy9boot_infoE
                0x2400865c        0xc ../libDaisy/build/libdaisy.a(system.o)
 .text.dummy_rx_callback
                0x24008668        0x4 ../libDaisy/build/libdaisy.a(usbd_cdc_if.o)
                0x24008668                dummy_rx_callback
 .text.CDC_DeInit_FS
                0x2400866c        0x4 ../libDaisy/build/libdaisy.a(usbd_cdc_if.o)
 .text.CDC_Receive_FS
                0x24008670       0x2c ../libDaisy/build/libdaisy.a(usbd_cdc_if.o)
 .text.CDC_Receive_HS
                0x2400869c       0x2c ../libDaisy/build/libdaisy.a(usbd_cdc_if.o)
 .text.CDC_Init_FS
                0x240086c8       0x3c ../libDaisy/build/libdaisy.a(usbd_cdc_if.o)
 .text.CDC_Init_HS
                0x24008704       0x3c ../libDaisy/build/libdaisy.a(usbd_cdc_if.o)
 .text.CDC_Control_FS
                0x24008740       0x38 ../libDaisy/build/libdaisy.a(usbd_cdc_if.o)
 .text.CDC_Control_HS
                0x24008778       0x38 ../libDaisy/build/libdaisy.a(usbd_cdc_if.o)
 .text.CDC_DeInit_HS
                0x240087b0        0x4 ../libDaisy/build/libdaisy.a(usbd_cdc_if.o)
 .text.CDC_Transmit_FS
                0x240087b4       0x2c ../libDaisy/build/libdaisy.a(usbd_cdc_if.o)
                0x240087b4                CDC_Transmit_FS
 .text.HAL_PCD_MspInit
                0x240087e0      0x154 ../libDaisy/build/libdaisy.a(usbd_conf.o)
                0x240087e0                HAL_PCD_MspInit
 .text.HAL_PCD_SetupStageCallback
                0x24008934        0xc ../libDaisy/build/libdaisy.a(usbd_conf.o)
                0x24008934                HAL_PCD_SetupStageCallback
 .text.HAL_PCD_DataOutStageCallback
                0x24008940       0x18 ../libDaisy/build/libdaisy.a(usbd_conf.o)
                0x24008940                HAL_PCD_DataOutStageCallback
 .text.HAL_PCD_DataInStageCallback
                0x24008958       0x14 ../libDaisy/build/libdaisy.a(usbd_conf.o)
                0x24008958                HAL_PCD_DataInStageCallback
 .text.HAL_PCD_SOFCallback
                0x2400896c        0x8 ../libDaisy/build/libdaisy.a(usbd_conf.o)
                0x2400896c                HAL_PCD_SOFCallback
 .text.HAL_PCD_ResetCallback
                0x24008974       0x2c ../libDaisy/build/libdaisy.a(usbd_conf.o)
                0x24008974                HAL_PCD_ResetCallback
 .text.HAL_PCD_SuspendCallback
                0x240089a0       0x30 ../libDaisy/build/libdaisy.a(usbd_conf.o)
                0x240089a0                HAL_PCD_SuspendCallback
 .text.HAL_PCD_ResumeCallback
                0x240089d0        0x8 ../libDaisy/build/libdaisy.a(usbd_conf.o)
                0x240089d0                HAL_PCD_ResumeCallback
 .text.HAL_PCD_ISOOUTIncompleteCallback
                0x240089d8        0x8 ../libDaisy/build/libdaisy.a(usbd_conf.o)
                0x240089d8                HAL_PCD_ISOOUTIncompleteCallback
 .text.HAL_PCD_ISOINIncompleteCallback
                0x240089e0        0x8 ../libDaisy/build/libdaisy.a(usbd_conf.o)
                0x240089e0                HAL_PCD_ISOINIncompleteCallback
 .text.HAL_PCD_ConnectCallback
                0x240089e8        0x8 ../libDaisy/build/libdaisy.a(usbd_conf.o)
                0x240089e8                HAL_PCD_ConnectCallback
 .text.HAL_PCD_DisconnectCallback
                0x240089f0        0x8 ../libDaisy/build/libdaisy.a(usbd_conf.o)
                0x240089f0                HAL_PCD_DisconnectCallback
 .text.USBD_LL_Init
                0x240089f8       0xd8 ../libDaisy/build/libdaisy.a(usbd_conf.o)
                0x240089f8                USBD_LL_Init
 .text.USBD_LL_Start
                0x24008ad0       0x18 ../libDaisy/build/libdaisy.a(usbd_conf.o)
                0x24008ad0                USBD_LL_Start
 .text.USBD_LL_OpenEP
                0x24008ae8       0x1c ../libDaisy/build/libdaisy.a(usbd_conf.o)
                0x24008ae8                USBD_LL_OpenEP
 .text.USBD_LL_CloseEP
                0x24008b04       0x18 ../libDaisy/build/libdaisy.a(usbd_conf.o)
                0x24008b04                USBD_LL_CloseEP
 .text.USBD_LL_StallEP
                0x24008b1c       0x18 ../libDaisy/build/libdaisy.a(usbd_conf.o)
                0x24008b1c                USBD_LL_StallEP
 .text.USBD_LL_ClearStallEP
                0x24008b34       0x18 ../libDaisy/build/libdaisy.a(usbd_conf.o)
                0x24008b34                USBD_LL_ClearStallEP
 .text.USBD_LL_IsStallEP
                0x24008b4c       0x28 ../libDaisy/build/libdaisy.a(usbd_conf.o)
                0x24008b4c                USBD_LL_IsStallEP
 .text.USBD_LL_SetUSBAddress
                0x24008b74       0x18 ../libDaisy/build/libdaisy.a(usbd_conf.o)
                0x24008b74                USBD_LL_SetUSBAddress
 .text.USBD_LL_Transmit
                0x24008b8c       0x18 ../libDaisy/build/libdaisy.a(usbd_conf.o)
                0x24008b8c                USBD_LL_Transmit
 .text.USBD_LL_PrepareReceive
                0x24008ba4       0x18 ../libDaisy/build/libdaisy.a(usbd_conf.o)
                0x24008ba4                USBD_LL_PrepareReceive
 .text.USBD_LL_GetRxDataSize
                0x24008bbc        0x8 ../libDaisy/build/libdaisy.a(usbd_conf.o)
                0x24008bbc                USBD_LL_GetRxDataSize
 .text.USBD_HS_DeviceDescriptor
                0x24008bc4        0xc ../libDaisy/build/libdaisy.a(usbd_desc.o)
                0x24008bc4                USBD_HS_DeviceDescriptor
 .text.USBD_FS_DeviceDescriptor
                0x24008bd0        0xc ../libDaisy/build/libdaisy.a(usbd_desc.o)
                0x24008bd0                USBD_FS_DeviceDescriptor
 .text.USBD_FS_LangIDStrDescriptor
                0x24008bdc        0xc ../libDaisy/build/libdaisy.a(usbd_desc.o)
                0x24008bdc                USBD_FS_LangIDStrDescriptor
 .text.USBD_FS_ManufacturerStrDescriptor
                0x24008be8       0x18 ../libDaisy/build/libdaisy.a(usbd_desc.o)
                0x24008be8                USBD_FS_ManufacturerStrDescriptor
 .text.USBD_HS_ProductStrDescriptor
                0x24008c00       0x18 ../libDaisy/build/libdaisy.a(usbd_desc.o)
                0x24008c00                USBD_HS_ProductStrDescriptor
 .text.USBD_FS_ConfigStrDescriptor
                0x24008c18       0x18 ../libDaisy/build/libdaisy.a(usbd_desc.o)
                0x24008c18                USBD_FS_ConfigStrDescriptor
 .text.USBD_FS_InterfaceStrDescriptor
                0x24008c30       0x18 ../libDaisy/build/libdaisy.a(usbd_desc.o)
                0x24008c30                USBD_FS_InterfaceStrDescriptor
 .text.USBD_FS_ProductStrDescriptor
                0x24008c48       0x18 ../libDaisy/build/libdaisy.a(usbd_desc.o)
                0x24008c48                USBD_FS_ProductStrDescriptor
 .text.USBD_HS_LangIDStrDescriptor
                0x24008c60        0xc ../libDaisy/build/libdaisy.a(usbd_desc.o)
                0x24008c60                USBD_HS_LangIDStrDescriptor
 .text.USBD_HS_ManufacturerStrDescriptor
                0x24008c6c       0x18 ../libDaisy/build/libdaisy.a(usbd_desc.o)
                0x24008c6c                USBD_HS_ManufacturerStrDescriptor
 .text.USBD_HS_SerialStrDescriptor
                0x24008c84      0x138 ../libDaisy/build/libdaisy.a(usbd_desc.o)
                0x24008c84                USBD_HS_SerialStrDescriptor
 .text.USBD_FS_SerialStrDescriptor
                0x24008dbc      0x138 ../libDaisy/build/libdaisy.a(usbd_desc.o)
                0x24008dbc                USBD_FS_SerialStrDescriptor
 .text.USBD_HS_InterfaceStrDescriptor
                0x24008ef4       0x18 ../libDaisy/build/libdaisy.a(usbd_desc.o)
                0x24008ef4                USBD_HS_InterfaceStrDescriptor
 .text.USBD_HS_ConfigStrDescriptor
                0x24008f0c       0x18 ../libDaisy/build/libdaisy.a(usbd_desc.o)
                0x24008f0c                USBD_HS_ConfigStrDescriptor
 .text.HAL_HCD_SOF_Callback
                0x24008f24        0x8 ../libDaisy/build/libdaisy.a(usbh_conf.o)
                0x24008f24                HAL_HCD_SOF_Callback
 .text.HAL_HCD_Connect_Callback
                0x24008f2c        0x8 ../libDaisy/build/libdaisy.a(usbh_conf.o)
                0x24008f2c                HAL_HCD_Connect_Callback
 .text.HAL_HCD_Disconnect_Callback
                0x24008f34        0x8 ../libDaisy/build/libdaisy.a(usbh_conf.o)
                0x24008f34                HAL_HCD_Disconnect_Callback
 .text.HAL_HCD_HC_NotifyURBChange_Callback
                0x24008f3c        0x4 ../libDaisy/build/libdaisy.a(usbh_conf.o)
                0x24008f3c                HAL_HCD_HC_NotifyURBChange_Callback
 .text.HAL_HCD_PortEnabled_Callback
                0x24008f40        0x8 ../libDaisy/build/libdaisy.a(usbh_conf.o)
                0x24008f40                HAL_HCD_PortEnabled_Callback
 .text.HAL_HCD_PortDisabled_Callback
                0x24008f48        0x8 ../libDaisy/build/libdaisy.a(usbh_conf.o)
                0x24008f48                HAL_HCD_PortDisabled_Callback
 .text.USBH_LL_Stop
                0x24008f50       0x18 ../libDaisy/build/libdaisy.a(usbh_conf.o)
                0x24008f50                USBH_LL_Stop
 .text._ZN5daisy5Color4InitENS0_11PresetColorE
                0x24008f68       0x20 ../libDaisy/build/libdaisy.a(color.o)
                0x24008f68                daisy::Color::Init(daisy::Color::PresetColor)
 .text.dsy_hal_map_get_port
                0x24008f88       0x10 ../libDaisy/build/libdaisy.a(hal_map.o)
                0x24008f88                dsy_hal_map_get_port
 .text.dsy_hal_map_get_pin
                0x24008f98       0x10 ../libDaisy/build/libdaisy.a(hal_map.o)
                0x24008f98                dsy_hal_map_get_pin
 .text.dsy_hal_map_gpio_clk_enable
                0x24008fa8      0x150 ../libDaisy/build/libdaisy.a(hal_map.o)
                0x24008fa8                dsy_hal_map_gpio_clk_enable
 .text.HAL_MspInit
                0x240090f8        0x4 ../libDaisy/build/libdaisy.a(stm32h7xx_hal.o)
                0x240090f8                HAL_MspInit
 .text.HAL_InitTick
                0x240090fc       0x54 ../libDaisy/build/libdaisy.a(stm32h7xx_hal.o)
                0x240090fc                HAL_InitTick
 .text.HAL_Init
                0x24009150       0x6c ../libDaisy/build/libdaisy.a(stm32h7xx_hal.o)
                0x24009150                HAL_Init
 .text.HAL_IncTick
                0x240091bc       0x18 ../libDaisy/build/libdaisy.a(stm32h7xx_hal.o)
                0x240091bc                HAL_IncTick
 .text.HAL_GetTick
                0x240091d4        0xc ../libDaisy/build/libdaisy.a(stm32h7xx_hal.o)
                0x240091d4                HAL_GetTick
 .text.HAL_Delay
                0x240091e0       0x24 ../libDaisy/build/libdaisy.a(stm32h7xx_hal.o)
                0x240091e0                HAL_Delay
 .text.HAL_GetREVID
                0x24009204        0xc ../libDaisy/build/libdaisy.a(stm32h7xx_hal.o)
                0x24009204                HAL_GetREVID
 .text.HAL_ADC_ConfigChannel
                0x24009210      0x400 ../libDaisy/build/libdaisy.a(stm32h7xx_hal_adc.o)
                0x24009210                HAL_ADC_ConfigChannel
 .text.ADC_ConfigureBoostMode
                0x24009610      0x178 ../libDaisy/build/libdaisy.a(stm32h7xx_hal_adc.o)
                0x24009610                ADC_ConfigureBoostMode
 .text.HAL_ADC_Init
                0x24009788      0x264 ../libDaisy/build/libdaisy.a(stm32h7xx_hal_adc.o)
                0x24009788                HAL_ADC_Init
 .text.HAL_ADCEx_MultiModeConfigChannel
                0x240099ec       0xe0 ../libDaisy/build/libdaisy.a(stm32h7xx_hal_adc_ex.o)
                0x240099ec                HAL_ADCEx_MultiModeConfigChannel
 .text.HAL_NVIC_SetPriorityGrouping
                0x24009acc       0x24 ../libDaisy/build/libdaisy.a(stm32h7xx_hal_cortex.o)
                0x24009acc                HAL_NVIC_SetPriorityGrouping
 .text.HAL_NVIC_SetPriority
                0x24009af0       0x60 ../libDaisy/build/libdaisy.a(stm32h7xx_hal_cortex.o)
                0x24009af0                HAL_NVIC_SetPriority
 .text.HAL_NVIC_EnableIRQ
                0x24009b50       0x1c ../libDaisy/build/libdaisy.a(stm32h7xx_hal_cortex.o)
                0x24009b50                HAL_NVIC_EnableIRQ
 .text.HAL_NVIC_DisableIRQ
                0x24009b6c       0x24 ../libDaisy/build/libdaisy.a(stm32h7xx_hal_cortex.o)
                0x24009b6c                HAL_NVIC_DisableIRQ
 .text.HAL_SYSTICK_Config
                0x24009b90       0x2c ../libDaisy/build/libdaisy.a(stm32h7xx_hal_cortex.o)
                0x24009b90                HAL_SYSTICK_Config
 .text.HAL_MPU_Disable
                0x24009bbc       0x1c ../libDaisy/build/libdaisy.a(stm32h7xx_hal_cortex.o)
                0x24009bbc                HAL_MPU_Disable
 .text.HAL_MPU_Enable
                0x24009bd8       0x20 ../libDaisy/build/libdaisy.a(stm32h7xx_hal_cortex.o)
                0x24009bd8                HAL_MPU_Enable
 .text.HAL_MPU_ConfigRegion
                0x24009bf8       0x64 ../libDaisy/build/libdaisy.a(stm32h7xx_hal_cortex.o)
                0x24009bf8                HAL_MPU_ConfigRegion
 .text.HAL_SYSTICK_Callback
                0x24009c5c        0x4 ../libDaisy/build/libdaisy.a(stm32h7xx_hal_cortex.o)
                0x24009c5c                HAL_SYSTICK_Callback
 .text.HAL_SYSTICK_IRQHandler
                0x24009c60        0x8 ../libDaisy/build/libdaisy.a(stm32h7xx_hal_cortex.o)
                0x24009c60                HAL_SYSTICK_IRQHandler
 .text.DMA_CalcBaseAndBitshift
                0x24009c68       0xfc ../libDaisy/build/libdaisy.a(stm32h7xx_hal_dma.o)
 .text.DMA_CalcDMAMUXChannelBaseAndMask
                0x24009d64       0xe0 ../libDaisy/build/libdaisy.a(stm32h7xx_hal_dma.o)
 .text.HAL_DMA_Init
                0x24009e44      0x338 ../libDaisy/build/libdaisy.a(stm32h7xx_hal_dma.o)
                0x24009e44                HAL_DMA_Init
 .text.HAL_DMA_Start_IT
                0x2400a17c      0x280 ../libDaisy/build/libdaisy.a(stm32h7xx_hal_dma.o)
                0x2400a17c                HAL_DMA_Start_IT
 .text.HAL_DMA_Abort_IT
                0x2400a3fc       0xf4 ../libDaisy/build/libdaisy.a(stm32h7xx_hal_dma.o)
                0x2400a3fc                HAL_DMA_Abort_IT
 .text.HAL_DMA_IRQHandler
                0x2400a4f0      0x6c0 ../libDaisy/build/libdaisy.a(stm32h7xx_hal_dma.o)
                0x2400a4f0                HAL_DMA_IRQHandler
 .text.HAL_DMA_GetError
                0x2400abb0        0x4 ../libDaisy/build/libdaisy.a(stm32h7xx_hal_dma.o)
                0x2400abb0                HAL_DMA_GetError
 .text.HAL_GPIO_Init
                0x2400abb4      0x3f0 ../libDaisy/build/libdaisy.a(stm32h7xx_hal_gpio.o)
                0x2400abb4                HAL_GPIO_Init
 .text.HAL_GPIO_DeInit
                0x2400afa4      0x23c ../libDaisy/build/libdaisy.a(stm32h7xx_hal_gpio.o)
                0x2400afa4                HAL_GPIO_DeInit
 .text.HAL_GPIO_ReadPin
                0x2400b1e0        0xc ../libDaisy/build/libdaisy.a(stm32h7xx_hal_gpio.o)
                0x2400b1e0                HAL_GPIO_ReadPin
 .text.HAL_GPIO_WritePin
                0x2400b1ec        0x8 ../libDaisy/build/libdaisy.a(stm32h7xx_hal_gpio.o)
                0x2400b1ec                HAL_GPIO_WritePin
 .text.HAL_HCD_IRQHandler
                0x2400b1f4      0x8a8 ../libDaisy/build/libdaisy.a(stm32h7xx_hal_hcd.o)
                0x2400b1f4                HAL_HCD_IRQHandler
 .text.HAL_HCD_Stop
                0x2400ba9c       0x30 ../libDaisy/build/libdaisy.a(stm32h7xx_hal_hcd.o)
                0x2400ba9c                HAL_HCD_Stop
 .text.I2C_WaitOnTXISFlagUntilTimeout
                0x2400bacc       0xd0 ../libDaisy/build/libdaisy.a(stm32h7xx_hal_i2c.o)
 .text.I2C_WaitOnSTOPFlagUntilTimeout
                0x2400bb9c       0xa8 ../libDaisy/build/libdaisy.a(stm32h7xx_hal_i2c.o)
 .text.HAL_I2C_Init
                0x2400bc44       0xc0 ../libDaisy/build/libdaisy.a(stm32h7xx_hal_i2c.o)
                0x2400bc44                HAL_I2C_Init
 .text.HAL_I2C_Master_Transmit
                0x2400bd04      0x19c ../libDaisy/build/libdaisy.a(stm32h7xx_hal_i2c.o)
                0x2400bd04                HAL_I2C_Master_Transmit
 .text.HAL_I2C_Slave_Transmit
                0x2400bea0      0x1e0 ../libDaisy/build/libdaisy.a(stm32h7xx_hal_i2c.o)
                0x2400bea0                HAL_I2C_Slave_Transmit
 .text.HAL_I2C_EV_IRQHandler
                0x2400c080       0x1c ../libDaisy/build/libdaisy.a(stm32h7xx_hal_i2c.o)
                0x2400c080                HAL_I2C_EV_IRQHandler
 .text.HAL_I2C_GetState
                0x2400c09c        0x8 ../libDaisy/build/libdaisy.a(stm32h7xx_hal_i2c.o)
                0x2400c09c                HAL_I2C_GetState
 .text.HAL_I2CEx_ConfigAnalogFilter
                0x2400c0a4       0x58 ../libDaisy/build/libdaisy.a(stm32h7xx_hal_i2c_ex.o)
                0x2400c0a4                HAL_I2CEx_ConfigAnalogFilter
 .text.HAL_I2CEx_ConfigDigitalFilter
                0x2400c0fc       0x54 ../libDaisy/build/libdaisy.a(stm32h7xx_hal_i2c_ex.o)
                0x2400c0fc                HAL_I2CEx_ConfigDigitalFilter
 .text.HAL_PCD_Init
                0x2400c150      0x130 ../libDaisy/build/libdaisy.a(stm32h7xx_hal_pcd.o)
                0x2400c150                HAL_PCD_Init
 .text.HAL_PCD_Start
                0x2400c280       0x44 ../libDaisy/build/libdaisy.a(stm32h7xx_hal_pcd.o)
                0x2400c280                HAL_PCD_Start
 .text.HAL_PCD_IRQHandler
                0x2400c2c4      0x73c ../libDaisy/build/libdaisy.a(stm32h7xx_hal_pcd.o)
                0x2400c2c4                HAL_PCD_IRQHandler
 .text.HAL_PCD_SetAddress
                0x2400ca00       0x34 ../libDaisy/build/libdaisy.a(stm32h7xx_hal_pcd.o)
                0x2400ca00                HAL_PCD_SetAddress
 .text.HAL_PCD_EP_Open
                0x2400ca34       0x7c ../libDaisy/build/libdaisy.a(stm32h7xx_hal_pcd.o)
                0x2400ca34                HAL_PCD_EP_Open
 .text.HAL_PCD_EP_Close
                0x2400cab0       0x6c ../libDaisy/build/libdaisy.a(stm32h7xx_hal_pcd.o)
                0x2400cab0                HAL_PCD_EP_Close
 .text.HAL_PCD_EP_Receive
                0x2400cb1c       0x58 ../libDaisy/build/libdaisy.a(stm32h7xx_hal_pcd.o)
                0x2400cb1c                HAL_PCD_EP_Receive
 .text.HAL_PCD_EP_GetRxCount
                0x2400cb74       0x14 ../libDaisy/build/libdaisy.a(stm32h7xx_hal_pcd.o)
                0x2400cb74                HAL_PCD_EP_GetRxCount
 .text.HAL_PCD_EP_Transmit
                0x2400cb88       0x50 ../libDaisy/build/libdaisy.a(stm32h7xx_hal_pcd.o)
                0x2400cb88                HAL_PCD_EP_Transmit
 .text.HAL_PCD_EP_SetStall
                0x2400cbd8       0x98 ../libDaisy/build/libdaisy.a(stm32h7xx_hal_pcd.o)
                0x2400cbd8                HAL_PCD_EP_SetStall
 .text.HAL_PCD_EP_ClrStall
                0x2400cc70       0x78 ../libDaisy/build/libdaisy.a(stm32h7xx_hal_pcd.o)
                0x2400cc70                HAL_PCD_EP_ClrStall
 .text.HAL_PCDEx_SetTxFiFo
                0x2400cce8      0x10c ../libDaisy/build/libdaisy.a(stm32h7xx_hal_pcd_ex.o)
                0x2400cce8                HAL_PCDEx_SetTxFiFo
 .text.HAL_PCDEx_SetRxFiFo
                0x2400cdf4        0xc ../libDaisy/build/libdaisy.a(stm32h7xx_hal_pcd_ex.o)
                0x2400cdf4                HAL_PCDEx_SetRxFiFo
 .text.HAL_PCDEx_ActivateLPM
                0x2400ce00       0x28 ../libDaisy/build/libdaisy.a(stm32h7xx_hal_pcd_ex.o)
                0x2400ce00                HAL_PCDEx_ActivateLPM
 .text.HAL_PCDEx_LPM_Callback
                0x2400ce28        0x4 ../libDaisy/build/libdaisy.a(stm32h7xx_hal_pcd_ex.o)
                0x2400ce28                HAL_PCDEx_LPM_Callback
 .text.HAL_PWREx_ConfigSupply
                0x2400ce2c       0x4c ../libDaisy/build/libdaisy.a(stm32h7xx_hal_pwr_ex.o)
                0x2400ce2c                HAL_PWREx_ConfigSupply
 .text.HAL_PWREx_EnableUSBVoltageDetector
                0x2400ce78       0x10 ../libDaisy/build/libdaisy.a(stm32h7xx_hal_pwr_ex.o)
                0x2400ce78                HAL_PWREx_EnableUSBVoltageDetector
 .text.QSPI_Config
                0x2400ce88      0x1b0 ../libDaisy/build/libdaisy.a(stm32h7xx_hal_qspi.o)
 .text.HAL_QSPI_Init
                0x2400d038      0x100 ../libDaisy/build/libdaisy.a(stm32h7xx_hal_qspi.o)
                0x2400d038                HAL_QSPI_Init
 .text.HAL_QSPI_DeInit
                0x2400d138       0x40 ../libDaisy/build/libdaisy.a(stm32h7xx_hal_qspi.o)
                0x2400d138                HAL_QSPI_DeInit
 .text.HAL_QSPI_Command
                0x2400d178      0x100 ../libDaisy/build/libdaisy.a(stm32h7xx_hal_qspi.o)
                0x2400d178                HAL_QSPI_Command
 .text.HAL_QSPI_Transmit
                0x2400d278      0x10c ../libDaisy/build/libdaisy.a(stm32h7xx_hal_qspi.o)
                0x2400d278                HAL_QSPI_Transmit
 .text.HAL_QSPI_Receive
                0x2400d384      0x120 ../libDaisy/build/libdaisy.a(stm32h7xx_hal_qspi.o)
                0x2400d384                HAL_QSPI_Receive
 .text.HAL_QSPI_AutoPolling
                0x2400d4a4      0x128 ../libDaisy/build/libdaisy.a(stm32h7xx_hal_qspi.o)
                0x2400d4a4                HAL_QSPI_AutoPolling
 .text.HAL_QSPI_MemoryMapped
                0x2400d5cc       0xbc ../libDaisy/build/libdaisy.a(stm32h7xx_hal_qspi.o)
                0x2400d5cc                HAL_QSPI_MemoryMapped
 .text.HAL_QSPI_ErrorCallback
                0x2400d688        0x4 ../libDaisy/build/libdaisy.a(stm32h7xx_hal_qspi.o)
                0x2400d688                HAL_QSPI_ErrorCallback
 .text.QSPI_DMAAbortCplt
                0x2400d68c       0x38 ../libDaisy/build/libdaisy.a(stm32h7xx_hal_qspi.o)
 .text.HAL_QSPI_AbortCpltCallback
                0x2400d6c4        0x4 ../libDaisy/build/libdaisy.a(stm32h7xx_hal_qspi.o)
                0x2400d6c4                HAL_QSPI_AbortCpltCallback
 .text.HAL_QSPI_CmdCpltCallback
                0x2400d6c8        0x4 ../libDaisy/build/libdaisy.a(stm32h7xx_hal_qspi.o)
                0x2400d6c8                HAL_QSPI_CmdCpltCallback
 .text.HAL_QSPI_RxCpltCallback
                0x2400d6cc        0x4 ../libDaisy/build/libdaisy.a(stm32h7xx_hal_qspi.o)
                0x2400d6cc                HAL_QSPI_RxCpltCallback
 .text.HAL_QSPI_TxCpltCallback
                0x2400d6d0        0x4 ../libDaisy/build/libdaisy.a(stm32h7xx_hal_qspi.o)
                0x2400d6d0                HAL_QSPI_TxCpltCallback
 .text.HAL_QSPI_FifoThresholdCallback
                0x2400d6d4        0x4 ../libDaisy/build/libdaisy.a(stm32h7xx_hal_qspi.o)
                0x2400d6d4                HAL_QSPI_FifoThresholdCallback
 .text.HAL_QSPI_StatusMatchCallback
                0x2400d6d8        0x4 ../libDaisy/build/libdaisy.a(stm32h7xx_hal_qspi.o)
                0x2400d6d8                HAL_QSPI_StatusMatchCallback
 .text.HAL_QSPI_TimeOutCallback
                0x2400d6dc        0x4 ../libDaisy/build/libdaisy.a(stm32h7xx_hal_qspi.o)
                0x2400d6dc                HAL_QSPI_TimeOutCallback
 .text.HAL_QSPI_IRQHandler
                0x2400d6e0      0x248 ../libDaisy/build/libdaisy.a(stm32h7xx_hal_qspi.o)
                0x2400d6e0                HAL_QSPI_IRQHandler
 .text.HAL_RCC_OscConfig
                0x2400d928      0x518 ../libDaisy/build/libdaisy.a(stm32h7xx_hal_rcc.o)
                0x2400d928                HAL_RCC_OscConfig
 .text.HAL_RCC_GetSysClockFreq
                0x2400de40      0x120 ../libDaisy/build/libdaisy.a(stm32h7xx_hal_rcc.o)
                0x2400de40                HAL_RCC_GetSysClockFreq
 .text.HAL_RCC_ClockConfig
                0x2400df60      0x22c ../libDaisy/build/libdaisy.a(stm32h7xx_hal_rcc.o)
                0x2400df60                HAL_RCC_ClockConfig
 .text.HAL_RCC_GetHCLKFreq
                0x2400e18c       0x2c ../libDaisy/build/libdaisy.a(stm32h7xx_hal_rcc.o)
                0x2400e18c                HAL_RCC_GetHCLKFreq
 .text.HAL_RCC_GetPCLK1Freq
                0x2400e1b8       0x3c ../libDaisy/build/libdaisy.a(stm32h7xx_hal_rcc.o)
                0x2400e1b8                HAL_RCC_GetPCLK1Freq
 .text.HAL_RCC_GetPCLK2Freq
                0x2400e1f4       0x3c ../libDaisy/build/libdaisy.a(stm32h7xx_hal_rcc.o)
                0x2400e1f4                HAL_RCC_GetPCLK2Freq
 .text.RCCEx_PLL2_Config.part.0
                0x2400e230       0xe0 ../libDaisy/build/libdaisy.a(stm32h7xx_hal_rcc_ex.o)
 .text.RCCEx_PLL3_Config.part.0
                0x2400e310       0xe0 ../libDaisy/build/libdaisy.a(stm32h7xx_hal_rcc_ex.o)
 .text.HAL_RCCEx_PeriphCLKConfig
                0x2400e3f0      0xcd4 ../libDaisy/build/libdaisy.a(stm32h7xx_hal_rcc_ex.o)
                0x2400e3f0                HAL_RCCEx_PeriphCLKConfig
 .text.HAL_RCCEx_GetD3PCLK1Freq
                0x2400f0c4       0x24 ../libDaisy/build/libdaisy.a(stm32h7xx_hal_rcc_ex.o)
                0x2400f0c4                HAL_RCCEx_GetD3PCLK1Freq
 .text.HAL_RCCEx_GetPLL2ClockFreq
                0x2400f0e8      0x138 ../libDaisy/build/libdaisy.a(stm32h7xx_hal_rcc_ex.o)
                0x2400f0e8                HAL_RCCEx_GetPLL2ClockFreq
 .text.HAL_RCCEx_GetPLL3ClockFreq
                0x2400f220      0x138 ../libDaisy/build/libdaisy.a(stm32h7xx_hal_rcc_ex.o)
                0x2400f220                HAL_RCCEx_GetPLL3ClockFreq
 .text.HAL_RCCEx_GetPLL1ClockFreq
                0x2400f358      0x138 ../libDaisy/build/libdaisy.a(stm32h7xx_hal_rcc_ex.o)
                0x2400f358                HAL_RCCEx_GetPLL1ClockFreq
 .text.HAL_RCCEx_GetPeriphCLKFreq
                0x2400f490      0x15c ../libDaisy/build/libdaisy.a(stm32h7xx_hal_rcc_ex.o)
                0x2400f490                HAL_RCCEx_GetPeriphCLKFreq
 .text.HAL_RCCEx_GetD1SysClockFreq
                0x2400f5ec       0x2c ../libDaisy/build/libdaisy.a(stm32h7xx_hal_rcc_ex.o)
                0x2400f5ec                HAL_RCCEx_GetD1SysClockFreq
 .text.HAL_SAI_Init
                0x2400f618      0x394 ../libDaisy/build/libdaisy.a(stm32h7xx_hal_sai.o)
                0x2400f618                HAL_SAI_Init
 .text.HAL_SAI_InitProtocol
                0x2400f9ac      0x19c ../libDaisy/build/libdaisy.a(stm32h7xx_hal_sai.o)
                0x2400f9ac                HAL_SAI_InitProtocol
 .text.HAL_SAI_Transmit_DMA
                0x2400fb48      0x10c ../libDaisy/build/libdaisy.a(stm32h7xx_hal_sai.o)
                0x2400fb48                HAL_SAI_Transmit_DMA
 .text.HAL_SAI_Receive_DMA
                0x2400fc54       0xc4 ../libDaisy/build/libdaisy.a(stm32h7xx_hal_sai.o)
                0x2400fc54                HAL_SAI_Receive_DMA
 .text.HAL_SAI_TxCpltCallback
                0x2400fd18        0x4 ../libDaisy/build/libdaisy.a(stm32h7xx_hal_sai.o)
                0x2400fd18                HAL_SAI_TxCpltCallback
 .text.SAI_DMATxCplt
                0x2400fd1c       0x60 ../libDaisy/build/libdaisy.a(stm32h7xx_hal_sai.o)
 .text.HAL_SAI_TxHalfCpltCallback
                0x2400fd7c        0x4 ../libDaisy/build/libdaisy.a(stm32h7xx_hal_sai.o)
                0x2400fd7c                HAL_SAI_TxHalfCpltCallback
 .text.SAI_DMATxHalfCplt
                0x2400fd80        0xc ../libDaisy/build/libdaisy.a(stm32h7xx_hal_sai.o)
 .text.SAI_DMARxCplt
                0x2400fd8c       0x60 ../libDaisy/build/libdaisy.a(stm32h7xx_hal_sai.o)
 .text.SAI_DMARxHalfCplt
                0x2400fdec        0xc ../libDaisy/build/libdaisy.a(stm32h7xx_hal_sai.o)
 .text.HAL_SAI_ErrorCallback
                0x2400fdf8        0x4 ../libDaisy/build/libdaisy.a(stm32h7xx_hal_sai.o)
                0x2400fdf8                HAL_SAI_ErrorCallback
 .text.SAI_DMAError
                0x2400fdfc       0x6c ../libDaisy/build/libdaisy.a(stm32h7xx_hal_sai.o)
 .text.HAL_SDRAM_Init
                0x2400fe68       0x54 ../libDaisy/build/libdaisy.a(stm32h7xx_hal_sdram.o)
                0x2400fe68                HAL_SDRAM_Init
 .text.HAL_SDRAM_SendCommand
                0x2400febc       0x44 ../libDaisy/build/libdaisy.a(stm32h7xx_hal_sdram.o)
                0x2400febc                HAL_SDRAM_SendCommand
 .text.HAL_SDRAM_ProgramRefreshRate
                0x2400ff00       0x3c ../libDaisy/build/libdaisy.a(stm32h7xx_hal_sdram.o)
                0x2400ff00                HAL_SDRAM_ProgramRefreshRate
 .text.HAL_UART_Transmit_DMA
                0x2400ff3c       0x98 ../libDaisy/build/libdaisy.a(stm32h7xx_hal_uart.o)
                0x2400ff3c                HAL_UART_Transmit_DMA
 .text.HAL_UART_Receive_DMA
                0x2400ffd4       0xa4 ../libDaisy/build/libdaisy.a(stm32h7xx_hal_uart.o)
                0x2400ffd4                HAL_UART_Receive_DMA
 .text.UART_DMATransmitCplt
                0x24010078       0x2c ../libDaisy/build/libdaisy.a(stm32h7xx_hal_uart.o)
 .text.HAL_UART_TxHalfCpltCallback
                0x240100a4        0x4 ../libDaisy/build/libdaisy.a(stm32h7xx_hal_uart.o)
                0x240100a4                HAL_UART_TxHalfCpltCallback
 .text.UART_DMATxHalfCplt
                0x240100a8        0xc ../libDaisy/build/libdaisy.a(stm32h7xx_hal_uart.o)
 .text.UART_DMAReceiveCplt
                0x240100b4       0x38 ../libDaisy/build/libdaisy.a(stm32h7xx_hal_uart.o)
 .text.UART_DMARxHalfCplt
                0x240100ec        0xc ../libDaisy/build/libdaisy.a(stm32h7xx_hal_uart.o)
 .text.UART_DMAError
                0x240100f8       0x80 ../libDaisy/build/libdaisy.a(stm32h7xx_hal_uart.o)
 .text.HAL_UART_IRQHandler
                0x24010178      0x234 ../libDaisy/build/libdaisy.a(stm32h7xx_hal_uart.o)
                0x24010178                HAL_UART_IRQHandler
 .text.UART_DMAAbortOnError
                0x240103ac       0x14 ../libDaisy/build/libdaisy.a(stm32h7xx_hal_uart.o)
 .text.HAL_UART_GetState
                0x240103c0        0xc ../libDaisy/build/libdaisy.a(stm32h7xx_hal_uart.o)
                0x240103c0                HAL_UART_GetState
 .text.UART_SetConfig
                0x240103cc      0x8b8 ../libDaisy/build/libdaisy.a(stm32h7xx_hal_uart.o)
                0x240103cc                UART_SetConfig
 .text.UART_AdvFeatureConfig
                0x24010c84       0xb0 ../libDaisy/build/libdaisy.a(stm32h7xx_hal_uart.o)
                0x24010c84                UART_AdvFeatureConfig
 .text.UART_CheckIdleState
                0x24010d34       0x80 ../libDaisy/build/libdaisy.a(stm32h7xx_hal_uart.o)
                0x24010d34                UART_CheckIdleState
 .text.HAL_UART_Init
                0x24010db4       0x68 ../libDaisy/build/libdaisy.a(stm32h7xx_hal_uart.o)
                0x24010db4                HAL_UART_Init
 .text.HAL_UARTEx_WakeupCallback
                0x24010e1c        0x4 ../libDaisy/build/libdaisy.a(stm32h7xx_hal_uart_ex.o)
                0x24010e1c                HAL_UARTEx_WakeupCallback
 .text.HAL_UARTEx_RxFifoFullCallback
                0x24010e20        0x4 ../libDaisy/build/libdaisy.a(stm32h7xx_hal_uart_ex.o)
                0x24010e20                HAL_UARTEx_RxFifoFullCallback
 .text.HAL_UARTEx_TxFifoEmptyCallback
                0x24010e24        0x4 ../libDaisy/build/libdaisy.a(stm32h7xx_hal_uart_ex.o)
                0x24010e24                HAL_UARTEx_TxFifoEmptyCallback
 .text.HAL_UARTEx_DisableFifoMode
                0x24010e28       0x40 ../libDaisy/build/libdaisy.a(stm32h7xx_hal_uart_ex.o)
                0x24010e28                HAL_UARTEx_DisableFifoMode
 .text.HAL_UARTEx_SetTxFifoThreshold
                0x24010e68       0xa0 ../libDaisy/build/libdaisy.a(stm32h7xx_hal_uart_ex.o)
                0x24010e68                HAL_UARTEx_SetTxFifoThreshold
 .text.HAL_UARTEx_SetRxFifoThreshold
                0x24010f08       0xa0 ../libDaisy/build/libdaisy.a(stm32h7xx_hal_uart_ex.o)
                0x24010f08                HAL_UARTEx_SetRxFifoThreshold
 .text.FMC_SDRAM_Init
                0x24010fa8       0x6c ../libDaisy/build/libdaisy.a(stm32h7xx_ll_fmc.o)
                0x24010fa8                FMC_SDRAM_Init
 .text.FMC_SDRAM_Timing_Init
                0x24011014       0x78 ../libDaisy/build/libdaisy.a(stm32h7xx_ll_fmc.o)
                0x24011014                FMC_SDRAM_Timing_Init
 .text.FMC_SDRAM_SendCommand
                0x2401108c       0x28 ../libDaisy/build/libdaisy.a(stm32h7xx_ll_fmc.o)
                0x2401108c                FMC_SDRAM_SendCommand
 .text.FMC_SDRAM_ProgramRefreshRate
                0x240110b4       0x14 ../libDaisy/build/libdaisy.a(stm32h7xx_ll_fmc.o)
                0x240110b4                FMC_SDRAM_ProgramRefreshRate
 .text.USB_CoreInit
                0x240110c8      0x124 ../libDaisy/build/libdaisy.a(stm32h7xx_ll_usb.o)
                0x240110c8                USB_CoreInit
 .text.USB_SetTurnaroundTime
                0x240111ec      0x104 ../libDaisy/build/libdaisy.a(stm32h7xx_ll_usb.o)
                0x240111ec                USB_SetTurnaroundTime
 .text.USB_EnableGlobalInt
                0x240112f0       0x10 ../libDaisy/build/libdaisy.a(stm32h7xx_ll_usb.o)
                0x240112f0                USB_EnableGlobalInt
 .text.USB_DisableGlobalInt
                0x24011300       0x10 ../libDaisy/build/libdaisy.a(stm32h7xx_ll_usb.o)
                0x24011300                USB_DisableGlobalInt
 .text.USB_SetCurrentMode
                0x24011310       0x30 ../libDaisy/build/libdaisy.a(stm32h7xx_ll_usb.o)
                0x24011310                USB_SetCurrentMode
 .text.USB_DevInit
                0x24011340      0x2c4 ../libDaisy/build/libdaisy.a(stm32h7xx_ll_usb.o)
                0x24011340                USB_DevInit
 .text.USB_FlushTxFifo
                0x24011604       0x34 ../libDaisy/build/libdaisy.a(stm32h7xx_ll_usb.o)
                0x24011604                USB_FlushTxFifo
 .text.USB_GetDevSpeed
                0x24011638       0x24 ../libDaisy/build/libdaisy.a(stm32h7xx_ll_usb.o)
                0x24011638                USB_GetDevSpeed
 .text.USB_ActivateEndpoint
                0x2401165c       0x94 ../libDaisy/build/libdaisy.a(stm32h7xx_ll_usb.o)
                0x2401165c                USB_ActivateEndpoint
 .text.USB_DeactivateEndpoint
                0x240116f0       0x6c ../libDaisy/build/libdaisy.a(stm32h7xx_ll_usb.o)
                0x240116f0                USB_DeactivateEndpoint
 .text.USB_EPStartXfer
                0x2401175c      0x214 ../libDaisy/build/libdaisy.a(stm32h7xx_ll_usb.o)
                0x2401175c                USB_EPStartXfer
 .text.USB_EP0StartXfer
                0x24011970      0x100 ../libDaisy/build/libdaisy.a(stm32h7xx_ll_usb.o)
                0x24011970                USB_EP0StartXfer
 .text.USB_WritePacket
                0x24011a70       0x28 ../libDaisy/build/libdaisy.a(stm32h7xx_ll_usb.o)
                0x24011a70                USB_WritePacket
 .text.USB_ReadPacket
                0x24011a98       0x2c ../libDaisy/build/libdaisy.a(stm32h7xx_ll_usb.o)
                0x24011a98                USB_ReadPacket
 .text.USB_EPSetStall
                0x24011ac4       0x68 ../libDaisy/build/libdaisy.a(stm32h7xx_ll_usb.o)
                0x24011ac4                USB_EPSetStall
 .text.USB_EPClearStall
                0x24011b2c       0x58 ../libDaisy/build/libdaisy.a(stm32h7xx_ll_usb.o)
                0x24011b2c                USB_EPClearStall
 .text.USB_SetDevAddress
                0x24011b84       0x24 ../libDaisy/build/libdaisy.a(stm32h7xx_ll_usb.o)
                0x24011b84                USB_SetDevAddress
 .text.USB_DevConnect
                0x24011ba8       0x1c ../libDaisy/build/libdaisy.a(stm32h7xx_ll_usb.o)
                0x24011ba8                USB_DevConnect
 .text.USB_DevDisconnect
                0x24011bc4       0x1c ../libDaisy/build/libdaisy.a(stm32h7xx_ll_usb.o)
                0x24011bc4                USB_DevDisconnect
 .text.USB_ReadInterrupts
                0x24011be0       0x14 ../libDaisy/build/libdaisy.a(stm32h7xx_ll_usb.o)
                0x24011be0                USB_ReadInterrupts
 .text.USB_ReadDevAllOutEpInterrupt
                0x24011bf4       0x1c ../libDaisy/build/libdaisy.a(stm32h7xx_ll_usb.o)
                0x24011bf4                USB_ReadDevAllOutEpInterrupt
 .text.USB_ReadDevAllInEpInterrupt
                0x24011c10       0x1c ../libDaisy/build/libdaisy.a(stm32h7xx_ll_usb.o)
                0x24011c10                USB_ReadDevAllInEpInterrupt
 .text.USB_ReadDevOutEPInterrupt
                0x24011c2c       0x1c ../libDaisy/build/libdaisy.a(stm32h7xx_ll_usb.o)
                0x24011c2c                USB_ReadDevOutEPInterrupt
 .text.USB_ReadDevInEPInterrupt
                0x24011c48       0x38 ../libDaisy/build/libdaisy.a(stm32h7xx_ll_usb.o)
                0x24011c48                USB_ReadDevInEPInterrupt
 .text.USB_GetMode
                0x24011c80        0x8 ../libDaisy/build/libdaisy.a(stm32h7xx_ll_usb.o)
                0x24011c80                USB_GetMode
 .text.USB_ActivateSetup
                0x24011c88       0x34 ../libDaisy/build/libdaisy.a(stm32h7xx_ll_usb.o)
                0x24011c88                USB_ActivateSetup
 .text.USB_EP0_OutStart
                0x24011cbc       0x54 ../libDaisy/build/libdaisy.a(stm32h7xx_ll_usb.o)
                0x24011cbc                USB_EP0_OutStart
 .text.USB_InitFSLSPClkSel
                0x24011d10       0x44 ../libDaisy/build/libdaisy.a(stm32h7xx_ll_usb.o)
                0x24011d10                USB_InitFSLSPClkSel
 .text.USB_HC_ReadInterrupt
                0x24011d54        0x8 ../libDaisy/build/libdaisy.a(stm32h7xx_ll_usb.o)
                0x24011d54                USB_HC_ReadInterrupt
 .text.USB_HC_Halt
                0x24011d5c       0xc0 ../libDaisy/build/libdaisy.a(stm32h7xx_ll_usb.o)
                0x24011d5c                USB_HC_Halt
 .text.USB_StopHost
                0x24011e1c       0xe0 ../libDaisy/build/libdaisy.a(stm32h7xx_ll_usb.o)
                0x24011e1c                USB_StopHost
 .text.USBD_CDC_EP0_RxReady
                0x24011efc       0x34 ../libDaisy/build/libdaisy.a(usbd_cdc.o)
 .text.USBD_CDC_GetFSCfgDesc
                0x24011f30       0x28 ../libDaisy/build/libdaisy.a(usbd_cdc.o)
 .text.USBD_CDC_GetHSCfgDesc
                0x24011f58       0x28 ../libDaisy/build/libdaisy.a(usbd_cdc.o)
 .text.USBD_CDC_GetOtherSpeedCfgDesc
                0x24011f80       0x28 ../libDaisy/build/libdaisy.a(usbd_cdc.o)
 .text.USBD_CDC_GetDeviceQualifierDescriptor
                0x24011fa8       0x10 ../libDaisy/build/libdaisy.a(usbd_cdc.o)
                0x24011fa8                USBD_CDC_GetDeviceQualifierDescriptor
 .text.USBD_CDC_DataOut
                0x24011fb8       0x30 ../libDaisy/build/libdaisy.a(usbd_cdc.o)
 .text.USBD_CDC_DataIn
                0x24011fe8       0x4c ../libDaisy/build/libdaisy.a(usbd_cdc.o)
 .text.USBD_CDC_Setup
                0x24012034       0xbc ../libDaisy/build/libdaisy.a(usbd_cdc.o)
 .text.USBD_CDC_DeInit
                0x240120f0       0x44 ../libDaisy/build/libdaisy.a(usbd_cdc.o)
 .text.USBD_CDC_Init
                0x24012134       0x9c ../libDaisy/build/libdaisy.a(usbd_cdc.o)
 .text.USBD_CDC_RegisterInterface
                0x240121d0       0x14 ../libDaisy/build/libdaisy.a(usbd_cdc.o)
                0x240121d0                USBD_CDC_RegisterInterface
 .text.USBD_CDC_SetTxBuffer
                0x240121e4       0x14 ../libDaisy/build/libdaisy.a(usbd_cdc.o)
                0x240121e4                USBD_CDC_SetTxBuffer
 .text.USBD_CDC_SetRxBuffer
                0x240121f8       0x10 ../libDaisy/build/libdaisy.a(usbd_cdc.o)
                0x240121f8                USBD_CDC_SetRxBuffer
 .text.USBD_CDC_TransmitPacket
                0x24012208       0x34 ../libDaisy/build/libdaisy.a(usbd_cdc.o)
                0x24012208                USBD_CDC_TransmitPacket
 .text.USBD_CDC_ReceivePacket
                0x2401223c       0x30 ../libDaisy/build/libdaisy.a(usbd_cdc.o)
                0x2401223c                USBD_CDC_ReceivePacket
 .text.USBD_Init
                0x2401226c       0x44 ../libDaisy/build/libdaisy.a(usbd_core.o)
                0x2401226c                USBD_Init
 .text.USBD_RegisterClass
                0x240122b0       0x30 ../libDaisy/build/libdaisy.a(usbd_core.o)
                0x240122b0                USBD_RegisterClass
 .text.USBD_Start
                0x240122e0        0xc ../libDaisy/build/libdaisy.a(usbd_core.o)
                0x240122e0                USBD_Start
 .text.USBD_SetClassConfig
                0x240122ec       0x1c ../libDaisy/build/libdaisy.a(usbd_core.o)
                0x240122ec                USBD_SetClassConfig
 .text.USBD_ClrClassConfig
                0x24012308       0x10 ../libDaisy/build/libdaisy.a(usbd_core.o)
                0x24012308                USBD_ClrClassConfig
 .text.USBD_LL_SetupStage
                0x24012318       0x68 ../libDaisy/build/libdaisy.a(usbd_core.o)
                0x24012318                USBD_LL_SetupStage
 .text.USBD_LL_DataOutStage
                0x24012380       0x80 ../libDaisy/build/libdaisy.a(usbd_core.o)
                0x24012380                USBD_LL_DataOutStage
 .text.USBD_LL_DataInStage
                0x24012400       0xd4 ../libDaisy/build/libdaisy.a(usbd_core.o)
                0x24012400                USBD_LL_DataInStage
 .text.USBD_LL_Reset
                0x240124d4       0x50 ../libDaisy/build/libdaisy.a(usbd_core.o)
                0x240124d4                USBD_LL_Reset
 .text.USBD_LL_SetSpeed
                0x24012524        0x8 ../libDaisy/build/libdaisy.a(usbd_core.o)
                0x24012524                USBD_LL_SetSpeed
 .text.USBD_LL_Suspend
                0x2401252c       0x14 ../libDaisy/build/libdaisy.a(usbd_core.o)
                0x2401252c                USBD_LL_Suspend
 .text.USBD_LL_Resume
                0x24012540       0x10 ../libDaisy/build/libdaisy.a(usbd_core.o)
                0x24012540                USBD_LL_Resume
 .text.USBD_LL_SOF
                0x24012550       0x1c ../libDaisy/build/libdaisy.a(usbd_core.o)
                0x24012550                USBD_LL_SOF
 .text.USBD_LL_IsoINIncomplete
                0x2401256c        0x4 ../libDaisy/build/libdaisy.a(usbd_core.o)
                0x2401256c                USBD_LL_IsoINIncomplete
 .text.USBD_LL_IsoOUTIncomplete
                0x24012570        0x4 ../libDaisy/build/libdaisy.a(usbd_core.o)
                0x24012570                USBD_LL_IsoOUTIncomplete
 .text.USBD_LL_DevConnected
                0x24012574        0x4 ../libDaisy/build/libdaisy.a(usbd_core.o)
                0x24012574                USBD_LL_DevConnected
 .text.USBD_LL_DevDisconnected
                0x24012578       0x18 ../libDaisy/build/libdaisy.a(usbd_core.o)
                0x24012578                USBD_LL_DevDisconnected
 .text.USBD_StdDevReq
                0x24012590      0x308 ../libDaisy/build/libdaisy.a(usbd_ctlreq.o)
                0x24012590                USBD_StdDevReq
 .text.USBD_StdItfReq
                0x24012898       0x70 ../libDaisy/build/libdaisy.a(usbd_ctlreq.o)
                0x24012898                USBD_StdItfReq
 .text.USBD_StdEPReq
                0x24012908      0x160 ../libDaisy/build/libdaisy.a(usbd_ctlreq.o)
                0x24012908                USBD_StdEPReq
 .text.USBD_ParseSetupRequest
                0x24012a68       0x18 ../libDaisy/build/libdaisy.a(usbd_ctlreq.o)
                0x24012a68                USBD_ParseSetupRequest
 .text.USBD_CtlError
                0x24012a80       0x18 ../libDaisy/build/libdaisy.a(usbd_ctlreq.o)
                0x24012a80                USBD_CtlError
 .text.USBD_GetString
                0x24012a98       0x64 ../libDaisy/build/libdaisy.a(usbd_ctlreq.o)
                0x24012a98                USBD_GetString
 .text.USBD_CtlSendData
                0x24012afc       0x1c ../libDaisy/build/libdaisy.a(usbd_ioreq.o)
                0x24012afc                USBD_CtlSendData
 .text.USBD_CtlContinueSendData
                0x24012b18       0x10 ../libDaisy/build/libdaisy.a(usbd_ioreq.o)
                0x24012b18                USBD_CtlContinueSendData
 .text.USBD_CtlPrepareRx
                0x24012b28       0x1c ../libDaisy/build/libdaisy.a(usbd_ioreq.o)
                0x24012b28                USBD_CtlPrepareRx
 .text.USBD_CtlContinueRx
                0x24012b44       0x10 ../libDaisy/build/libdaisy.a(usbd_ioreq.o)
                0x24012b44                USBD_CtlContinueRx
 .text.USBD_CtlSendStatus
                0x24012b54       0x18 ../libDaisy/build/libdaisy.a(usbd_ioreq.o)
                0x24012b54                USBD_CtlSendStatus
 .text.USBD_CtlReceiveStatus
                0x24012b6c       0x18 ../libDaisy/build/libdaisy.a(usbd_ioreq.o)
                0x24012b6c                USBD_CtlReceiveStatus
 .text.USBH_LL_IncTimer
                0x24012b84       0x20 ../libDaisy/build/libdaisy.a(usbh_core.o)
                0x24012b84                USBH_LL_IncTimer
 .text.USBH_LL_PortEnabled
                0x24012ba4        0x8 ../libDaisy/build/libdaisy.a(usbh_core.o)
                0x24012ba4                USBH_LL_PortEnabled
 .text.USBH_LL_PortDisabled
                0x24012bac        0x8 ../libDaisy/build/libdaisy.a(usbh_core.o)
                0x24012bac                USBH_LL_PortDisabled
 .text.USBH_LL_Connect
                0x24012bb4       0x18 ../libDaisy/build/libdaisy.a(usbh_core.o)
                0x24012bb4                USBH_LL_Connect
 .text.USBH_LL_Disconnect
                0x24012bcc       0x2c ../libDaisy/build/libdaisy.a(usbh_core.o)
                0x24012bcc                USBH_LL_Disconnect
 .text.USBH_FreePipe
                0x24012bf8       0x18 ../libDaisy/build/libdaisy.a(usbh_pipes.o)
                0x24012bf8                USBH_FreePipe
 .text._ZN5daisy3Led4InitE12dsy_gpio_pinbf
                0x24012c10       0x48 ../libDaisy/build/libdaisy.a(led.o)
                0x24012c10                daisy::Led::Init(dsy_gpio_pin, bool, float)
 .text._ZN5daisy3Led3SetEf
                0x24012c58       0x24 ../libDaisy/build/libdaisy.a(led.o)
                0x24012c58                daisy::Led::Set(float)
 .text._ZN5daisy3Led6UpdateEv
                0x24012c7c       0x50 ../libDaisy/build/libdaisy.a(led.o)
                0x24012c7c                daisy::Led::Update()
 .text._ZN5daisy6Random4InitEv
                0x24012ccc       0x3c ../libDaisy/build/libdaisy.a(rng.o)
                0x24012ccc                daisy::Random::Init()
 .text._ZN5daisy9SpiHandle4Impl7InitDmaEv
                0x24012d08       0xf4 ../libDaisy/build/libdaisy.a(spi.o)
                0x24012d08                daisy::SpiHandle::Impl::InitDma()
 .text._ZN5daisy9SpiHandle4Impl10StartDmaTxEPhjPFvPvEPFvS3_NS0_6ResultEES3_
                0x24012dfc       0x88 ../libDaisy/build/libdaisy.a(spi.o)
                0x24012dfc                daisy::SpiHandle::Impl::StartDmaTx(unsigned char*, unsigned int, void (*)(void*), void (*)(void*, daisy::SpiHandle::Result), void*)
 .text._ZN5daisy9SpiHandle4Impl10StartDmaRxEPhjPFvPvEPFvS3_NS0_6ResultEES3_
                0x24012e84       0x88 ../libDaisy/build/libdaisy.a(spi.o)
                0x24012e84                daisy::SpiHandle::Impl::StartDmaRx(unsigned char*, unsigned int, void (*)(void*), void (*)(void*, daisy::SpiHandle::Result), void*)
 .text._ZN5daisy9SpiHandle4Impl12StartDmaRxTxEPhS2_jPFvPvEPFvS3_NS0_6ResultEES3_
                0x24012f0c       0x84 ../libDaisy/build/libdaisy.a(spi.o)
                0x24012f0c                daisy::SpiHandle::Impl::StartDmaRxTx(unsigned char*, unsigned char*, unsigned int, void (*)(void*), void (*)(void*, daisy::SpiHandle::Result), void*)
 .text._ZN5daisy9SpiHandle4Impl8InitPinsEv
                0x24012f90      0x238 ../libDaisy/build/libdaisy.a(spi.o)
                0x24012f90                daisy::SpiHandle::Impl::InitPins()
 .text.HAL_SPI_MspInit
                0x240131c8      0x1a8 ../libDaisy/build/libdaisy.a(spi.o)
                0x240131c8                HAL_SPI_MspInit
 .text.dsy_spi_global_init
                0x24013370       0x60 ../libDaisy/build/libdaisy.a(spi.o)
                0x24013370                dsy_spi_global_init
 .text.SPI1_IRQHandler
                0x240133d0        0xc ../libDaisy/build/libdaisy.a(spi.o)
                0x240133d0                SPI1_IRQHandler
 .text.SPI2_IRQHandler
                0x240133dc        0xc ../libDaisy/build/libdaisy.a(spi.o)
                0x240133dc                SPI2_IRQHandler
 .text.SPI3_IRQHandler
                0x240133e8        0xc ../libDaisy/build/libdaisy.a(spi.o)
                0x240133e8                SPI3_IRQHandler
 .text.SPI4_IRQHandler
                0x240133f4        0xc ../libDaisy/build/libdaisy.a(spi.o)
                0x240133f4                SPI4_IRQHandler
 .text.SPI5_IRQHandler
                0x24013400        0xc ../libDaisy/build/libdaisy.a(spi.o)
                0x24013400                SPI5_IRQHandler
 .text.DMA2_Stream2_IRQHandler
                0x2401340c       0x40 ../libDaisy/build/libdaisy.a(spi.o)
                0x2401340c                DMA2_Stream2_IRQHandler
 .text.DMA2_Stream3_IRQHandler